Component: ARM Compiler 5.06 update 3 (build 300) Tool: armlink [4d35c9]

==============================================================================

Section Cross References

    main.o(.text) refers to tasks.o(.text) for xTaskGetTickCount
    main.o(.text) refers to printf1.o(i.__0printf$1) for __2printf
    main.o(.text) refers to utils.o(.text) for HwInit
    main.o(.text) refers to main.o(.data) for count
    queue.o(.text) refers to port.o(.text) for vPortEnterCritical
    queue.o(.text) refers to tasks.o(.text) for xTaskRemoveFromEventList
    queue.o(.text) refers to list.o(.text) for vListInitialise
    queue.o(.text) refers to heap_2.o(.text) for pvPortMalloc
    queue.o(.text) refers to memcpya.o(.text) for __aeabi_memcpy
    queue.o(.text) refers to queue.o(.bss) for xQueueRegistry
    tasks.o(.text) refers to list.o(.text) for vListInitialise
    tasks.o(.text) refers to port.o(.text) for vPortEnterCritical
    tasks.o(.text) refers to memseta.o(.text) for __aeabi_memset
    tasks.o(.text) refers to heap_2.o(.text) for pvPortMalloc
    tasks.o(.text) refers to tasks.o(.bss) for pxReadyTasksLists
    tasks.o(.text) refers to tasks.o(.data) for pxDelayedTaskList
    tasks.o(.text) refers to timers.o(.text) for xTimerCreateTimerTask
    timers.o(.text) refers to list.o(.text) for vListInsert
    timers.o(.text) refers to tasks.o(.text) for xTaskGetSchedulerState
    timers.o(.text) refers to queue.o(.text) for xQueueGenericSend
    timers.o(.text) refers to heap_2.o(.text) for vPortFree
    timers.o(.text) refers to port.o(.text) for vPortEnterCritical
    timers.o(.text) refers to timers.o(.data) for pxOverflowTimerList
    timers.o(.text) refers to timers.o(.bss) for xActiveTimerList1
    port.o(.emb_text) refers to tasks.o(.text) for vTaskSwitchContext
    port.o(.emb_text) refers to tasks.o(.data) for pxCurrentTCB
    port.o(.text) refers to port.o(.emb_text) for __asm___6_port_c_39a90d8d__prvEnableVFP
    port.o(.text) refers to tasks.o(.text) for xTaskIncrementTick
    port.o(.text) refers to port.o(.data) for uxCriticalNesting
    port.o(.text) refers to system_stm32f4xx_1.o(.data) for SystemCoreClock
    heap_2.o(.text) refers to tasks.o(.text) for vTaskSuspendAll
    heap_2.o(.text) refers to heap_2.o(.bss) for ucHeap
    heap_2.o(.text) refers to heap_2.o(.data) for xStart
    stm32f4xx_adc.o(.text) refers to stm32f4xx_rcc.o(.text) for RCC_APB2PeriphResetCmd
    stm32f4xx_dac.o(.text) refers to stm32f4xx_rcc.o(.text) for RCC_APB1PeriphResetCmd
    stm32f4xx_gpio.o(.text) refers to stm32f4xx_rcc.o(.text) for RCC_AHB1PeriphResetCmd
    stm32f4xx_i2c.o(.text) refers to stm32f4xx_rcc.o(.text) for RCC_APB1PeriphResetCmd
    stm32f4xx_pwr.o(.text) refers to stm32f4xx_rcc.o(.text) for RCC_APB1PeriphResetCmd
    stm32f4xx_rcc.o(.text) refers to stm32f4xx_rcc.o(.data) for APBAHBPrescTable
    stm32f4xx_spi.o(.text) refers to stm32f4xx_rcc.o(.text) for RCC_APB2PeriphResetCmd
    stm32f4xx_syscfg.o(.text) refers to stm32f4xx_rcc.o(.text) for RCC_APB2PeriphResetCmd
    stm32f4xx_tim.o(.text) refers to stm32f4xx_rcc.o(.text) for RCC_APB2PeriphResetCmd
    stm32f4xx_usart.o(.text) refers to stm32f4xx_rcc.o(.text) for RCC_APB2PeriphResetCmd
    stm32f4xx_wwdg.o(.text) refers to stm32f4xx_rcc.o(.text) for RCC_APB1PeriphResetCmd
    stm32f4_discovery_lis302dl.o(.text) refers to stm32f4xx_spi.o(.text) for SPI_I2S_GetFlagStatus
    stm32f4_discovery_lis302dl.o(.text) refers to stm32f4xx_gpio.o(.text) for GPIO_ResetBits
    stm32f4_discovery_lis302dl.o(.text) refers to stm32f4xx_rcc.o(.text) for RCC_APB2PeriphClockCmd
    stm32f4_discovery_lis302dl.o(.text) refers to stm32f4_discovery_lis302dl.o(.data) for LIS302DLTimeout
    stm32f4xx_it.o(.text) refers to stm32f4xx_usart.o(.text) for USART_ClearFlag
    stm32f4xx_it.o(.text) refers to stm32f4xx_it.o(.data) for uart2_cnt
    utils.o(.text) refers to stm32f4xx_rcc.o(.text) for RCC_APB1PeriphClockCmd
    utils.o(.text) refers to stm32f4xx_gpio.o(.text) for GPIO_PinAFConfig
    utils.o(.text) refers to stm32f4xx_usart.o(.text) for USART_ClockStructInit
    utils.o(.text) refers to system_stm32f4xx_1.o(.text) for SystemCoreClockUpdate
    utils.o(.text) refers to stm32f4_discovery.o(.text) for STM_EVAL_LEDInit
    utils.o(.text) refers to stm32f4xx_tim.o(.text) for TIM_TimeBaseInit
    utils.o(.text) refers to utils.o(.constdata) for uc16PercentToPWM
    utils.o(.text) refers to system_stm32f4xx_1.o(.data) for SystemCoreClock
    utils.o(.text) refers to utils.o(.data) for PrescalerValue
    utils.o(.text) refers to utils.o(.bss) for TIM_TimeBaseStructure
    stm32f4_discovery.o(.text) refers to stm32f4xx_rcc.o(.text) for RCC_AHB1PeriphClockCmd
    stm32f4_discovery.o(.text) refers to stm32f4xx_gpio.o(.text) for GPIO_Init
    stm32f4_discovery.o(.text) refers to stm32f4xx_syscfg.o(.text) for SYSCFG_EXTILineConfig
    stm32f4_discovery.o(.text) refers to stm32f4xx_exti.o(.text) for EXTI_Init
[...]
    printf8.o(i.__0vprintf$8) refers to retarget.o(.text) for fputc
    printf8.o(i.__0vprintf$8) refers to retarget.o(.data) for __stdout
    printf8.o(i.__0vsnprintf$8) refers to printf8.o(i._printf_core) for _printf_core
    printf8.o(i.__0vsnprintf$8) refers to printf8.o(i._snputc) for _snputc
    printf8.o(i.__0vsprintf$8) refers to printf8.o(i._printf_core) for _printf_core
    printf8.o(i.__0vsprintf$8) refers to printf8.o(i._sputc) for _sputc
    printf8.o(i._printf_core) refers to printf8.o(i._printf_pre_padding) for _printf_pre_padding
    printf8.o(i._printf_core) refers to uldiv.o(.text) for __aeabi_uldivmod
    printf8.o(i._printf_core) refers to printf8.o(i._printf_post_padding) for _printf_post_padding
    printfa.o(i.__0fprintf) refers (Special) to iusefp.o(.text) for __I$use$fp
    printfa.o(i.__0fprintf) refers to printfa.o(i._printf_core) for _printf_core
    printfa.o(i.__0fprintf) refers to retarget.o(.text) for fputc
    printfa.o(i.__0printf) refers (Special) to iusefp.o(.text) for __I$use$fp
    printfa.o(i.__0printf) refers to printfa.o(i._printf_core) for _printf_core
    printfa.o(i.__0printf) refers to retarget.o(.text) for fputc
    printfa.o(i.__0printf) refers to retarget.o(.data) for __stdout
    printfa.o(i.__0snprintf) refers (Special) to iusefp.o(.text) for __I$use$fp
    printfa.o(i.__0snprintf) refers to printfa.o(i._printf_core) for _printf_core
    printfa.o(i.__0snprintf) refers to printfa.o(i._snputc) for _snputc
    printfa.o(i.__0sprintf) refers (Special) to iusefp.o(.text) for __I$use$fp
    printfa.o(i.__0sprintf) refers to printfa.o(i._printf_core) for _printf_core
    printfa.o(i.__0sprintf) refers to printfa.o(i._sputc) for _sputc
    printfa.o(i.__0vfprintf) refers (Special) to iusefp.o(.text) for __I$use$fp
    printfa.o(i.__0vfprintf) refers to printfa.o(i._printf_core) for _printf_core
    printfa.o(i.__0vfprintf) refers to retarget.o(.text) for fputc
    printfa.o(i.__0vprintf) refers (Special) to iusefp.o(.text) for __I$use$fp
    printfa.o(i.__0vprintf) refers to printfa.o(i._printf_core) for _printf_core
    printfa.o(i.__0vprintf) refers to retarget.o(.text) for fputc
    printfa.o(i.__0vprintf) refers to retarget.o(.data) for __stdout
    printfa.o(i.__0vsnprintf) refers (Special) to iusefp.o(.text) for __I$use$fp
    printfa.o(i.__0vsnprintf) refers to printfa.o(i._printf_core) for _printf_core
    printfa.o(i.__0vsnprintf) refers to printfa.o(i._snputc) for _snputc
    printfa.o(i.__0vsprintf) refers (Special) to iusefp.o(.text) for __I$use$fp
    printfa.o(i.__0vsprintf) refers to printfa.o(i._printf_core) for _printf_core
    printfa.o(i.__0vsprintf) refers to printfa.o(i._sputc) for _sputc
    printfa.o(i._fp_digits) refers (Special) to iusefp.o(.text) for __I$use$fp
    printfa.o(i._fp_digits) refers to dmul.o(.text) for __aeabi_dmul
    printfa.o(i._fp_digits) refers to ddiv.o(.text) for __aeabi_ddiv
    printfa.o(i._fp_digits) refers to cdrcmple.o(.text) for __aeabi_cdrcmple
    printfa.o(i._fp_digits) refers to dadd.o(.text) for __aeabi_dadd
    printfa.o(i._fp_digits) refers to dfixul.o(.text) for __aeabi_d2ulz
    printfa.o(i._fp_digits) refers to uldiv.o(.text) for __aeabi_uldivmod
    printfa.o(i._printf_core) refers (Special) to iusefp.o(.text) for __I$use$fp
    printfa.o(i._printf_core) refers to printfa.o(i._printf_pre_padding) for _printf_pre_padding
    printfa.o(i._printf_core) refers to uldiv.o(.text) for __aeabi_uldivmod
    printfa.o(i._printf_core) refers to printfa.o(i._printf_post_padding) for _printf_post_padding
    printfa.o(i._printf_core) refers to printfa.o(i._fp_digits) for _fp_digits
    printfa.o(i._printf_core) refers to uidiv.o(.text) for __aeabi_uidivmod
    printfa.o(i._printf_post_padding) refers (Special) to iusefp.o(.text) for __I$use$fp
    printfa.o(i._printf_pre_padding) refers (Special) to iusefp.o(.text) for __I$use$fp
    printfa.o(i._snputc) refers (Special) to iusefp.o(.text) for __I$use$fp
    printfa.o(i._sputc) refers (Special) to iusefp.o(.text) for __I$use$fp
    entry2.o(.ARM.Collect$$$$00000001) refers to entry2.o(.ARM.Collect$$$$00002712) for __lit__00000000
    entry2.o(.ARM.Collect$$$$00002712) refers to startup_stm32f407xx.o(STACK) for __initial_sp
    entry2.o(__vectab_stack_and_reset_area) refers to startup_stm32f407xx.o(STACK) for __initial_sp
    entry2.o(__vectab_stack_and_reset_area) refers to entry.o(.ARM.Collect$$$$00000000) for __main
    entry5.o(.ARM.Collect$$$$00000004) refers to init.o(.text) for __scatterload
    entry9a.o(.ARM.Collect$$$$0000000B) refers to main.o(.text) for main
    entry9b.o(.ARM.Collect$$$$0000000C) refers to main.o(.text) for main
    uldiv.o(.text) refers to llushr.o(.text) for __aeabi_llsr
    uldiv.o(.text) refers to llshl.o(.text) for __aeabi_llsl
    dadd.o(.text) refers to llshl.o(.text) for __aeabi_llsl
    dadd.o(.text) refers to llsshr.o(.text) for __aeabi_lasr
    dadd.o(.text) refers to depilogue.o(.text) for _double_epilogue
    dmul.o(.text) refers to depilogue.o(.text) for _double_epilogue
    ddiv.o(.text) refers to depilogue.o(.text) for _double_round
    dfixul.o(.text) refers to llushr.o(.text) for __aeabi_llsr
    dfixul.o(.text) refers to llshl.o(.text) for __aeabi_llsl
    init.o(.text) refers to entry5.o(.ARM.Collect$$$$00000004) for __main_after_scatterload
    depilogue.o(.text) refers to llshl.o(.text) for __aeabi_llsl
    depilogue.o(.text) refers to llushr.o(.text) for __aeabi_llsr


==============================================================================

Removing Unused input sections from the image.

    Removing main.o(.emb_text), (8 bytes).
    Removing croutine.o(.emb_text), (8 bytes).
    Removing list.o(.emb_text), (8 bytes).
    Removing queue.o(.emb_text), (8 bytes).
    Removing tasks.o(.emb_text), (8 bytes).
    Removing timers.o(.emb_text), (8 bytes).
    Removing heap_2.o(.emb_text), (8 bytes).
    Removing misc.o(.emb_text), (8 bytes).
    Removing stm32f4xx_adc.o(.emb_text), (8 bytes).
    Removing stm32f4xx_adc.o(.text), (1124 bytes).
    Removing stm32f4xx_dac.o(.emb_text), (8 bytes).
    Removing stm32f4xx_dac.o(.text), (528 bytes).
    Removing stm32f4xx_dbgmcu.o(.emb_text), (8 bytes).
    Removing stm32f4xx_dbgmcu.o(.text), (100 bytes).
    Removing stm32f4xx_gpio.o(.emb_text), (8 bytes).
    Removing stm32f4xx_i2c.o(.emb_text), (8 bytes).
    Removing stm32f4xx_i2c.o(.text), (1082 bytes).
    Removing stm32f4xx_pwr.o(.emb_text), (8 bytes).
    Removing stm32f4xx_pwr.o(.text), (224 bytes).
    Removing stm32f4xx_rcc.o(.emb_text), (8 bytes).
    Removing stm32f4xx_rtc.o(.emb_text), (8 bytes).
    Removing stm32f4xx_rtc.o(.text), (3380 bytes).
    Removing stm32f4xx_spi.o(.emb_text), (8 bytes).
    Removing stm32f4xx_spi.o(.text), (1046 bytes).
    Removing stm32f4xx_syscfg.o(.emb_text), (8 bytes).
    Removing stm32f4xx_tim.o(.emb_text), (8 bytes).
    Removing stm32f4xx_usart.o(.emb_text), (8 bytes).
    Removing stm32f4xx_wwdg.o(.emb_text), (8 bytes).
    Removing stm32f4xx_wwdg.o(.text), (144 bytes).
    Removing stm32f4xx_iwdg.o(.emb_text), (8 bytes).
    Removing stm32f4xx_iwdg.o(.text), (64 bytes).
    Removing stm32f4xx_exti.o(.emb_text), (8 bytes).
    Removing stm32f4_discovery_lis302dl.o(.emb_text), (8 bytes).
    Removing stm32f4_discovery_lis302dl.o(.text), (960 bytes).
    Removing stm32f4_discovery_lis302dl.o(.data), (4 bytes).
    Removing stm32f4xx_it.o(.emb_text), (8 bytes).
    Removing utils.o(.emb_text), (8 bytes).
    Removing stm32f4_discovery.o(.emb_text), (8 bytes).
    Removing retarget.o(.emb_text), (8 bytes).
    Removing startup_stm32f407xx.o(HEAP), (512 bytes).
    Removing system_stm32f4xx_1.o(.emb_text), (8 bytes).
    Removing dadd.o(.text), (334 bytes).
    Removing dmul.o(.text), (228 bytes).
    Removing ddiv.o(.text), (222 bytes).
    Removing dfixul.o(.text), (48 bytes).
    Removing cdrcmple.o(.text), (48 bytes).
    Removing depilogue.o(.text), (186 bytes).

47 unused section(s) (total 10466 bytes) removed from the image.

==============================================================================

Image Symbol Table

    Local Symbols

    Symbol Name                              Value     Ov Type        Size  Object(Section)

    ../clib/microlib/division.c              0x00000000   Number         0  uidiv.o ABSOLUTE
    ../clib/microlib/division.c              0x00000000   Number         0  uldiv.o ABSOLUTE
    ../clib/microlib/init/entry.s            0x00000000   Number         0  entry10a.o ABSOLUTE
    ../clib/microlib/init/entry.s            0x00000000   Number         0  entry9b.o ABSOLUTE
    ../clib/microlib/init/entry.s            0x00000000   Number         0  entry10b.o ABSOLUTE
    ../clib/microlib/init/entry.s            0x00000000   Number         0  entry11a.o ABSOLUTE
    ../clib/microlib/init/entry.s            0x00000000   Number         0  entry.o ABSOLUTE
    ../clib/microlib/init/entry.s            0x00000000   Number         0  entry2.o ABSOLUTE
    ../clib/microlib/init/entry.s            0x00000000   Number         0  entry5.o ABSOLUTE
    ../clib/microlib/init/entry.s            0x00000000   Number         0  entry11b.o ABSOLUTE
    ../clib/microlib/init/entry.s            0x00000000   Number         0  entry7a.o ABSOLUTE
    ../clib/microlib/init/entry.s            0x00000000   Number         0  entry7b.o ABSOLUTE
    ../clib/microlib/init/entry.s            0x00000000   Number         0  entry8a.o ABSOLUTE
    ../clib/microlib/init/entry.s            0x00000000   Number         0  entry8b.o ABSOLUTE
    ../clib/microlib/init/entry.s            0x00000000   Number         0  entry9a.o ABSOLUTE
    ../clib/microlib/longlong.c              0x00000000   Number         0  llsshr.o ABSOLUTE
    ../clib/microlib/longlong.c              0x00000000   Number         0  llushr.o ABSOLUTE
    ../clib/microlib/longlong.c              0x00000000   Number         0  llshl.o ABSOLUTE
    ../clib/microlib/printf/printf.c         0x00000000   Number         0  printf6.o ABSOLUTE
    ../clib/microlib/printf/printf.c         0x00000000   Number         0  printf5.o ABSOLUTE
    ../clib/microlib/printf/printf.c         0x00000000   Number         0  printf4.o ABSOLUTE
    ../clib/microlib/printf/printf.c         0x00000000   Number         0  printf3.o ABSOLUTE
    ../clib/microlib/printf/printf.c         0x00000000   Number         0  printf1.o ABSOLUTE
    ../clib/microlib/printf/printf.c         0x00000000   Number         0  printf0.o ABSOLUTE
    ../clib/microlib/printf/printf.c         0x00000000   Number         0  printfb.o ABSOLUTE
    ../clib/microlib/printf/printf.c         0x00000000   Number         0  printf7.o ABSOLUTE
    ../clib/microlib/printf/printf.c         0x00000000   Number         0  printf2.o ABSOLUTE
    ../clib/microlib/printf/printf.c         0x00000000   Number         0  printfa.o ABSOLUTE
    ../clib/microlib/printf/printf.c         0x00000000   Number         0  printf8.o ABSOLUTE
    ../clib/microlib/printf/stubs.s          0x00000000   Number         0  stubs.o ABSOLUTE
    ../clib/microlib/string/memcpy.c         0x00000000   Number         0  memcpya.o ABSOLUTE
    ../clib/microlib/string/memcpy.c         0x00000000   Number         0  memcpyb.o ABSOLUTE
    ../clib/microlib/string/memset.c         0x00000000   Number         0  memseta.o ABSOLUTE
    ../clib/microlib/stubs.s                 0x00000000   Number         0  useno.o ABSOLUTE
    ../clib/microlib/stubs.s                 0x00000000   Number         0  iusefp.o ABSOLUTE
    ../fplib/microlib/fpadd.c                0x00000000   Number         0  dadd.o ABSOLUTE
    ../fplib/microlib/fpdiv.c                0x00000000   Number         0  ddiv.o ABSOLUTE
    ../fplib/microlib/fpepilogue.c           0x00000000   Number         0  depilogue.o ABSOLUTE
    ../fplib/microlib/fpfix.c                0x00000000   Number         0  dfixul.o ABSOLUTE
    ../fplib/microlib/fpmul.c                0x00000000   Number         0  dmul.o ABSOLUTE
    Libraries\STM32F4xx_StdPeriph_Driver\src\misc.c 0x00000000   Number         0  misc.o ABSOLUTE
    Libraries\STM32F4xx_StdPeriph_Driver\src\stm32f4_discovery.c 0x00000000   Number         0  stm32f4_discovery.o ABSOLUTE
    Libraries\STM32F4xx_StdPeriph_Driver\src\stm32f4xx_adc.c 0x00000000   Number         0  stm32f4xx_adc.o ABSOLUTE
    Libraries\STM32F4xx_StdPeriph_Driver\src\stm32f4xx_dac.c 0x00000000   Number         0  stm32f4xx_dac.o ABSOLUTE
    Libraries\STM32F4xx_StdPeriph_Driver\src\stm32f4xx_dbgmcu.c 0x00000000   Number         0  stm32f4xx_dbgmcu.o ABSOLUTE
    Libraries\STM32F4xx_StdPeriph_Driver\src\stm32f4xx_exti.c 0x00000000   Number         0  stm32f4xx_exti.o ABSOLUTE
    Libraries\STM32F4xx_StdPeriph_Driver\src\stm32f4xx_gpio.c 0x00000000   Number         0  stm32f4xx_gpio.o ABSOLUTE
    Libraries\STM32F4xx_StdPeriph_Driver\src\stm32f4xx_i2c.c 0x00000000   Number         0  stm32f4xx_i2c.o ABSOLUTE
    Libraries\STM32F4xx_StdPeriph_Driver\src\stm32f4xx_iwdg.c 0x00000000   Number         0  stm32f4xx_iwdg.o ABSOLUTE
    Libraries\STM32F4xx_StdPeriph_Driver\src\stm32f4xx_pwr.c 0x00000000   Number         0  stm32f4xx_pwr.o ABSOLUTE
    Libraries\STM32F4xx_StdPeriph_Driver\src\stm32f4xx_rcc.c 0x00000000   Number         0  stm32f4xx_rcc.o ABSOLUTE
    Libraries\STM32F4xx_StdPeriph_Driver\src\stm32f4xx_rtc.c 0x00000000   Number         0  stm32f4xx_rtc.o ABSOLUTE
    Libraries\STM32F4xx_StdPeriph_Driver\src\stm32f4xx_spi.c 0x00000000   Number         0  stm32f4xx_spi.o ABSOLUTE
    Libraries\STM32F4xx_StdPeriph_Driver\src\stm32f4xx_syscfg.c 0x00000000   Number         0  stm32f4xx_syscfg.o ABSOLUTE
    Libraries\STM32F4xx_StdPeriph_Driver\src\stm32f4xx_tim.c 0x00000000   Number         0  stm32f4xx_tim.o ABSOLUTE
    Libraries\STM32F4xx_StdPeriph_Driver\src\stm32f4xx_usart.c 0x00000000   Number         0  stm32f4xx_usart.o ABSOLUTE
    Libraries\STM32F4xx_StdPeriph_Driver\src\stm32f4xx_wwdg.c 0x00000000   Number         0  stm32f4xx_wwdg.o ABSOLUTE
    Libraries\\STM32F4xx_StdPeriph_Driver\\src\\misc.c 0x00000000   Number         0  misc.o ABSOLUTE
    Libraries\\STM32F4xx_StdPeriph_Driver\\src\\stm32f4_discovery.c 0x00000000   Number         0  stm32f4_discovery.o ABSOLUTE
    Libraries\\STM32F4xx_StdPeriph_Driver\\src\\stm32f4xx_adc.c 0x00000000   Number         0  stm32f4xx_adc.o ABSOLUTE
    Libraries\\STM32F4xx_StdPeriph_Driver\\src\\stm32f4xx_dac.c 0x00000000   Number         0  stm32f4xx_dac.o ABSOLUTE
    Libraries\\STM32F4xx_StdPeriph_Driver\\src\\stm32f4xx_dbgmcu.c 0x00000000   Number         0  stm32f4xx_dbgmcu.o ABSOLUTE
    Libraries\\STM32F4xx_StdPeriph_Driver\\src\\stm32f4xx_exti.c 0x00000000   Number         0  stm32f4xx_exti.o ABSOLUTE
    Libraries\\STM32F4xx_StdPeriph_Driver\\src\\stm32f4xx_gpio.c 0x00000000   Number         0  stm32f4xx_gpio.o ABSOLUTE
    Libraries\\STM32F4xx_StdPeriph_Driver\\src\\stm32f4xx_i2c.c 0x00000000   Number         0  stm32f4xx_i2c.o ABSOLUTE
    Libraries\\STM32F4xx_StdPeriph_Driver\\src\\stm32f4xx_iwdg.c 0x00000000   Number         0  stm32f4xx_iwdg.o ABSOLUTE
    Libraries\\STM32F4xx_StdPeriph_Driver\\src\\stm32f4xx_pwr.c 0x00000000   Number         0  stm32f4xx_pwr.o ABSOLUTE
    Libraries\\STM32F4xx_StdPeriph_Driver\\src\\stm32f4xx_rcc.c 0x00000000   Number         0  stm32f4xx_rcc.o ABSOLUTE
    Libraries\\STM32F4xx_StdPeriph_Driver\\src\\stm32f4xx_rtc.c 0x00000000   Number         0  stm32f4xx_rtc.o ABSOLUTE
    Libraries\\STM32F4xx_StdPeriph_Driver\\src\\stm32f4xx_spi.c 0x00000000   Number         0  stm32f4xx_spi.o ABSOLUTE
    Libraries\\STM32F4xx_StdPeriph_Driver\\src\\stm32f4xx_syscfg.c 0x00000000   Number         0  stm32f4xx_syscfg.o ABSOLUTE
    Libraries\\STM32F4xx_StdPeriph_Driver\\src\\stm32f4xx_tim.c 0x00000000   Number         0  stm32f4xx_tim.o ABSOLUTE
    Libraries\\STM32F4xx_StdPeriph_Driver\\src\\stm32f4xx_usart.c 0x00000000   Number         0  stm32f4xx_usart.o ABSOLUTE
    Libraries\\STM32F4xx_StdPeriph_Driver\\src\\stm32f4xx_wwdg.c 0x00000000   Number         0  stm32f4xx_wwdg.o ABSOLUTE
    RTE\Device\STM32F407VG\startup_stm32f407xx.s 0x00000000   Number         0  startup_stm32f407xx.o ABSOLUTE
    RTE\Device\STM32F407VG\system_stm32f4xx.c 0x00000000   Number         0  system_stm32f4xx_1.o ABSOLUTE
    RTE\\Device\\STM32F407VG\\system_stm32f4xx.c 0x00000000   Number         0  system_stm32f4xx_1.o ABSOLUTE
    cdrcmple.s                               0x00000000   Number         0  cdrcmple.o ABSOLUTE
    dc.s                                     0x00000000   Number         0  dc.o ABSOLUTE
    handlers.s                               0x00000000   Number         0  handlers.o ABSOLUTE
    init.s                                   0x00000000   Number         0  init.o ABSOLUTE
    src\FreeRTOS\croutine.c                  0x00000000   Number         0  croutine.o ABSOLUTE
    src\FreeRTOS\list.c                      0x00000000   Number         0  list.o ABSOLUTE
    src\FreeRTOS\portable\MemMang\heap_2.c   0x00000000   Number         0  heap_2.o ABSOLUTE
    src\FreeRTOS\portable\RVDS\ARM_CM4F\port.c 0x00000000   Number         0  port.o ABSOLUTE
    src\FreeRTOS\queue.c                     0x00000000   Number         0  queue.o ABSOLUTE
    src\FreeRTOS\tasks.c                     0x00000000   Number         0  tasks.o ABSOLUTE
    src\FreeRTOS\timers.c                    0x00000000   Number         0  timers.o ABSOLUTE
    src\\FreeRTOS\\croutine.c                0x00000000   Number         0  croutine.o ABSOLUTE
    src\\FreeRTOS\\list.c                    0x00000000   Number         0  list.o ABSOLUTE
    src\\FreeRTOS\\portable\\MemMang\\heap_2.c 0x00000000   Number         0  heap_2.o ABSOLUTE
    src\\FreeRTOS\\portable\\RVDS\\ARM_CM4F\\port.c 0x00000000   Number         0  port.o ABSOLUTE
    src\\FreeRTOS\\queue.c                   0x00000000   Number         0  queue.o ABSOLUTE
    src\\FreeRTOS\\tasks.c                   0x00000000   Number         0  tasks.o ABSOLUTE
    src\\FreeRTOS\\timers.c                  0x00000000   Number         0  timers.o ABSOLUTE
    src\\main.c                              0x00000000   Number         0  main.o ABSOLUTE
    src\\retarget.c                          0x00000000   Number         0  retarget.o ABSOLUTE
    src\\stm32f4_discovery_lis302dl.c        0x00000000   Number         0  stm32f4_discovery_lis302dl.o ABSOLUTE
    src\\stm32f4xx_it.c                      0x00000000   Number         0  stm32f4xx_it.o ABSOLUTE
    src\\utils.c                             0x00000000   Number         0  utils.o ABSOLUTE
    src\main.c                               0x00000000   Number         0  main.o ABSOLUTE
    src\retarget.c                           0x00000000   Number         0  retarget.o ABSOLUTE
    src\stm32f4_discovery_lis302dl.c         0x00000000   Number         0  stm32f4_discovery_lis302dl.o ABSOLUTE
    src\stm32f4xx_it.c                       0x00000000   Number         0  stm32f4xx_it.o ABSOLUTE
    src\utils.c                              0x00000000   Number         0  utils.o ABSOLUTE
    RESET                                    0x08000000   Section      392  startup_stm32f407xx.o(RESET)
    .ARM.Collect$$$$00000000                 0x08000188   Section        0  entry.o(.ARM.Collect$$$$00000000)
    .ARM.Collect$$$$00000001                 0x08000188   Section        4  entry2.o(.ARM.Collect$$$$00000001)
    .ARM.Collect$$$$00000004                 0x0800018c   Section        4  entry5.o(.ARM.Collect$$$$00000004)
    .ARM.Collect$$$$00000008                 0x08000190   Section        0  entry7b.o(.ARM.Collect$$$$00000008)
    .ARM.Collect$$$$0000000A                 0x08000190   Section        0  entry8b.o(.ARM.Collect$$$$0000000A)
    .ARM.Collect$$$$0000000B                 0x08000190   Section        8  entry9a.o(.ARM.Collect$$$$0000000B)
    .ARM.Collect$$$$0000000D                 0x08000198   Section        0  entry10a.o(.ARM.Collect$$$$0000000D)
    .ARM.Collect$$$$0000000F                 0x08000198   Section        0  entry11a.o(.ARM.Collect$$$$0000000F)
    .ARM.Collect$$$$00002712                 0x08000198   Section        4  entry2.o(.ARM.Collect$$$$00002712)
    __lit__00000000                          0x08000198   Data           4  entry2.o(.ARM.Collect$$$$00002712)
    .emb_text                                0x0800019c   Section      190  port.o(.emb_text)
    $v0                                      0x0800019c   Number         0  port.o(.emb_text)
    .text                                    0x0800025c   Section        0  main.o(.text)
    .text                                    0x08000314   Section        0  list.o(.text)
    .text                                    0x080003a8   Section        0  queue.o(.text)
    prvInitialiseNewQueue                    0x0800043b   Thumb Code    42  queue.o(.text)
    prvUnlockQueue                           0x080004bd   Thumb Code   126  queue.o(.text)
    prvIsQueueFull                           0x0800053b   Thumb Code    30  queue.o(.text)
    prvCopyDataToQueue                       0x08000559   Thumb Code   124  queue.o(.text)
    prvInitialiseMutex                       0x08000779   Thumb Code    28  queue.o(.text)
    prvIsQueueEmpty                          0x08000803   Thumb Code    26  queue.o(.text)
    prvCopyDataFromQueue                     0x0800081d   Thumb Code    42  queue.o(.text)
    .text                                    0x08000fd8   Section        0  tasks.o(.text)
    prvInitialiseTaskLists                   0x08000fd9   Thumb Code    70  tasks.o(.text)
    prvAddNewTaskToReadyList                 0x0800101f   Thumb Code   156  tasks.o(.text)
    prvInitialiseNewTask                     0x080010bb   Thumb Code   180  tasks.o(.text)
    prvResetNextTaskUnblockTime              0x080011cf   Thumb Code    42  tasks.o(.text)
    prvDeleteTCB                             0x080011f9   Thumb Code    18  tasks.o(.text)
    prvAddCurrentTaskToDelayedList           0x0800151b   Thumb Code   124  tasks.o(.text)
    prvTaskIsTaskSuspended                   0x08001a05   Thumb Code    80  tasks.o(.text)
    prvCheckTasksWaitingTermination          0x08001b73   Thumb Code    86  tasks.o(.text)
    prvIdleTask                              0x08001bc9   Thumb Code    32  tasks.o(.text)
    prvTaskCheckFreeStackSpace               0x08001d11   Thumb Code    22  tasks.o(.text)
    prvListTasksWithinSingleList             0x08001d99   Thumb Code   106  tasks.o(.text)
    .text                                    0x0800279c   Section        0  timers.o(.text)
    prvInsertTimerInActiveList               0x0800279d   Thumb Code    80  timers.o(.text)
    prvSwitchTimerLists                      0x0800286b   Thumb Code   150  timers.o(.text)
    prvSampleTimeNow                         0x08002901   Thumb Code    40  timers.o(.text)
    prvProcessReceivedCommands               0x08002929   Thumb Code   242  timers.o(.text)
    prvProcessExpiredTimer                   0x08002a1b   Thumb Code    94  timers.o(.text)
    prvProcessTimerOrBlockTask               0x08002a79   Thumb Code   102  timers.o(.text)
    prvGetNextExpireTime                     0x08002adf   Thumb Code    36  timers.o(.text)
    prvTimerTask                             0x08002b03   Thumb Code    26  timers.o(.text)
    prvCheckForValidListAndQueue             0x08002b1d   Thumb Code    72  timers.o(.text)
    prvInitialiseNewTimer                    0x08002bdd   Thumb Code    78  timers.o(.text)
    .text                                    0x08002d7c   Section        0  port.o(.text)
    prvTaskExitError                         0x08002d7d   Thumb Code    60  port.o(.text)
    .text                                    0x08003088   Section        0  heap_2.o(.text)
    prvHeapInit                              0x08003089   Thumb Code    38  heap_2.o(.text)
    .text                                    0x080031ac   Section        0  misc.o(.text)
    .text                                    0x0800328c   Section        0  stm32f4xx_gpio.o(.text)
    .text                                    0x080034ec   Section        0  stm32f4xx_rcc.o(.text)
    .text                                    0x08003a74   Section        0  stm32f4xx_syscfg.o(.text)
    .text                                    0x08003b00   Section        0  stm32f4xx_tim.o(.text)
    TI4_Config                               0x080042f7   Thumb Code    84  stm32f4xx_tim.o(.text)
    TI3_Config                               0x0800435d   Thumb Code    84  stm32f4xx_tim.o(.text)
    TI2_Config                               0x080043cb   Thumb Code    84  stm32f4xx_tim.o(.text)
    TI1_Config                               0x08004431   Thumb Code    62  stm32f4xx_tim.o(.text)
    .text                                    0x08004818   Section        0  stm32f4xx_usart.o(.text)
    .text                                    0x08004c44   Section        0  stm32f4xx_exti.o(.text)
    .text                                    0x08004d60   Section        0  stm32f4xx_it.o(.text)
    .text                                    0x08004d94   Section        0  utils.o(.text)
    .text                                    0x080050c8   Section        0  stm32f4_discovery.o(.text)
    .text                                    0x0800520c   Section        0  retarget.o(.text)
    .text                                    0x0800524c   Section       36  startup_stm32f407xx.o(.text)
    $v0                                      0x0800524c   Number         0  startup_stm32f407xx.o(.text)
    .text                                    0x08005270   Section        0  system_stm32f4xx_1.o(.text)
    .text                                    0x08005390   Section        0  memcpya.o(.text)
    .text                                    0x080053b4   Section        0  memseta.o(.text)
    .text                                    0x080053d8   Section        0  uidiv.o(.text)
    .text                                    0x08005404   Section       36  init.o(.text)
    i.__0printf$1                            0x08005428   Section        0  printf1.o(i.__0printf$1)
    i.__scatterload_copy                     0x08005448   Section       14  handlers.o(i.__scatterload_copy)
    i.__scatterload_null                     0x08005456   Section        2  handlers.o(i.__scatterload_null)
    i.__scatterload_zeroinit                 0x08005458   Section       14  handlers.o(i.__scatterload_zeroinit)
    i._printf_core                           0x08005468   Section        0  printf1.o(i._printf_core)
    _printf_core                             0x08005469   Thumb Code   336  printf1.o(i._printf_core)
    .constdata                               0x080055bc   Section      202  utils.o(.constdata)
    .constdata                               0x08005688   Section       37  stm32f4_discovery.o(.constdata)
    .constdata                               0x080056ad   Section       16  system_stm32f4xx_1.o(.constdata)
    .data                                    0x20000000   Section       12  main.o(.data)
    count                                    0x20000008   Data           4  main.o(.data)
    .data                                    0x2000000c   Section       60  tasks.o(.data)
    pxDelayedTaskList                        0x20000010   Data           4  tasks.o(.data)
    pxOverflowDelayedTaskList                0x20000014   Data           4  tasks.o(.data)
    uxDeletedTasksWaitingCleanUp             0x20000018   Data           4  tasks.o(.data)
    uxCurrentNumberOfTasks                   0x2000001c   Data           4  tasks.o(.data)
    xTickCount                               0x20000020   Data           4  tasks.o(.data)
    uxTopReadyPriority                       0x20000024   Data           4  tasks.o(.data)
    xSchedulerRunning                        0x20000028   Data           4  tasks.o(.data)
    uxPendedTicks                            0x2000002c   Data           4  tasks.o(.data)
    xYieldPending                            0x20000030   Data           4  tasks.o(.data)
    xNumOfOverflows                          0x20000034   Data           4  tasks.o(.data)
    uxTaskNumber                             0x20000038   Data           4  tasks.o(.data)
    xNextTaskUnblockTime                     0x2000003c   Data           4  tasks.o(.data)
    xIdleTaskHandle                          0x20000040   Data           4  tasks.o(.data)
    uxSchedulerSuspended                     0x20000044   Data           4  tasks.o(.data)
    .data                                    0x20000048   Section       20  timers.o(.data)
    pxCurrentTimerList                       0x20000048   Data           4  timers.o(.data)
    pxOverflowTimerList                      0x2000004c   Data           4  timers.o(.data)
    xTimerQueue                              0x20000050   Data           4  timers.o(.data)
    xTimerTaskHandle                         0x20000054   Data           4  timers.o(.data)
    xLastTime                                0x20000058   Data           4  timers.o(.data)
    .data                                    0x2000005c   Section       12  port.o(.data)
    uxCriticalNesting                        0x2000005c   Data           4  port.o(.data)
    ucMaxSysCallPriority                     0x20000060   Data           1  port.o(.data)
    ulMaxPRIGROUPValue                       0x20000064   Data           4  port.o(.data)
    .data                                    0x20000068   Section       24  heap_2.o(.data)
    xStart                                   0x20000068   Data           8  heap_2.o(.data)
    xEnd                                     0x20000070   Data           8  heap_2.o(.data)
    xFreeBytesRemaining                      0x20000078   Data           4  heap_2.o(.data)
    xHeapHasBeenInitialised                  0x2000007c   Data           4  heap_2.o(.data)
    .data                                    0x20000080   Section       16  stm32f4xx_rcc.o(.data)
    APBAHBPrescTable                         0x20000080   Data          16  stm32f4xx_rcc.o(.data)
    .data                                    0x20000090   Section        2  stm32f4xx_it.o(.data)
    .data                                    0x20000092   Section       10  utils.o(.data)
    .data                                    0x2000009c   Section       24  stm32f4_discovery.o(.data)
    .data                                    0x200000b4   Section        4  retarget.o(.data)
    .data                                    0x200000b8   Section        4  system_stm32f4xx_1.o(.data)
    .bss                                     0x200000bc   Section       64  queue.o(.bss)
    .bss                                     0x200000fc   Section      200  tasks.o(.bss)
    pxReadyTasksLists                        0x200000fc   Data         100  tasks.o(.bss)
    xDelayedTaskList1                        0x20000160   Data          20  tasks.o(.bss)
    xDelayedTaskList2                        0x20000174   Data          20  tasks.o(.bss)
    xPendingReadyList                        0x20000188   Data          20  tasks.o(.bss)
    xTasksWaitingTermination                 0x2000019c   Data          20  tasks.o(.bss)
    xSuspendedTaskList                       0x200001b0   Data          20  tasks.o(.bss)
    .bss                                     0x200001c4   Section       40  timers.o(.bss)
    xActiveTimerList1                        0x200001c4   Data          20  timers.o(.bss)
    xActiveTimerList2                        0x200001d8   Data          20  timers.o(.bss)
    .bss                                     0x200001ec   Section    76800  heap_2.o(.bss)
    ucHeap                                   0x200001ec   Data       76800  heap_2.o(.bss)
    .bss                                     0x20012dec   Section       32  utils.o(.bss)
    STACK                                    0x20012e10   Section     1024  startup_stm32f407xx.o(STACK)

    Global Symbols

    Symbol Name                              Value     Ov Type        Size  Object(Section)

    BuildAttributes$$THM_ISAv4$E$P$D$K$B$S$7EM$VFPi3$EXTD16$VFPS$VFMA$PE$A:L22UL41UL21$X:L11$S22US41US21$IEEE1$IW$USESV6$~STKCKD$USESV7$~SHL$OSPACE$ROPI$EBA8$MICROLIB$REQ8$PRES8$EABIv2 0x00000000   Number         0  anon$$obj.o ABSOLUTE
    __ARM_use_no_argv                        0x00000000   Number         0  main.o ABSOLUTE
    __use_no_errno                           0x00000000   Number         0  useno.o ABSOLUTE
    __use_no_exception_handling              0x00000000   Number         0  useno.o ABSOLUTE
    __use_no_fp                              0x00000000   Number         0  useno.o ABSOLUTE
    __use_no_heap                            0x00000000   Number         0  useno.o ABSOLUTE
    __use_no_heap_region                     0x00000000   Number         0  useno.o ABSOLUTE
    __use_no_semihosting                     0x00000000   Number         0  useno.o ABSOLUTE
    __use_no_semihosting_swi                 0x00000000   Number         0  useno.o ABSOLUTE
    __use_no_signal_handling                 0x00000000   Number         0  useno.o ABSOLUTE
    _printf_a                                0x00000000   Number         0  stubs.o ABSOLUTE
    _printf_c                                0x00000000   Number         0  stubs.o ABSOLUTE
    _printf_charcount                        0x00000000   Number         0  stubs.o ABSOLUTE
    _printf_d                                0x00000000   Number         0  stubs.o ABSOLUTE
    _printf_e                                0x00000000   Number         0  stubs.o ABSOLUTE
    _printf_f                                0x00000000   Number         0  stubs.o ABSOLUTE
    _printf_flags                            0x00000000   Number         0  stubs.o ABSOLUTE
    _printf_fp_dec                           0x00000000   Number         0  stubs.o ABSOLUTE
    _printf_fp_hex                           0x00000000   Number         0  stubs.o ABSOLUTE
    _printf_g                                0x00000000   Number         0  stubs.o ABSOLUTE
    _printf_i                                0x00000000   Number         0  stubs.o ABSOLUTE
    _printf_int_dec                          0x00000000   Number         0  stubs.o ABSOLUTE
    _printf_l                                0x00000000   Number         0  stubs.o ABSOLUTE
    _printf_lc                               0x00000000   Number         0  stubs.o ABSOLUTE
    _printf_ll                               0x00000000   Number         0  stubs.o ABSOLUTE
    _printf_lld                              0x00000000   Number         0  stubs.o ABSOLUTE
    _printf_lli                              0x00000000   Number         0  stubs.o ABSOLUTE
    _printf_llo                              0x00000000   Number         0  stubs.o ABSOLUTE
    _printf_llu                              0x00000000   Number         0  stubs.o ABSOLUTE
    _printf_llx                              0x00000000   Number         0  stubs.o ABSOLUTE
    _printf_longlong_dec                     0x00000000   Number         0  stubs.o ABSOLUTE
    _printf_longlong_hex                     0x00000000   Number         0  stubs.o ABSOLUTE
    _printf_longlong_oct                     0x00000000   Number         0  stubs.o ABSOLUTE
    _printf_ls                               0x00000000   Number         0  stubs.o ABSOLUTE
    _printf_mbtowc                           0x00000000   Number         0  stubs.o ABSOLUTE
    _printf_n                                0x00000000   Number         0  stubs.o ABSOLUTE
    _printf_o                                0x00000000   Number         0  stubs.o ABSOLUTE
    _printf_p                                0x00000000   Number         0  stubs.o ABSOLUTE
    _printf_percent                          0x00000000   Number         0  stubs.o ABSOLUTE
    _printf_pre_padding                      0x00000000   Number         0  stubs.o ABSOLUTE
    _printf_return_value                     0x00000000   Number         0  stubs.o ABSOLUTE
    _printf_s                                0x00000000   Number         0  stubs.o ABSOLUTE
    _printf_sizespec                         0x00000000   Number         0  stubs.o ABSOLUTE
    _printf_str                              0x00000000   Number         0  stubs.o ABSOLUTE
    _printf_truncate_signed                  0x00000000   Number         0  stubs.o ABSOLUTE
    _printf_truncate_unsigned                0x00000000   Number         0  stubs.o ABSOLUTE
    _printf_u                                0x00000000   Number         0  stubs.o ABSOLUTE
    _printf_wc                               0x00000000   Number         0  stubs.o ABSOLUTE
    _printf_wctomb                           0x00000000   Number         0  stubs.o ABSOLUTE
    _printf_widthprec                        0x00000000   Number         0  stubs.o ABSOLUTE
    _printf_x                                0x00000000   Number         0  stubs.o ABSOLUTE
    __cpp_initialize__aeabi_                  - Undefined Weak Reference
    __cxa_finalize                            - Undefined Weak Reference
    __decompress                              - Undefined Weak Reference
    _clock_init                               - Undefined Weak Reference
    _microlib_exit                            - Undefined Weak Reference
    __Vectors_Size                           0x00000188   Number         0  startup_stm32f407xx.o ABSOLUTE
    __Vectors                                0x08000000   Data           4  startup_stm32f407xx.o(RESET)
    __Vectors_End                            0x08000188   Data           0  startup_stm32f407xx.o(RESET)
    __main                                   0x08000189   Thumb Code     0  entry.o(.ARM.Collect$$$$00000000)
    _main_stk                                0x08000189   Thumb Code     0  entry2.o(.ARM.Collect$$$$00000001)
    _main_scatterload                        0x0800018d   Thumb Code     0  entry5.o(.ARM.Collect$$$$00000004)
    __main_after_scatterload                 0x08000191   Thumb Code     0  entry5.o(.ARM.Collect$$$$00000004)
    _main_clock                              0x08000191   Thumb Code     0  entry7b.o(.ARM.Collect$$$$00000008)
    _main_cpp_init                           0x08000191   Thumb Code     0  entry8b.o(.ARM.Collect$$$$0000000A)
    _main_init                               0x08000191   Thumb Code     0  entry9a.o(.ARM.Collect$$$$0000000B)
    __rt_final_cpp                           0x08000199   Thumb Code     0  entry10a.o(.ARM.Collect$$$$0000000D)
    __rt_final_exit                          0x08000199   Thumb Code     0  entry11a.o(.ARM.Collect$$$$0000000F)
    __asm___6_port_c_39a90d8d____REV16       0x0800019d   Thumb Code     4  port.o(.emb_text)
    __asm___6_port_c_39a90d8d____REVSH       0x080001a1   Thumb Code     4  port.o(.emb_text)
    SVC_Handler                              0x080001a5   Thumb Code    28  port.o(.emb_text)
    __asm___6_port_c_39a90d8d__prvStartFirstTask 0x080001c5   Thumb Code    28  port.o(.emb_text)
    __asm___6_port_c_39a90d8d__prvEnableVFP  0x080001e5   Thumb Code    16  port.o(.emb_text)
    PendSV_Handler                           0x080001f9   Thumb Code    88  port.o(.emb_text)
    vPortGetIPSR                             0x08000255   Thumb Code     6  port.o(.emb_text)
    vTask2                                   0x0800025d   Thumb Code    38  main.o(.text)
    vTask1                                   0x08000283   Thumb Code    14  main.o(.text)
    main                                     0x08000291   Thumb Code    64  main.o(.text)
    vListInitialise                          0x08000315   Thumb Code    26  list.o(.text)
    vListInitialiseItem                      0x0800032f   Thumb Code     6  list.o(.text)
    vListInsertEnd                           0x08000335   Thumb Code    24  list.o(.text)
    vListInsert                              0x0800034d   Thumb Code    52  list.o(.text)
    uxListRemove                             0x08000381   Thumb Code    40  list.o(.text)
    xQueueGenericReset                       0x080003a9   Thumb Code   146  queue.o(.text)
    xQueueGenericCreate                      0x08000465   Thumb Code    88  queue.o(.text)
    xQueueGenericSend                        0x080005d5   Thumb Code   420  queue.o(.text)
    xQueueCreateMutex                        0x08000795   Thumb Code    34  queue.o(.text)
    xQueueGiveMutexRecursive                 0x080007b7   Thumb Code    76  queue.o(.text)
    xQueueGenericReceive                     0x08000847   Thumb Code   446  queue.o(.text)
    xQueueTakeMutexRecursive                 0x08000a05   Thumb Code    82  queue.o(.text)
    xQueueCreateCountingSemaphore            0x08000a57   Thumb Code    92  queue.o(.text)
    xQueueGenericSendFromISR                 0x08000ab3   Thumb Code   248  queue.o(.text)
    xQueueGiveFromISR                        0x08000bab   Thumb Code   224  queue.o(.text)
    xQueueReceiveFromISR                     0x08000c8b   Thumb Code   210  queue.o(.text)
    xQueuePeekFromISR                        0x08000d5d   Thumb Code   176  queue.o(.text)
    uxQueueMessagesWaiting                   0x08000e0d   Thumb Code    42  queue.o(.text)
    uxQueueSpacesAvailable                   0x08000e37   Thumb Code    48  queue.o(.text)
    uxQueueMessagesWaitingFromISR            0x08000e67   Thumb Code    30  queue.o(.text)
    vQueueUnregisterQueue                    0x08000e85   Thumb Code    44  queue.o(.text)
    vQueueDelete                             0x08000eb1   Thumb Code    44  queue.o(.text)
    uxQueueGetQueueNumber                    0x08000edd   Thumb Code     6  queue.o(.text)
    vQueueSetQueueNumber                     0x08000ee3   Thumb Code     4  queue.o(.text)
    ucQueueGetQueueType                      0x08000ee7   Thumb Code     8  queue.o(.text)
    xQueueIsQueueEmptyFromISR                0x08000eef   Thumb Code    38  queue.o(.text)
    xQueueIsQueueFullFromISR                 0x08000f15   Thumb Code    42  queue.o(.text)
    vQueueAddToRegistry                      0x08000f3f   Thumb Code    38  queue.o(.text)
    pcQueueGetName                           0x08000f65   Thumb Code    38  queue.o(.text)
    vQueueWaitForMessageRestricted           0x08000f8b   Thumb Code    74  queue.o(.text)
    xTaskCreate                              0x0800116f   Thumb Code    96  tasks.o(.text)
    vTaskDelete                              0x0800120b   Thumb Code   202  tasks.o(.text)
    xTaskIncrementTick                       0x080012d5   Thumb Code   358  tasks.o(.text)
    xTaskResumeAll                           0x0800143b   Thumb Code   224  tasks.o(.text)
    vTaskSuspendAll                          0x08001597   Thumb Code    12  tasks.o(.text)
    vTaskDelayUntil                          0x080015a3   Thumb Code   200  tasks.o(.text)
    vTaskDelay                               0x0800166b   Thumb Code    82  tasks.o(.text)
    eTaskGetState                            0x080016bd   Thumb Code   112  tasks.o(.text)
    uxTaskPriorityGet                        0x0800172d   Thumb Code    30  tasks.o(.text)
    uxTaskPriorityGetFromISR                 0x0800174b   Thumb Code    62  tasks.o(.text)
    vTaskPrioritySet                         0x08001789   Thumb Code   322  tasks.o(.text)
    vTaskSwitchContext                       0x080018cb   Thumb Code   118  tasks.o(.text)
    vTaskSuspend                             0x08001941   Thumb Code   196  tasks.o(.text)
    vTaskResume                              0x08001a55   Thumb Code   128  tasks.o(.text)
    xTaskResumeFromISR                       0x08001ad5   Thumb Code   158  tasks.o(.text)
    vTaskStartScheduler                      0x08001be9   Thumb Code   192  tasks.o(.text)
    vTaskEndScheduler                        0x08001ca9   Thumb Code    32  tasks.o(.text)
    xTaskGetTickCount                        0x08001cc9   Thumb Code     6  tasks.o(.text)
    xTaskGetTickCountFromISR                 0x08001ccf   Thumb Code    16  tasks.o(.text)
    uxTaskGetNumberOfTasks                   0x08001cdf   Thumb Code     6  tasks.o(.text)
    pcTaskGetName                            0x08001ce5   Thumb Code    44  tasks.o(.text)
    vTaskGetInfo                             0x08001d27   Thumb Code   114  tasks.o(.text)
    uxTaskGetSystemState                     0x08001e03   Thumb Code   152  tasks.o(.text)
    vTaskPlaceOnEventList                    0x08001e9b   Thumb Code    52  tasks.o(.text)
    vTaskPlaceOnUnorderedEventList           0x08001ecf   Thumb Code   100  tasks.o(.text)
    vTaskPlaceOnEventListRestricted          0x08001f33   Thumb Code    60  tasks.o(.text)
    xTaskRemoveFromEventList                 0x08001f6f   Thumb Code   128  tasks.o(.text)
    xTaskRemoveFromUnorderedEventList        0x08001fef   Thumb Code   154  tasks.o(.text)
    vTaskSetTimeOutState                     0x08002089   Thumb Code    90  tasks.o(.text)
    xTaskCheckForTimeOut                     0x080020e3   Thumb Code   132  tasks.o(.text)
    vTaskMissedYield                         0x08002167   Thumb Code     8  tasks.o(.text)
    uxTaskGetTaskNumber                      0x0800216f   Thumb Code    14  tasks.o(.text)
    vTaskSetTaskNumber                       0x0800217d   Thumb Code     8  tasks.o(.text)
    xTaskGetCurrentTaskHandle                0x08002185   Thumb Code     6  tasks.o(.text)
    xTaskGetSchedulerState                   0x0800218b   Thumb Code    24  tasks.o(.text)
    vTaskPriorityInherit                     0x080021a3   Thumb Code   164  tasks.o(.text)
    xTaskPriorityDisinherit                  0x08002247   Thumb Code   188  tasks.o(.text)
    uxTaskResetEventItemValue                0x08002303   Thumb Code    24  tasks.o(.text)
    pvTaskIncrementMutexHeldCount            0x0800231b   Thumb Code    26  tasks.o(.text)
    ulTaskNotifyTake                         0x08002335   Thumb Code   108  tasks.o(.text)
    xTaskNotifyWait                          0x080023a1   Thumb Code   150  tasks.o(.text)
    xTaskGenericNotify                       0x08002437   Thumb Code   280  tasks.o(.text)
    xTaskGenericNotifyFromISR                0x0800254f   Thumb Code   298  tasks.o(.text)
    vTaskNotifyGiveFromISR                   0x08002679   Thumb Code   216  tasks.o(.text)
    xTaskNotifyStateClear                    0x08002751   Thumb Code    48  tasks.o(.text)
    xTimerGenericCommand                     0x080027ed   Thumb Code   126  timers.o(.text)
    xTimerCreateTimerTask                    0x08002b65   Thumb Code   120  timers.o(.text)
    xTimerCreate                             0x08002c2b   Thumb Code    48  timers.o(.text)
    xTimerGetTimerDaemonTaskHandle           0x08002c5b   Thumb Code    42  timers.o(.text)
    xTimerGetPeriod                          0x08002c85   Thumb Code    32  timers.o(.text)
    xTimerGetExpiryTime                      0x08002ca5   Thumb Code    34  timers.o(.text)
    pcTimerGetName                           0x08002cc7   Thumb Code    32  timers.o(.text)
    xTimerIsTimerActive                      0x08002ce7   Thumb Code    56  timers.o(.text)
    pvTimerGetTimerID                        0x08002d1f   Thumb Code    44  timers.o(.text)
    vTimerSetTimerID                         0x08002d4b   Thumb Code    44  timers.o(.text)
    pxPortInitialiseStack                    0x08002db9   Thumb Code    38  port.o(.text)
    vPortSetupTimerInterrupt                 0x08002ddf   Thumb Code    26  port.o(.text)
    xPortStartScheduler                      0x08002df9   Thumb Code   288  port.o(.text)
    vPortEndScheduler                        0x08002f19   Thumb Code    42  port.o(.text)
    vPortEnterCritical                       0x08002f43   Thumb Code    78  port.o(.text)
    vPortExitCritical                        0x08002f91   Thumb Code    56  port.o(.text)
    SysTick_Handler                          0x08002fc9   Thumb Code    48  port.o(.text)
    vPortValidateInterruptPriority           0x08002ff9   Thumb Code   108  port.o(.text)
    pvPortMalloc                             0x080030af   Thumb Code   164  heap_2.o(.text)
    vPortFree                                0x08003153   Thumb Code    56  heap_2.o(.text)
    xPortGetFreeHeapSize                     0x0800318b   Thumb Code     6  heap_2.o(.text)
    vPortInitialiseBlocks                    0x08003191   Thumb Code     2  heap_2.o(.text)
    NVIC_PriorityGroupConfig                 0x080031ad   Thumb Code    10  misc.o(.text)
    NVIC_Init                                0x080031b7   Thumb Code   106  misc.o(.text)
    NVIC_SetVectorTable                      0x08003221   Thumb Code    14  misc.o(.text)
    NVIC_SystemLPConfig                      0x0800322f   Thumb Code    34  misc.o(.text)
    SysTick_CLKSourceConfig                  0x08003251   Thumb Code    40  misc.o(.text)
    GPIO_DeInit                              0x0800328d   Thumb Code   220  stm32f4xx_gpio.o(.text)
    GPIO_Init                                0x08003369   Thumb Code   144  stm32f4xx_gpio.o(.text)
    GPIO_StructInit                          0x080033f9   Thumb Code    18  stm32f4xx_gpio.o(.text)
    GPIO_PinLockConfig                       0x0800340b   Thumb Code    34  stm32f4xx_gpio.o(.text)
    GPIO_ReadInputDataBit                    0x0800342d   Thumb Code    18  stm32f4xx_gpio.o(.text)
    GPIO_ReadInputData                       0x0800343f   Thumb Code     8  stm32f4xx_gpio.o(.text)
    GPIO_ReadOutputDataBit                   0x08003447   Thumb Code    18  stm32f4xx_gpio.o(.text)
    GPIO_ReadOutputData                      0x08003459   Thumb Code     8  stm32f4xx_gpio.o(.text)
    GPIO_SetBits                             0x08003461   Thumb Code     4  stm32f4xx_gpio.o(.text)
    GPIO_ResetBits                           0x08003465   Thumb Code     6  stm32f4xx_gpio.o(.text)
    GPIO_WriteBit                            0x0800346b   Thumb Code    12  stm32f4xx_gpio.o(.text)
    GPIO_Write                               0x08003477   Thumb Code     4  stm32f4xx_gpio.o(.text)
    GPIO_ToggleBits                          0x0800347b   Thumb Code     8  stm32f4xx_gpio.o(.text)
    GPIO_PinAFConfig                         0x08003483   Thumb Code    70  stm32f4xx_gpio.o(.text)
    RCC_DeInit                               0x080034ed   Thumb Code    60  stm32f4xx_rcc.o(.text)
    RCC_HSEConfig                            0x08003529   Thumb Code    14  stm32f4xx_rcc.o(.text)
    RCC_GetFlagStatus                        0x08003537   Thumb Code    60  stm32f4xx_rcc.o(.text)
    RCC_WaitForHSEStartUp                    0x08003573   Thumb Code    56  stm32f4xx_rcc.o(.text)
    RCC_AdjustHSICalibrationValue            0x080035ab   Thumb Code    20  stm32f4xx_rcc.o(.text)
    RCC_HSICmd                               0x080035bf   Thumb Code     6  stm32f4xx_rcc.o(.text)
    RCC_LSEConfig                            0x080035c5   Thumb Code    46  stm32f4xx_rcc.o(.text)
    RCC_LSICmd                               0x080035f3   Thumb Code     6  stm32f4xx_rcc.o(.text)
    RCC_PLLConfig                            0x080035f9   Thumb Code    32  stm32f4xx_rcc.o(.text)
    RCC_PLLCmd                               0x08003619   Thumb Code     6  stm32f4xx_rcc.o(.text)
    RCC_PLLI2SConfig                         0x0800361f   Thumb Code    14  stm32f4xx_rcc.o(.text)
    RCC_PLLI2SCmd                            0x0800362d   Thumb Code     6  stm32f4xx_rcc.o(.text)
    RCC_ClockSecuritySystemCmd               0x08003633   Thumb Code     6  stm32f4xx_rcc.o(.text)
    RCC_MCO1Config                           0x08003639   Thumb Code    28  stm32f4xx_rcc.o(.text)
    RCC_MCO2Config                           0x08003655   Thumb Code    28  stm32f4xx_rcc.o(.text)
    RCC_SYSCLKConfig                         0x08003671   Thumb Code    20  stm32f4xx_rcc.o(.text)
    RCC_GetSYSCLKSource                      0x08003685   Thumb Code    12  stm32f4xx_rcc.o(.text)
    RCC_HCLKConfig                           0x08003691   Thumb Code    20  stm32f4xx_rcc.o(.text)
    RCC_PCLK1Config                          0x080036a5   Thumb Code    20  stm32f4xx_rcc.o(.text)
    RCC_PCLK2Config                          0x080036b9   Thumb Code    22  stm32f4xx_rcc.o(.text)
    RCC_GetClocksFreq                        0x080036cf   Thumb Code   222  stm32f4xx_rcc.o(.text)
    RCC_RTCCLKConfig                         0x080037ad   Thumb Code    54  stm32f4xx_rcc.o(.text)
    RCC_RTCCLKCmd                            0x080037e3   Thumb Code     8  stm32f4xx_rcc.o(.text)
    RCC_BackupResetCmd                       0x080037eb   Thumb Code     8  stm32f4xx_rcc.o(.text)
    RCC_I2SCLKConfig                         0x080037f3   Thumb Code     6  stm32f4xx_rcc.o(.text)
    RCC_AHB1PeriphClockCmd                   0x080037f9   Thumb Code    34  stm32f4xx_rcc.o(.text)
    RCC_AHB2PeriphClockCmd                   0x0800381b   Thumb Code    34  stm32f4xx_rcc.o(.text)
    RCC_AHB3PeriphClockCmd                   0x0800383d   Thumb Code    34  stm32f4xx_rcc.o(.text)
    RCC_APB1PeriphClockCmd                   0x0800385f   Thumb Code    34  stm32f4xx_rcc.o(.text)
    RCC_APB2PeriphClockCmd                   0x08003881   Thumb Code    34  stm32f4xx_rcc.o(.text)
    RCC_AHB1PeriphResetCmd                   0x080038a3   Thumb Code    34  stm32f4xx_rcc.o(.text)
    RCC_AHB2PeriphResetCmd                   0x080038c5   Thumb Code    72  stm32f4xx_rcc.o(.text)
    RCC_AHB3PeriphResetCmd                   0x0800390d   Thumb Code    34  stm32f4xx_rcc.o(.text)
    RCC_APB1PeriphResetCmd                   0x0800392f   Thumb Code    34  stm32f4xx_rcc.o(.text)
    RCC_APB2PeriphResetCmd                   0x08003951   Thumb Code    34  stm32f4xx_rcc.o(.text)
    RCC_AHB1PeriphClockLPModeCmd             0x08003973   Thumb Code    34  stm32f4xx_rcc.o(.text)
    RCC_AHB2PeriphClockLPModeCmd             0x08003995   Thumb Code    34  stm32f4xx_rcc.o(.text)
    RCC_AHB3PeriphClockLPModeCmd             0x080039b7   Thumb Code    34  stm32f4xx_rcc.o(.text)
    RCC_APB1PeriphClockLPModeCmd             0x080039d9   Thumb Code    34  stm32f4xx_rcc.o(.text)
    RCC_APB2PeriphClockLPModeCmd             0x080039fb   Thumb Code    34  stm32f4xx_rcc.o(.text)
    RCC_ITConfig                             0x08003a1d   Thumb Code    34  stm32f4xx_rcc.o(.text)
    RCC_ClearFlag                            0x08003a3f   Thumb Code    18  stm32f4xx_rcc.o(.text)
    RCC_GetITStatus                          0x08003a51   Thumb Code    22  stm32f4xx_rcc.o(.text)
    RCC_ClearITPendingBit                    0x08003a67   Thumb Code     8  stm32f4xx_rcc.o(.text)
    SYSCFG_DeInit                            0x08003a75   Thumb Code    22  stm32f4xx_syscfg.o(.text)
    SYSCFG_MemoryRemapConfig                 0x08003a8b   Thumb Code     6  stm32f4xx_syscfg.o(.text)
    SYSCFG_EXTILineConfig                    0x08003a91   Thumb Code    66  stm32f4xx_syscfg.o(.text)
    SYSCFG_ETH_MediaInterfaceConfig          0x08003ad3   Thumb Code     6  stm32f4xx_syscfg.o(.text)
    SYSCFG_CompensationCellCmd               0x08003ad9   Thumb Code     6  stm32f4xx_syscfg.o(.text)
    SYSCFG_GetCompensationCellStatus         0x08003adf   Thumb Code    22  stm32f4xx_syscfg.o(.text)
    TIM_DeInit                               0x08003b01   Thumb Code   346  stm32f4xx_tim.o(.text)
    TIM_TimeBaseInit                         0x08003c5b   Thumb Code   106  stm32f4xx_tim.o(.text)
    TIM_TimeBaseStructInit                   0x08003cc5   Thumb Code    18  stm32f4xx_tim.o(.text)
    TIM_PrescalerConfig                      0x08003cd7   Thumb Code     6  stm32f4xx_tim.o(.text)
    TIM_CounterModeConfig                    0x08003cdd   Thumb Code    20  stm32f4xx_tim.o(.text)
    TIM_SetCounter                           0x08003cf1   Thumb Code     4  stm32f4xx_tim.o(.text)
    TIM_SetAutoreload                        0x08003cf5   Thumb Code     4  stm32f4xx_tim.o(.text)
    TIM_GetCounter                           0x08003cf9   Thumb Code     6  stm32f4xx_tim.o(.text)
    TIM_GetPrescaler                         0x08003cff   Thumb Code     8  stm32f4xx_tim.o(.text)
    TIM_UpdateDisableConfig                  0x08003d07   Thumb Code    24  stm32f4xx_tim.o(.text)
    TIM_UpdateRequestConfig                  0x08003d1f   Thumb Code    24  stm32f4xx_tim.o(.text)
    TIM_ARRPreloadConfig                     0x08003d37   Thumb Code    24  stm32f4xx_tim.o(.text)
    TIM_SelectOnePulseMode                   0x08003d4f   Thumb Code    18  stm32f4xx_tim.o(.text)
    TIM_SetClockDivision                     0x08003d61   Thumb Code    18  stm32f4xx_tim.o(.text)
    TIM_Cmd                                  0x08003d73   Thumb Code    24  stm32f4xx_tim.o(.text)
    TIM_OC1Init                              0x08003d8b   Thumb Code   120  stm32f4xx_tim.o(.text)
    TIM_OC2Init                              0x08003e03   Thumb Code   160  stm32f4xx_tim.o(.text)
    TIM_OC3Init                              0x08003ea3   Thumb Code   210  stm32f4xx_tim.o(.text)
    TIM_OC4Init                              0x08003f75   Thumb Code   118  stm32f4xx_tim.o(.text)
    TIM_OCStructInit                         0x08003feb   Thumb Code    20  stm32f4xx_tim.o(.text)
    TIM_SelectOCxM                           0x08003fff   Thumb Code    90  stm32f4xx_tim.o(.text)
    TIM_SetCompare1                          0x08004059   Thumb Code     4  stm32f4xx_tim.o(.text)
    TIM_SetCompare2                          0x0800405d   Thumb Code     4  stm32f4xx_tim.o(.text)
    TIM_SetCompare3                          0x08004061   Thumb Code     4  stm32f4xx_tim.o(.text)
    TIM_SetCompare4                          0x08004065   Thumb Code     4  stm32f4xx_tim.o(.text)
    TIM_ForcedOC1Config                      0x08004069   Thumb Code    20  stm32f4xx_tim.o(.text)
    TIM_ForcedOC2Config                      0x0800407d   Thumb Code    28  stm32f4xx_tim.o(.text)
    TIM_ForcedOC3Config                      0x08004099   Thumb Code    20  stm32f4xx_tim.o(.text)
    TIM_ForcedOC4Config                      0x080040ad   Thumb Code    28  stm32f4xx_tim.o(.text)
    TIM_OC1PreloadConfig                     0x080040c9   Thumb Code    20  stm32f4xx_tim.o(.text)
    TIM_OC2PreloadConfig                     0x080040dd   Thumb Code    28  stm32f4xx_tim.o(.text)
    TIM_OC3PreloadConfig                     0x080040f9   Thumb Code    20  stm32f4xx_tim.o(.text)
    TIM_OC4PreloadConfig                     0x0800410d   Thumb Code    28  stm32f4xx_tim.o(.text)
    TIM_OC1FastConfig                        0x08004129   Thumb Code    20  stm32f4xx_tim.o(.text)
    TIM_OC2FastConfig                        0x0800413d   Thumb Code    28  stm32f4xx_tim.o(.text)
    TIM_OC3FastConfig                        0x08004159   Thumb Code    20  stm32f4xx_tim.o(.text)
    TIM_OC4FastConfig                        0x0800416d   Thumb Code    28  stm32f4xx_tim.o(.text)
    TIM_ClearOC1Ref                          0x08004189   Thumb Code    20  stm32f4xx_tim.o(.text)
    TIM_ClearOC2Ref                          0x0800419d   Thumb Code    26  stm32f4xx_tim.o(.text)
    TIM_ClearOC3Ref                          0x080041b7   Thumb Code    20  stm32f4xx_tim.o(.text)
    TIM_ClearOC4Ref                          0x080041cb   Thumb Code    26  stm32f4xx_tim.o(.text)
    TIM_OC1PolarityConfig                    0x080041e5   Thumb Code    20  stm32f4xx_tim.o(.text)
    TIM_OC1NPolarityConfig                   0x080041f9   Thumb Code    20  stm32f4xx_tim.o(.text)
    TIM_OC2PolarityConfig                    0x0800420d   Thumb Code    28  stm32f4xx_tim.o(.text)
    TIM_OC2NPolarityConfig                   0x08004229   Thumb Code    28  stm32f4xx_tim.o(.text)
    TIM_OC3PolarityConfig                    0x08004245   Thumb Code    28  stm32f4xx_tim.o(.text)
    TIM_OC3NPolarityConfig                   0x08004261   Thumb Code    28  stm32f4xx_tim.o(.text)
    TIM_OC4PolarityConfig                    0x0800427d   Thumb Code    28  stm32f4xx_tim.o(.text)
    TIM_CCxCmd                               0x08004299   Thumb Code    34  stm32f4xx_tim.o(.text)
    TIM_CCxNCmd                              0x080042bb   Thumb Code    34  stm32f4xx_tim.o(.text)
    TIM_SetIC4Prescaler                      0x080042dd   Thumb Code    26  stm32f4xx_tim.o(.text)
    TIM_SetIC3Prescaler                      0x0800434b   Thumb Code    18  stm32f4xx_tim.o(.text)
    TIM_SetIC2Prescaler                      0x080043b1   Thumb Code    26  stm32f4xx_tim.o(.text)
    TIM_SetIC1Prescaler                      0x0800441f   Thumb Code    18  stm32f4xx_tim.o(.text)
    TIM_ICInit                               0x0800446f   Thumb Code   110  stm32f4xx_tim.o(.text)
    TIM_ICStructInit                         0x080044dd   Thumb Code    18  stm32f4xx_tim.o(.text)
    TIM_PWMIConfig                           0x080044ef   Thumb Code   124  stm32f4xx_tim.o(.text)
    TIM_GetCapture1                          0x0800456b   Thumb Code     6  stm32f4xx_tim.o(.text)
    TIM_GetCapture2                          0x08004571   Thumb Code     6  stm32f4xx_tim.o(.text)
    TIM_GetCapture3                          0x08004577   Thumb Code     6  stm32f4xx_tim.o(.text)
    TIM_GetCapture4                          0x0800457d   Thumb Code     6  stm32f4xx_tim.o(.text)
    TIM_BDTRConfig                           0x08004583   Thumb Code    30  stm32f4xx_tim.o(.text)
    TIM_BDTRStructInit                       0x080045a1   Thumb Code    18  stm32f4xx_tim.o(.text)
    TIM_CtrlPWMOutputs                       0x080045b3   Thumb Code    22  stm32f4xx_tim.o(.text)
    TIM_SelectCOM                            0x080045c9   Thumb Code    24  stm32f4xx_tim.o(.text)
    TIM_CCPreloadControl                     0x080045e1   Thumb Code    24  stm32f4xx_tim.o(.text)
    TIM_ITConfig                             0x080045f9   Thumb Code    24  stm32f4xx_tim.o(.text)
    TIM_GenerateEvent                        0x08004611   Thumb Code     4  stm32f4xx_tim.o(.text)
    TIM_GetFlagStatus                        0x08004615   Thumb Code    18  stm32f4xx_tim.o(.text)
    TIM_ClearFlag                            0x08004627   Thumb Code     8  stm32f4xx_tim.o(.text)
    TIM_GetITStatus                          0x0800462f   Thumb Code    34  stm32f4xx_tim.o(.text)
    TIM_ClearITPendingBit                    0x08004651   Thumb Code     8  stm32f4xx_tim.o(.text)
    TIM_DMAConfig                            0x08004659   Thumb Code     8  stm32f4xx_tim.o(.text)
    TIM_DMACmd                               0x08004661   Thumb Code    24  stm32f4xx_tim.o(.text)
    TIM_SelectCCDMA                          0x08004679   Thumb Code    24  stm32f4xx_tim.o(.text)
    TIM_InternalClockConfig                  0x08004691   Thumb Code    12  stm32f4xx_tim.o(.text)
    TIM_SelectInputTrigger                   0x0800469d   Thumb Code    20  stm32f4xx_tim.o(.text)
    TIM_ITRxExternalClockConfig              0x080046b1   Thumb Code    24  stm32f4xx_tim.o(.text)
    TIM_TIxExternalClockConfig               0x080046c9   Thumb Code    62  stm32f4xx_tim.o(.text)
    TIM_ETRConfig                            0x08004707   Thumb Code    30  stm32f4xx_tim.o(.text)
    TIM_ETRClockMode1Config                  0x08004725   Thumb Code    56  stm32f4xx_tim.o(.text)
    TIM_ETRClockMode2Config                  0x0800475d   Thumb Code    32  stm32f4xx_tim.o(.text)
    TIM_SelectOutputTrigger                  0x0800477d   Thumb Code    18  stm32f4xx_tim.o(.text)
    TIM_SelectSlaveMode                      0x0800478f   Thumb Code    18  stm32f4xx_tim.o(.text)
    TIM_SelectMasterSlaveMode                0x080047a1   Thumb Code    18  stm32f4xx_tim.o(.text)
    TIM_EncoderInterfaceConfig               0x080047b3   Thumb Code    72  stm32f4xx_tim.o(.text)
    TIM_SelectHallSensor                     0x080047fb   Thumb Code    24  stm32f4xx_tim.o(.text)
    TIM_RemapConfig                          0x08004813   Thumb Code     4  stm32f4xx_tim.o(.text)
    USART_DeInit                             0x08004819   Thumb Code   156  stm32f4xx_usart.o(.text)
    USART_Init                               0x080048b5   Thumb Code   212  stm32f4xx_usart.o(.text)
    USART_StructInit                         0x08004989   Thumb Code    24  stm32f4xx_usart.o(.text)
    USART_ClockInit                          0x080049a1   Thumb Code    32  stm32f4xx_usart.o(.text)
    USART_ClockStructInit                    0x080049c1   Thumb Code    12  stm32f4xx_usart.o(.text)
    USART_Cmd                                0x080049cd   Thumb Code    24  stm32f4xx_usart.o(.text)
    USART_SetPrescaler                       0x080049e5   Thumb Code    16  stm32f4xx_usart.o(.text)
    USART_OverSampling8Cmd                   0x080049f5   Thumb Code    22  stm32f4xx_usart.o(.text)
    USART_OneBitMethodCmd                    0x08004a0b   Thumb Code    24  stm32f4xx_usart.o(.text)
    USART_SendData                           0x08004a23   Thumb Code     8  stm32f4xx_usart.o(.text)
    USART_ReceiveData                        0x08004a2b   Thumb Code    10  stm32f4xx_usart.o(.text)
    USART_SetAddress                         0x08004a35   Thumb Code    18  stm32f4xx_usart.o(.text)
    USART_ReceiverWakeUpCmd                  0x08004a47   Thumb Code    24  stm32f4xx_usart.o(.text)
    USART_WakeUpConfig                       0x08004a5f   Thumb Code    18  stm32f4xx_usart.o(.text)
    USART_LINBreakDetectLengthConfig         0x08004a71   Thumb Code    18  stm32f4xx_usart.o(.text)
    USART_LINCmd                             0x08004a83   Thumb Code    24  stm32f4xx_usart.o(.text)
    USART_SendBreak                          0x08004a9b   Thumb Code    10  stm32f4xx_usart.o(.text)
    USART_HalfDuplexCmd                      0x08004aa5   Thumb Code    24  stm32f4xx_usart.o(.text)
    USART_SetGuardTime                       0x08004abd   Thumb Code    16  stm32f4xx_usart.o(.text)
    USART_SmartCardCmd                       0x08004acd   Thumb Code    24  stm32f4xx_usart.o(.text)
    USART_SmartCardNACKCmd                   0x08004ae5   Thumb Code    24  stm32f4xx_usart.o(.text)
    USART_IrDAConfig                         0x08004afd   Thumb Code    18  stm32f4xx_usart.o(.text)
    USART_IrDACmd                            0x08004b0f   Thumb Code    24  stm32f4xx_usart.o(.text)
    USART_DMACmd                             0x08004b27   Thumb Code    24  stm32f4xx_usart.o(.text)
    USART_ITConfig                           0x08004b3f   Thumb Code    74  stm32f4xx_usart.o(.text)
    USART_GetFlagStatus                      0x08004b89   Thumb Code    26  stm32f4xx_usart.o(.text)
    USART_ClearFlag                          0x08004ba3   Thumb Code    20  stm32f4xx_usart.o(.text)
    USART_GetITStatus                        0x08004bb7   Thumb Code   110  stm32f4xx_usart.o(.text)
    USART_ClearITPendingBit                  0x08004c25   Thumb Code    32  stm32f4xx_usart.o(.text)
    EXTI_DeInit                              0x08004c45   Thumb Code    28  stm32f4xx_exti.o(.text)
    EXTI_Init                                0x08004c61   Thumb Code   142  stm32f4xx_exti.o(.text)
    EXTI_StructInit                          0x08004cef   Thumb Code    16  stm32f4xx_exti.o(.text)
    EXTI_GenerateSWInterrupt                 0x08004cff   Thumb Code    16  stm32f4xx_exti.o(.text)
    EXTI_GetFlagStatus                       0x08004d0f   Thumb Code    22  stm32f4xx_exti.o(.text)
    EXTI_ClearFlag                           0x08004d25   Thumb Code     8  stm32f4xx_exti.o(.text)
    EXTI_GetITStatus                         0x08004d2d   Thumb Code    34  stm32f4xx_exti.o(.text)
    EXTI_ClearITPendingBit                   0x08004d4f   Thumb Code     8  stm32f4xx_exti.o(.text)
    USART2_IRQHandler                        0x08004d61   Thumb Code    22  stm32f4xx_it.o(.text)
    NMI_Handler                              0x08004d77   Thumb Code     2  stm32f4xx_it.o(.text)
    HardFault_Handler                        0x08004d79   Thumb Code     4  stm32f4xx_it.o(.text)
    MemManage_Handler                        0x08004d7d   Thumb Code     4  stm32f4xx_it.o(.text)
    BusFault_Handler                         0x08004d81   Thumb Code     4  stm32f4xx_it.o(.text)
    UsageFault_Handler                       0x08004d85   Thumb Code     4  stm32f4xx_it.o(.text)
    DebugMon_Handler                         0x08004d89   Thumb Code     2  stm32f4xx_it.o(.text)
    ptopwm                                   0x08004d95   Thumb Code    20  utils.o(.text)
    vUSART2_Init                             0x08004da9   Thumb Code   144  utils.o(.text)
    TIM4_Config                              0x08004e39   Thumb Code   106  utils.o(.text)
    TIM3_Config                              0x08004ea3   Thumb Code   132  utils.o(.text)
    HwInit                                   0x08004f27   Thumb Code   316  utils.o(.text)
    TIM_SetDuty                              0x08005063   Thumb Code    34  utils.o(.text)
    STM_EVAL_LEDInit                         0x080050c9   Thumb Code    62  stm32f4_discovery.o(.text)
    STM_EVAL_LEDOn                           0x08005107   Thumb Code    16  stm32f4_discovery.o(.text)
    STM_EVAL_LEDOff                          0x08005117   Thumb Code    18  stm32f4_discovery.o(.text)
    STM_EVAL_LEDToggle                       0x08005129   Thumb Code    26  stm32f4_discovery.o(.text)
    STM_EVAL_PBInit                          0x08005143   Thumb Code   140  stm32f4_discovery.o(.text)
    STM_EVAL_PBGetState                      0x080051cf   Thumb Code    22  stm32f4_discovery.o(.text)
    sendchar                                 0x0800520d   Thumb Code    22  retarget.o(.text)
    fputc                                    0x08005223   Thumb Code    14  retarget.o(.text)
    ferror                                   0x08005231   Thumb Code     8  retarget.o(.text)
    _ttywrch                                 0x08005239   Thumb Code    12  retarget.o(.text)
    _sys_exit                                0x08005245   Thumb Code     4  retarget.o(.text)
    Reset_Handler                            0x0800524d   Thumb Code     8  startup_stm32f407xx.o(.text)
    ADC_IRQHandler                           0x08005267   Thumb Code     0  startup_stm32f407xx.o(.text)
    CAN1_RX0_IRQHandler                      0x08005267   Thumb Code     0  startup_stm32f407xx.o(.text)
    CAN1_RX1_IRQHandler                      0x08005267   Thumb Code     0  startup_stm32f407xx.o(.text)
    CAN1_SCE_IRQHandler                      0x08005267   Thumb Code     0  startup_stm32f407xx.o(.text)
    CAN1_TX_IRQHandler                       0x08005267   Thumb Code     0  startup_stm32f407xx.o(.text)
    CAN2_RX0_IRQHandler                      0x08005267   Thumb Code     0  startup_stm32f407xx.o(.text)
    CAN2_RX1_IRQHandler                      0x08005267   Thumb Code     0  startup_stm32f407xx.o(.text)
    CAN2_SCE_IRQHandler                      0x08005267   Thumb Code     0  startup_stm32f407xx.o(.text)
    CAN2_TX_IRQHandler                       0x08005267   Thumb Code     0  startup_stm32f407xx.o(.text)
    DCMI_IRQHandler                          0x08005267   Thumb Code     0  startup_stm32f407xx.o(.text)
    DMA1_Stream0_IRQHandler                  0x08005267   Thumb Code     0  startup_stm32f407xx.o(.text)
    DMA1_Stream1_IRQHandler                  0x08005267   Thumb Code     0  startup_stm32f407xx.o(.text)
    DMA1_Stream2_IRQHandler                  0x08005267   Thumb Code     0  startup_stm32f407xx.o(.text)
    DMA1_Stream3_IRQHandler                  0x08005267   Thumb Code     0  startup_stm32f407xx.o(.text)
    DMA1_Stream4_IRQHandler                  0x08005267   Thumb Code     0  startup_stm32f407xx.o(.text)
    DMA1_Stream5_IRQHandler                  0x08005267   Thumb Code     0  startup_stm32f407xx.o(.text)
    DMA1_Stream6_IRQHandler                  0x08005267   Thumb Code     0  startup_stm32f407xx.o(.text)
    DMA1_Stream7_IRQHandler                  0x08005267   Thumb Code     0  startup_stm32f407xx.o(.text)
    DMA2_Stream0_IRQHandler                  0x08005267   Thumb Code     0  startup_stm32f407xx.o(.text)
    DMA2_Stream1_IRQHandler                  0x08005267   Thumb Code     0  startup_stm32f407xx.o(.text)
    DMA2_Stream2_IRQHandler                  0x08005267   Thumb Code     0  startup_stm32f407xx.o(.text)
    DMA2_Stream3_IRQHandler                  0x08005267   Thumb Code     0  startup_stm32f407xx.o(.text)
    DMA2_Stream4_IRQHandler                  0x08005267   Thumb Code     0  startup_stm32f407xx.o(.text)
    DMA2_Stream5_IRQHandler                  0x08005267   Thumb Code     0  startup_stm32f407xx.o(.text)
    DMA2_Stream6_IRQHandler                  0x08005267   Thumb Code     0  startup_stm32f407xx.o(.text)
    DMA2_Stream7_IRQHandler                  0x08005267   Thumb Code     0  startup_stm32f407xx.o(.text)
    ETH_IRQHandler                           0x08005267   Thumb Code     0  startup_stm32f407xx.o(.text)
    ETH_WKUP_IRQHandler                      0x08005267   Thumb Code     0  startup_stm32f407xx.o(.text)
    EXTI0_IRQHandler                         0x08005267   Thumb Code     0  startup_stm32f407xx.o(.text)
    EXTI15_10_IRQHandler                     0x08005267   Thumb Code     0  startup_stm32f407xx.o(.text)
    EXTI1_IRQHandler                         0x08005267   Thumb Code     0  startup_stm32f407xx.o(.text)
    EXTI2_IRQHandler                         0x08005267   Thumb Code     0  startup_stm32f407xx.o(.text)
    EXTI3_IRQHandler                         0x08005267   Thumb Code     0  startup_stm32f407xx.o(.text)
    EXTI4_IRQHandler                         0x08005267   Thumb Code     0  startup_stm32f407xx.o(.text)
    EXTI9_5_IRQHandler                       0x08005267   Thumb Code     0  startup_stm32f407xx.o(.text)
    FLASH_IRQHandler                         0x08005267   Thumb Code     0  startup_stm32f407xx.o(.text)
    FMC_IRQHandler                           0x08005267   Thumb Code     0  startup_stm32f407xx.o(.text)
    FPU_IRQHandler                           0x08005267   Thumb Code     0  startup_stm32f407xx.o(.text)
    HASH_RNG_IRQHandler                      0x08005267   Thumb Code     0  startup_stm32f407xx.o(.text)
    I2C1_ER_IRQHandler                       0x08005267   Thumb Code     0  startup_stm32f407xx.o(.text)
    I2C1_EV_IRQHandler                       0x08005267   Thumb Code     0  startup_stm32f407xx.o(.text)
    I2C2_ER_IRQHandler                       0x08005267   Thumb Code     0  startup_stm32f407xx.o(.text)
    I2C2_EV_IRQHandler                       0x08005267   Thumb Code     0  startup_stm32f407xx.o(.text)
    I2C3_ER_IRQHandler                       0x08005267   Thumb Code     0  startup_stm32f407xx.o(.text)
    I2C3_EV_IRQHandler                       0x08005267   Thumb Code     0  startup_stm32f407xx.o(.text)
    OTG_FS_IRQHandler                        0x08005267   Thumb Code     0  startup_stm32f407xx.o(.text)
    OTG_FS_WKUP_IRQHandler                   0x08005267   Thumb Code     0  startup_stm32f407xx.o(.text)
    OTG_HS_EP1_IN_IRQHandler                 0x08005267   Thumb Code     0  startup_stm32f407xx.o(.text)
    OTG_HS_EP1_OUT_IRQHandler                0x08005267   Thumb Code     0  startup_stm32f407xx.o(.text)
    OTG_HS_IRQHandler                        0x08005267   Thumb Code     0  startup_stm32f407xx.o(.text)
    OTG_HS_WKUP_IRQHandler                   0x08005267   Thumb Code     0  startup_stm32f407xx.o(.text)
    PVD_IRQHandler                           0x08005267   Thumb Code     0  startup_stm32f407xx.o(.text)
    RCC_IRQHandler                           0x08005267   Thumb Code     0  startup_stm32f407xx.o(.text)
    RTC_Alarm_IRQHandler                     0x08005267   Thumb Code     0  startup_stm32f407xx.o(.text)
    RTC_WKUP_IRQHandler                      0x08005267   Thumb Code     0  startup_stm32f407xx.o(.text)
    SDIO_IRQHandler                          0x08005267   Thumb Code     0  startup_stm32f407xx.o(.text)
    SPI1_IRQHandler                          0x08005267   Thumb Code     0  startup_stm32f407xx.o(.text)
    SPI2_IRQHandler                          0x08005267   Thumb Code     0  startup_stm32f407xx.o(.text)
    SPI3_IRQHandler                          0x08005267   Thumb Code     0  startup_stm32f407xx.o(.text)
    TAMP_STAMP_IRQHandler                    0x08005267   Thumb Code     0  startup_stm32f407xx.o(.text)
    TIM1_BRK_TIM9_IRQHandler                 0x08005267   Thumb Code     0  startup_stm32f407xx.o(.text)
    TIM1_CC_IRQHandler                       0x08005267   Thumb Code     0  startup_stm32f407xx.o(.text)
    TIM1_TRG_COM_TIM11_IRQHandler            0x08005267   Thumb Code     0  startup_stm32f407xx.o(.text)
    TIM1_UP_TIM10_IRQHandler                 0x08005267   Thumb Code     0  startup_stm32f407xx.o(.text)
    TIM2_IRQHandler                          0x08005267   Thumb Code     0  startup_stm32f407xx.o(.text)
    TIM3_IRQHandler                          0x08005267   Thumb Code     0  startup_stm32f407xx.o(.text)
    TIM4_IRQHandler                          0x08005267   Thumb Code     0  startup_stm32f407xx.o(.text)
    TIM5_IRQHandler                          0x08005267   Thumb Code     0  startup_stm32f407xx.o(.text)
    TIM6_DAC_IRQHandler                      0x08005267   Thumb Code     0  startup_stm32f407xx.o(.text)
    TIM7_IRQHandler                          0x08005267   Thumb Code     0  startup_stm32f407xx.o(.text)
    TIM8_BRK_TIM12_IRQHandler                0x08005267   Thumb Code     0  startup_stm32f407xx.o(.text)
    TIM8_CC_IRQHandler                       0x08005267   Thumb Code     0  startup_stm32f407xx.o(.text)
    TIM8_TRG_COM_TIM14_IRQHandler            0x08005267   Thumb Code     0  startup_stm32f407xx.o(.text)
    TIM8_UP_TIM13_IRQHandler                 0x08005267   Thumb Code     0  startup_stm32f407xx.o(.text)
    UART4_IRQHandler                         0x08005267   Thumb Code     0  startup_stm32f407xx.o(.text)
    UART5_IRQHandler                         0x08005267   Thumb Code     0  startup_stm32f407xx.o(.text)
    USART1_IRQHandler                        0x08005267   Thumb Code     0  startup_stm32f407xx.o(.text)
    USART3_IRQHandler                        0x08005267   Thumb Code     0  startup_stm32f407xx.o(.text)
    USART6_IRQHandler                        0x08005267   Thumb Code     0  startup_stm32f407xx.o(.text)
    WWDG_IRQHandler                          0x08005267   Thumb Code     0  startup_stm32f407xx.o(.text)
    SystemInit                               0x08005271   Thumb Code    82  system_stm32f4xx_1.o(.text)
    SystemCoreClockUpdate                    0x080052c3   Thumb Code   174  system_stm32f4xx_1.o(.text)
    __aeabi_memcpy                           0x08005391   Thumb Code    36  memcpya.o(.text)
    __aeabi_memcpy4                          0x08005391   Thumb Code     0  memcpya.o(.text)
    __aeabi_memcpy8                          0x08005391   Thumb Code     0  memcpya.o(.text)
    __aeabi_memset                           0x080053b5   Thumb Code    14  memseta.o(.text)
    __aeabi_memset4                          0x080053b5   Thumb Code     0  memseta.o(.text)
    __aeabi_memset8                          0x080053b5   Thumb Code     0  memseta.o(.text)
    __aeabi_memclr                           0x080053c3   Thumb Code     4  memseta.o(.text)
    __aeabi_memclr4                          0x080053c3   Thumb Code     0  memseta.o(.text)
    __aeabi_memclr8                          0x080053c3   Thumb Code     0  memseta.o(.text)
    _memset$wrapper                          0x080053c7   Thumb Code    18  memseta.o(.text)
    __aeabi_uidiv                            0x080053d9   Thumb Code     0  uidiv.o(.text)
    __aeabi_uidivmod                         0x080053d9   Thumb Code    44  uidiv.o(.text)
    __scatterload                            0x08005405   Thumb Code    28  init.o(.text)
    __scatterload_rt2                        0x08005405   Thumb Code     0  init.o(.text)
    __0printf$1                              0x08005429   Thumb Code    22  printf1.o(i.__0printf$1)
    __1printf$1                              0x08005429   Thumb Code     0  printf1.o(i.__0printf$1)
    __2printf                                0x08005429   Thumb Code     0  printf1.o(i.__0printf$1)
    __scatterload_copy                       0x08005449   Thumb Code    14  handlers.o(i.__scatterload_copy)
    __scatterload_null                       0x08005457   Thumb Code     2  handlers.o(i.__scatterload_null)
    __scatterload_zeroinit                   0x08005459   Thumb Code    14  handlers.o(i.__scatterload_zeroinit)
    uc16PercentToPWM                         0x080055bc   Data         202  utils.o(.constdata)
    GPIO_PIN                                 0x08005688   Data           8  stm32f4_discovery.o(.constdata)
    GPIO_CLK                                 0x08005690   Data          16  stm32f4_discovery.o(.constdata)
    BUTTON_PIN                               0x080056a0   Data           2  stm32f4_discovery.o(.constdata)
    BUTTON_CLK                               0x080056a4   Data           4  stm32f4_discovery.o(.constdata)
    BUTTON_EXTI_LINE                         0x080056a8   Data           2  stm32f4_discovery.o(.constdata)
    BUTTON_PORT_SOURCE                       0x080056aa   Data           1  stm32f4_discovery.o(.constdata)
    BUTTON_PIN_SOURCE                        0x080056ab   Data           1  stm32f4_discovery.o(.constdata)
    BUTTON_IRQn                              0x080056ac   Data           1  stm32f4_discovery.o(.constdata)
    AHBPrescTable                            0x080056ad   Data          16  system_stm32f4xx_1.o(.constdata)
    Region$$Table$$Base                      0x080056c0   Number         0  anon$$obj.o(Region$$Table)
    Region$$Table$$Limit                     0x080056e0   Number         0  anon$$obj.o(Region$$Table)
    hTask1                                   0x20000000   Data           4  main.o(.data)
    hTask2                                   0x20000004   Data           4  main.o(.data)
    pxCurrentTCB                             0x2000000c   Data           4  tasks.o(.data)
    uart2_cnt                                0x20000090   Data           2  stm32f4xx_it.o(.data)
    CCR1_Val                                 0x20000092   Data           2  utils.o(.data)
    CCR2_Val                                 0x20000094   Data           2  utils.o(.data)
    CCR3_Val                                 0x20000096   Data           2  utils.o(.data)
    CCR4_Val                                 0x20000098   Data           2  utils.o(.data)
    PrescalerValue                           0x2000009a   Data           2  utils.o(.data)
    GPIO_PORT                                0x2000009c   Data          16  stm32f4_discovery.o(.data)
    BUTTON_PORT                              0x200000ac   Data           4  stm32f4_discovery.o(.data)
    NVIC_InitStructure                       0x200000b0   Data           4  stm32f4_discovery.o(.data)
    __stdout                                 0x200000b4   Data           4  retarget.o(.data)
    SystemCoreClock                          0x200000b8   Data           4  system_stm32f4xx_1.o(.data)
    xQueueRegistry                           0x200000bc   Data          64  queue.o(.bss)
    TIM_TimeBaseStructure                    0x20012dec   Data          12  utils.o(.bss)
    TIM_OCInitStructure                      0x20012df8   Data          20  utils.o(.bss)
    __initial_sp                             0x20013210   Data           0  startup_stm32f407xx.o(STACK)



==============================================================================

Memory Map of the image

  Image Entry point : 0x0800524d

  Load Region LR_1 (Base: 0x08000000, Size: 0x0000579c, Max: 0xffffffff, ABSOLUTE)

    Execution Region ER_RO (Base: 0x08000000, Size: 0x000056e0, Max: 0xffffffff, ABSOLUTE)

    Base Addr    Size         Type   Attr      Idx    E Section Name        Object

    0x08000000   0x00000188   Data   RO          749    RESET               startup_stm32f407xx.o
    0x08000188   0x00000000   Code   RO          777  * .ARM.Collect$$$$00000000  mc_w.l(entry.o)
    0x08000188   0x00000004   Code   RO         1047    .ARM.Collect$$$$00000001  mc_w.l(entry2.o)
    0x0800018c   0x00000004   Code   RO         1050    .ARM.Collect$$$$00000004  mc_w.l(entry5.o)
    0x08000190   0x00000000   Code   RO         1052    .ARM.Collect$$$$00000008  mc_w.l(entry7b.o)
    0x08000190   0x00000000   Code   RO         1054    .ARM.Collect$$$$0000000A  mc_w.l(entry8b.o)
    0x08000190   0x00000008   Code   RO         1055    .ARM.Collect$$$$0000000B  mc_w.l(entry9a.o)
    0x08000198   0x00000000   Code   RO         1057    .ARM.Collect$$$$0000000D  mc_w.l(entry10a.o)
    0x08000198   0x00000000   Code   RO         1059    .ARM.Collect$$$$0000000F  mc_w.l(entry11a.o)
    0x08000198   0x00000004   Code   RO         1048    .ARM.Collect$$$$00002712  mc_w.l(entry2.o)
    0x0800019c   0x000000be   Code   RO          302    .emb_text           port.o
    0x0800025a   0x00000002   PAD
    0x0800025c   0x000000b8   Code   RO            2    .text               main.o
    0x08000314   0x00000094   Code   RO          184    .text               list.o
    0x080003a8   0x00000c30   Code   RO          209    .text               queue.o
    0x08000fd8   0x000017c4   Code   RO          246    .text               tasks.o
    0x0800279c   0x000005e0   Code   RO          272    .text               timers.o
    0x08002d7c   0x0000030c   Code   RO          303    .text               port.o
    0x08003088   0x00000124   Code   RO          333    .text               heap_2.o
    0x080031ac   0x000000e0   Code   RO          352    .text               misc.o
    0x0800328c   0x00000260   Code   RO          416    .text               stm32f4xx_gpio.o
    0x080034ec   0x00000588   Code   RO          464    .text               stm32f4xx_rcc.o
    0x08003a74   0x0000008c   Code   RO          514    .text               stm32f4xx_syscfg.o
    0x08003b00   0x00000d16   Code   RO          530    .text               stm32f4xx_tim.o
    0x08004816   0x00000002   PAD
    0x08004818   0x0000042c   Code   RO          546    .text               stm32f4xx_usart.o
    0x08004c44   0x0000011c   Code   RO          594    .text               stm32f4xx_exti.o
    0x08004d60   0x00000034   Code   RO          632    .text               stm32f4xx_it.o
    0x08004d94   0x00000334   Code   RO          678    .text               utils.o
    0x080050c8   0x00000144   Code   RO          705    .text               stm32f4_discovery.o
    0x0800520c   0x00000040   Code   RO          725    .text               retarget.o
    0x0800524c   0x00000024   Code   RO          750  * .text               startup_stm32f407xx.o
    0x08005270   0x00000120   Code   RO          755    .text               system_stm32f4xx_1.o
    0x08005390   0x00000024   Code   RO          780    .text               mc_w.l(memcpya.o)
    0x080053b4   0x00000024   Code   RO          782    .text               mc_w.l(memseta.o)
    0x080053d8   0x0000002c   Code   RO         1061    .text               mc_w.l(uidiv.o)
    0x08005404   0x00000024   Code   RO         1076    .text               mc_w.l(init.o)
    0x08005428   0x00000020   Code   RO          831    i.__0printf$1       mc_w.l(printf1.o)
    0x08005448   0x0000000e   Code   RO         1088    i.__scatterload_copy  mc_w.l(handlers.o)
    0x08005456   0x00000002   Code   RO         1089    i.__scatterload_null  mc_w.l(handlers.o)
    0x08005458   0x0000000e   Code   RO         1090    i.__scatterload_zeroinit  mc_w.l(handlers.o)
    0x08005466   0x00000002   PAD
    0x08005468   0x00000154   Code   RO          838    i._printf_core      mc_w.l(printf1.o)
    0x080055bc   0x000000ca   Data   RO          680    .constdata          utils.o
    0x08005686   0x00000002   PAD
    0x08005688   0x00000025   Data   RO          706    .constdata          stm32f4_discovery.o
    0x080056ad   0x00000010   Data   RO          756    .constdata          system_stm32f4xx_1.o
    0x080056bd   0x00000003   PAD
    0x080056c0   0x00000020   Data   RO         1086    Region$$Table       anon$$obj.o


    Execution Region ER_RW (Base: 0x20000000, Size: 0x000000bc, Max: 0xffffffff, ABSOLUTE)

    Base Addr    Size         Type   Attr      Idx    E Section Name        Object

    0x20000000   0x0000000c   Data   RW            3    .data               main.o
    0x2000000c   0x0000003c   Data   RW          248    .data               tasks.o
    0x20000048   0x00000014   Data   RW          274    .data               timers.o
    0x2000005c   0x0000000c   Data   RW          304    .data               port.o
    0x20000068   0x00000018   Data   RW          335    .data               heap_2.o
    0x20000080   0x00000010   Data   RW          465    .data               stm32f4xx_rcc.o
    0x20000090   0x00000002   Data   RW          633    .data               stm32f4xx_it.o
    0x20000092   0x0000000a   Data   RW          681    .data               utils.o
    0x2000009c   0x00000018   Data   RW          707    .data               stm32f4_discovery.o
    0x200000b4   0x00000004   Data   RW          726    .data               retarget.o
    0x200000b8   0x00000004   Data   RW          757    .data               system_stm32f4xx_1.o


    Execution Region ER_ZI (Base: 0x200000bc, Size: 0x00013154, Max: 0xffffffff, ABSOLUTE)

    Base Addr    Size         Type   Attr      Idx    E Section Name        Object

    0x200000bc   0x00000040   Zero   RW          210    .bss                queue.o
    0x200000fc   0x000000c8   Zero   RW          247    .bss                tasks.o
    0x200001c4   0x00000028   Zero   RW          273    .bss                timers.o
    0x200001ec   0x00012c00   Zero   RW          334    .bss                heap_2.o
    0x20012dec   0x00000020   Zero   RW          679    .bss                utils.o
    0x20012e0c   0x00000004   PAD
    0x20012e10   0x00000400   Zero   RW          747    STACK               startup_stm32f407xx.o


==============================================================================

Image component sizes


      Code (inc. data)   RO Data    RW Data    ZI Data      Debug   Object Name

       292         26          0         24      76800       3280   heap_2.o
       148          0          0          0          0       3434   list.o
       184         68          0         12          0     258057   main.o
       224         20          0          0          0       1969   misc.o
       970         52          0         12          0       9047   port.o
      3120         14          0          0         64      26788   queue.o
        64          4          0          4          0       3181   retarget.o
        36          8        392          0       1024        856   startup_stm32f407xx.o
       324         40         37         24          0       3006   stm32f4_discovery.o
       284         10          0          0          0       2475   stm32f4xx_exti.o
       608         36          0          0          0       4285   stm32f4xx_gpio.o
        52         10          0          2          0       1401   stm32f4xx_it.o
      1416         48          0         16          0      11299   stm32f4xx_rcc.o
       140         12          0          0          0       1739   stm32f4xx_syscfg.o
      3350         60          0          0          0      23368   stm32f4xx_tim.o
      1068         26          0          0          0       8028   stm32f4xx_usart.o
       288         32         16          4          0       1623   system_stm32f4xx_1.o
      6084        338          0         60        200      28326   tasks.o
      1504         68          0         20         40      16847   timers.o
       820         68        202         10         32       2997   utils.o

    ----------------------------------------------------------------------
     20980        940        684        188      78164     412006   Object Totals
         0          0         32          0          0          0   (incl. Generated)
         4          0          5          0          4          0   (incl. Padding)

    ----------------------------------------------------------------------

      Code (inc. data)   RO Data    RW Data    ZI Data      Debug   Library Member Name

         0          0          0          0          0          0   entry.o
         0          0          0          0          0          0   entry10a.o
         0          0          0          0          0          0   entry11a.o
         8          4          0          0          0          0   entry2.o
         4          0          0          0          0          0   entry5.o
         0          0          0          0          0          0   entry7b.o
         0          0          0          0          0          0   entry8b.o
         8          4          0          0          0          0   entry9a.o
        30          0          0          0          0          0   handlers.o
        36          8          0          0          0         68   init.o
        36          0          0          0          0         68   memcpya.o
        36          0          0          0          0        108   memseta.o
       372         14          0          0          0        184   printf1.o
        44          0          0          0          0         80   uidiv.o

    ----------------------------------------------------------------------
       576         30          0          0          0        508   Library Totals
         2          0          0          0          0          0   (incl. Padding)

    ----------------------------------------------------------------------

      Code (inc. data)   RO Data    RW Data    ZI Data      Debug   Library Name

       574         30          0          0          0        508   mc_w.l

    ----------------------------------------------------------------------
       576         30          0          0          0        508   Library Totals

    ----------------------------------------------------------------------

==============================================================================


      Code (inc. data)   RO Data    RW Data    ZI Data      Debug   

     21556        970        684        188      78164     407162   Grand Totals
     21556        970        684        188      78164     407162   ELF Image Totals
     21556        970        684        188          0          0   ROM Totals

==============================================================================

    Total RO  Size (Code + RO Data)                22240 (  21.72kB)
    Total RW  Size (RW Data + ZI Data)             78352 (  76.52kB)
    Total ROM Size (Code + RO Data + RW Data)      22428 (  21.90kB)

==============================================================================

