Component: ARM Compiler 5.06 update 6 (build 750) Tool: armlink [4d35ed]

==============================================================================

Section Cross References

    retarget.o(.rev16_text) refers (Special) to use_no_semi.o(.text) for __use_no_semihosting_swi
    retarget.o(.revsh_text) refers (Special) to use_no_semi.o(.text) for __use_no_semihosting_swi
    retarget.o(.rrx_text) refers (Special) to use_no_semi.o(.text) for __use_no_semihosting_swi
    retarget.o(.text) refers (Special) to use_no_semi.o(.text) for __use_no_semihosting_swi
    retarget.o(.data) refers (Special) to use_no_semi.o(.text) for __use_no_semihosting_swi
    serial.o(.text) refers to lludivv7m.o(.text) for __aeabi_uldivmod
    serial.o(.text) refers to serial.o(.data) for AHBdiv
    main.o(.text) refers to semaphore.o(.text) for OS_semaphore_acquire
    main.o(.text) refers to noretval__2printf.o(.text) for __2printf
    main.o(.text) refers to sleep.o(.text) for OS_sleep
    main.o(.text) refers to mutex.o(.text) for OS_mutex_acquire
    main.o(.text) refers to serial.o(.text) for serial_init
    main.o(.text) refers to mempool.o(.text) for pool_init
    main.o(.text) refers to os.o(.text) for OS_initialiseTCB
    main.o(.text) refers to main.o(.data) for semaphore
    main.o(.text) refers to main.o(.bss) for runningMutex
    main.o(.text) refers to priority.o(.constdata) for priorityScheduler
    priority.o(.text) refers to heap.o(.text) for heap_init
    priority.o(.text) refers to os.o(.text) for OS_currentTCB
    priority.o(.text) refers to priority.o(.bss) for runningStore
    priority.o(.text) refers to priority.o(.data) for runningHeap
    priority.o(.text) refers to os.o(.constdata) for OS_idleTCB_p
    priority.o(.constdata) refers to priority.o(.text) for priority_scheduler
    os_asm.o(OS_func) refers to os.o(.text) for _svc_OS_enable_systick
    os_asm.o(OS_func) refers to os.o(.data) for _currentTCB
    os.o(.text) refers to priority.o(.text) for OS_scheduler_init
    os.o(.text) refers to os_asm.o(OS_func) for _task_init_switch
    os.o(.text) refers to rt_memclr_w.o(.text) for __aeabi_memclr4
    os.o(.text) refers to system_stm32f4xx.o(.text) for SystemCoreClockUpdate
    os.o(.text) refers to os.o(.data) for _currentTCB
    os.o(.text) refers to os.o(.constdata) for OS_idleTCB_p
    os.o(.text) refers to system_stm32f4xx.o(.data) for SystemCoreClock
    os.o(.constdata) refers to os.o(.data) for OS_idleTCB
    os.o(.data) refers to os.o(.bss) for _idleTaskSF
    sleep.o(.text) refers to os.o(.text) for OS_currentTCB
    hardfault.o(.emb_text) refers to hardfault.o(.text) for HardFault_HandlerC
    mutex.o(.text) refers to os.o(.text) for OS_currentTCB
    semaphore.o(.text) refers to os.o(.text) for getCheckSum
    mempool.o(.text) refers to mutex.o(.text) for OS_mutex_acquire
    startup_stm32f407xx.o(STACK) refers (Special) to heapauxi.o(.text) for __use_two_region_memory
    startup_stm32f407xx.o(HEAP) refers (Special) to heapauxi.o(.text) for __use_two_region_memory
    startup_stm32f407xx.o(RESET) refers (Special) to heapauxi.o(.text) for __use_two_region_memory
    startup_stm32f407xx.o(RESET) refers to startup_stm32f407xx.o(STACK) for __initial_sp
    startup_stm32f407xx.o(RESET) refers to startup_stm32f407xx.o(.text) for Reset_Handler
    startup_stm32f407xx.o(RESET) refers to hardfault.o(.emb_text) for HardFault_Handler
    startup_stm32f407xx.o(RESET) refers to os_asm.o(OS_func) for SVC_Handler
    startup_stm32f407xx.o(RESET) refers to os.o(.text) for SysTick_Handler
    startup_stm32f407xx.o(.text) refers (Special) to heapauxi.o(.text) for __use_two_region_memory
    startup_stm32f407xx.o(.text) refers to system_stm32f4xx.o(.text) for SystemInit
    startup_stm32f407xx.o(.text) refers to __main.o(!!!main) for __main
    startup_stm32f407xx.o(.text) refers to startup_stm32f407xx.o(HEAP) for Heap_Mem
    startup_stm32f407xx.o(.text) refers to startup_stm32f407xx.o(STACK) for Stack_Mem
    system_stm32f4xx.o(.text) refers to system_stm32f4xx.o(.data) for SystemCoreClock
    system_stm32f4xx.o(.text) refers to system_stm32f4xx.o(.constdata) for AHBPrescTable
    __2printf.o(.text) refers to _printf_char_file.o(.text) for _printf_char_file
    __2printf.o(.text) refers to retarget.o(.data) for __stdout
    noretval__2printf.o(.text) refers to _printf_char_file.o(.text) for _printf_char_file
    noretval__2printf.o(.text) refers to retarget.o(.data) for __stdout
    __main.o(!!!main) refers to __rtentry.o(.ARM.Collect$$rtentry$$00000000) for __rt_entry
    __rtentry.o(.ARM.Collect$$rtentry$$00000000) refers (Special) to __rtentry2.o(.ARM.Collect$$rtentry$$0000000A) for __rt_entry_li
    __rtentry.o(.ARM.Collect$$rtentry$$00000000) refers (Special) to __rtentry2.o(.ARM.Collect$$rtentry$$0000000D) for __rt_entry_main
    __rtentry.o(.ARM.Collect$$rtentry$$00000000) refers (Special) to __rtentry2.o(.ARM.Collect$$rtentry$$0000000C) for __rt_entry_postli_1
    __rtentry.o(.ARM.Collect$$rtentry$$00000000) refers (Special) to __rtentry2.o(.ARM.Collect$$rtentry$$00000009) for __rt_entry_postsh_1
    __rtentry.o(.ARM.Collect$$rtentry$$00000000) refers (Special) to __rtentry2.o(.ARM.Collect$$rtentry$$00000002) for __rt_entry_presh_1
    __rtentry.o(.ARM.Collect$$rtentry$$00000000) refers (Special) to __rtentry4.o(.ARM.Collect$$rtentry$$00000004) for __rt_entry_sh
    aeabi_ldiv0_sigfpe.o(.text) refers to rt_div0.o(.text) for __rt_div0
    _printf_char_file.o(.text) refers to _printf_char_common.o(.text) for _printf_char_common
    _printf_char_file.o(.text) refers to retarget.o(.text) for ferror
    __rtentry2.o(.ARM.Collect$$rtentry$$00000008) refers to boardinit2.o(.text) for _platform_post_stackheap_init
    __rtentry2.o(.ARM.Collect$$rtentry$$0000000A) refers to libinit.o(.ARM.Collect$$libinit$$00000000) for __rt_lib_init
    __rtentry2.o(.ARM.Collect$$rtentry$$0000000B) refers to boardinit3.o(.text) for _platform_post_lib_init
    __rtentry2.o(.ARM.Collect$$rtentry$$0000000D) refers to main.o(.text) for main
    __rtentry2.o(.ARM.Collect$$rtentry$$0000000D) refers to exit.o(.text) for exit
    __rtentry2.o(.ARM.exidx) refers to __rtentry2.o(.ARM.Collect$$rtentry$$00000001) for .ARM.Collect$$rtentry$$00000001
    __rtentry2.o(.ARM.exidx) refers to __rtentry2.o(.ARM.Collect$$rtentry$$00000008) for .ARM.Collect$$rtentry$$00000008
    __rtentry2.o(.ARM.exidx) refers to __rtentry2.o(.ARM.Collect$$rtentry$$0000000A) for .ARM.Collect$$rtentry$$0000000A
    __rtentry2.o(.ARM.exidx) refers to __rtentry2.o(.ARM.Collect$$rtentry$$0000000B) for .ARM.Collect$$rtentry$$0000000B
    __rtentry2.o(.ARM.exidx) refers to __rtentry2.o(.ARM.Collect$$rtentry$$0000000D) for .ARM.Collect$$rtentry$$0000000D
    __rtentry4.o(.ARM.Collect$$rtentry$$00000004) refers to sys_stackheap_outer.o(.text) for __user_setup_stackheap
    __rtentry4.o(.ARM.exidx) refers to __rtentry4.o(.ARM.Collect$$rtentry$$00000004) for .ARM.Collect$$rtentry$$00000004
    rt_div0.o(.text) refers to defsig_fpe_outer.o(.text) for __rt_SIGFPE
    _printf_char_common.o(.text) refers to __printf_nopercent.o(.text) for __printf
    sys_stackheap_outer.o(.text) refers to libspace.o(.text) for __user_perproc_libspace
    sys_stackheap_outer.o(.text) refers to startup_stm32f407xx.o(.text) for __user_initial_stackheap
    exit.o(.text) refers to rtexit.o(.ARM.Collect$$rtexit$$00000000) for __rt_exit
    defsig_fpe_outer.o(.text) refers to defsig_fpe_inner.o(.text) for __rt_SIGFPE_inner
    defsig_fpe_outer.o(.text) refers to defsig_exit.o(.text) for __sig_exit
    defsig_fpe_formal.o(.text) refers to rt_raise.o(.text) for __rt_raise
    libinit.o(.ARM.Collect$$libinit$$00000000) refers (Special) to libinit2.o(.ARM.Collect$$libinit$$0000002E) for __rt_lib_init_alloca_1
    libinit.o(.ARM.Collect$$libinit$$00000000) refers (Special) to libinit2.o(.ARM.Collect$$libinit$$0000002C) for __rt_lib_init_argv_1
    libinit.o(.ARM.Collect$$libinit$$00000000) refers (Special) to libinit2.o(.ARM.Collect$$libinit$$0000001B) for __rt_lib_init_atexit_1
    libinit.o(.ARM.Collect$$libinit$$00000000) refers (Special) to libinit2.o(.ARM.Collect$$libinit$$00000021) for __rt_lib_init_clock_1
    libinit.o(.ARM.Collect$$libinit$$00000000) refers (Special) to libinit2.o(.ARM.Collect$$libinit$$00000032) for __rt_lib_init_cpp_1
    libinit.o(.ARM.Collect$$libinit$$00000000) refers (Special) to libinit2.o(.ARM.Collect$$libinit$$00000030) for __rt_lib_init_exceptions_1
    libinit.o(.ARM.Collect$$libinit$$00000000) refers (Special) to libinit2.o(.ARM.Collect$$libinit$$00000001) for __rt_lib_init_fp_1
    libinit.o(.ARM.Collect$$libinit$$00000000) refers (Special) to libinit2.o(.ARM.Collect$$libinit$$0000001F) for __rt_lib_init_fp_trap_1
    libinit.o(.ARM.Collect$$libinit$$00000000) refers (Special) to libinit2.o(.ARM.Collect$$libinit$$00000023) for __rt_lib_init_getenv_1
    libinit.o(.ARM.Collect$$libinit$$00000000) refers (Special) to libinit2.o(.ARM.Collect$$libinit$$0000000A) for __rt_lib_init_heap_1
    libinit.o(.ARM.Collect$$libinit$$00000000) refers (Special) to libinit2.o(.ARM.Collect$$libinit$$00000011) for __rt_lib_init_lc_collate_1
    libinit.o(.ARM.Collect$$libinit$$00000000) refers (Special) to libinit2.o(.ARM.Collect$$libinit$$00000013) for __rt_lib_init_lc_ctype_1
    libinit.o(.ARM.Collect$$libinit$$00000000) refers (Special) to libinit2.o(.ARM.Collect$$libinit$$00000015) for __rt_lib_init_lc_monetary_1
    libinit.o(.ARM.Collect$$libinit$$00000000) refers (Special) to libinit2.o(.ARM.Collect$$libinit$$00000017) for __rt_lib_init_lc_numeric_1
    libinit.o(.ARM.Collect$$libinit$$00000000) refers (Special) to libinit2.o(.ARM.Collect$$libinit$$00000019) for __rt_lib_init_lc_time_1
    libinit.o(.ARM.Collect$$libinit$$00000000) refers (Special) to libinit2.o(.ARM.Collect$$libinit$$00000004) for __rt_lib_init_preinit_1
    libinit.o(.ARM.Collect$$libinit$$00000000) refers (Special) to libinit2.o(.ARM.Collect$$libinit$$0000000E) for __rt_lib_init_rand_1
    libinit.o(.ARM.Collect$$libinit$$00000000) refers (Special) to libinit2.o(.ARM.Collect$$libinit$$00000033) for __rt_lib_init_return
    libinit.o(.ARM.Collect$$libinit$$00000000) refers (Special) to libinit2.o(.ARM.Collect$$libinit$$0000001D) for __rt_lib_init_signal_1
    libinit.o(.ARM.Collect$$libinit$$00000000) refers (Special) to libinit2.o(.ARM.Collect$$libinit$$00000025) for __rt_lib_init_stdio_1
    libinit.o(.ARM.Collect$$libinit$$00000000) refers (Special) to libinit2.o(.ARM.Collect$$libinit$$0000000C) for __rt_lib_init_user_alloc_1
    libspace.o(.text) refers to libspace.o(.bss) for __libspace_start
    rtexit.o(.ARM.Collect$$rtexit$$00000000) refers (Special) to rtexit2.o(.ARM.Collect$$rtexit$$00000004) for __rt_exit_exit
    rtexit.o(.ARM.Collect$$rtexit$$00000000) refers (Special) to rtexit2.o(.ARM.Collect$$rtexit$$00000003) for __rt_exit_ls
    rtexit.o(.ARM.Collect$$rtexit$$00000000) refers (Special) to rtexit2.o(.ARM.Collect$$rtexit$$00000002) for __rt_exit_prels_1
    rtexit.o(.ARM.exidx) refers (Special) to rtexit2.o(.ARM.Collect$$rtexit$$00000004) for __rt_exit_exit
    rtexit.o(.ARM.exidx) refers (Special) to rtexit2.o(.ARM.Collect$$rtexit$$00000003) for __rt_exit_ls
    rtexit.o(.ARM.exidx) refers (Special) to rtexit2.o(.ARM.Collect$$rtexit$$00000002) for __rt_exit_prels_1
    rtexit.o(.ARM.exidx) refers to rtexit.o(.ARM.Collect$$rtexit$$00000000) for .ARM.Collect$$rtexit$$00000000
    rt_raise.o(.text) refers to __raise.o(.text) for __raise
    rt_raise.o(.text) refers to retarget.o(.text) for _sys_exit
    defsig_exit.o(.text) refers to retarget.o(.text) for _sys_exit
    defsig_fpe_inner.o(.text) refers to defsig_general.o(.text) for __default_signal_display
    libinit2.o(.ARM.Collect$$libinit$$00000001) refers to fpinit.o(x$fpl$fpinit) for _fp_init
    libinit2.o(.ARM.Collect$$libinit$$00000010) refers to libinit2.o(.ARM.Collect$$libinit$$0000000F) for .ARM.Collect$$libinit$$0000000F
    libinit2.o(.ARM.Collect$$libinit$$00000012) refers to libinit2.o(.ARM.Collect$$libinit$$0000000F) for .ARM.Collect$$libinit$$0000000F
    libinit2.o(.ARM.Collect$$libinit$$00000014) refers to libinit2.o(.ARM.Collect$$libinit$$0000000F) for .ARM.Collect$$libinit$$0000000F
    libinit2.o(.ARM.Collect$$libinit$$00000016) refers to libinit2.o(.ARM.Collect$$libinit$$0000000F) for .ARM.Collect$$libinit$$0000000F
    libinit2.o(.ARM.Collect$$libinit$$00000018) refers to libinit2.o(.ARM.Collect$$libinit$$0000000F) for .ARM.Collect$$libinit$$0000000F
    libinit2.o(.ARM.Collect$$libinit$$00000026) refers to argv_veneer.o(.emb_text) for __ARM_argv_veneer
    libinit2.o(.ARM.Collect$$libinit$$00000027) refers to argv_veneer.o(.emb_text) for __ARM_argv_veneer
    rtexit2.o(.ARM.Collect$$rtexit$$00000003) refers to libshutdown.o(.ARM.Collect$$libshutdown$$00000000) for __rt_lib_shutdown
    rtexit2.o(.ARM.Collect$$rtexit$$00000004) refers to retarget.o(.text) for _sys_exit
    rtexit2.o(.ARM.exidx) refers to rtexit2.o(.ARM.Collect$$rtexit$$00000001) for .ARM.Collect$$rtexit$$00000001
    rtexit2.o(.ARM.exidx) refers to rtexit2.o(.ARM.Collect$$rtexit$$00000003) for .ARM.Collect$$rtexit$$00000003
    rtexit2.o(.ARM.exidx) refers to rtexit2.o(.ARM.Collect$$rtexit$$00000004) for .ARM.Collect$$rtexit$$00000004
    __raise.o(.text) refers to defsig.o(CL$$defsig) for __default_signal_handler
    defsig_general.o(.text) refers to retarget.o(.text) for _ttywrch
    argv_veneer.o(.emb_text) refers to no_argv.o(.text) for __ARM_get_argv
    defsig.o(CL$$defsig) refers to defsig_fpe_inner.o(.text) for __rt_SIGFPE_inner
    defsig.o(CL$$defsig) refers to defsig_rtmem_inner.o(.text) for __rt_SIGRTMEM_inner
    _get_argv_nomalloc.o(.text) refers (Special) to hrguard.o(.text) for __heap_region$guard
    _get_argv_nomalloc.o(.text) refers to defsig_rtmem_outer.o(.text) for __rt_SIGRTMEM
    _get_argv_nomalloc.o(.text) refers to sys_command.o(.text) for _sys_command_string
    libshutdown.o(.ARM.Collect$$libshutdown$$00000000) refers (Special) to libshutdown2.o(.ARM.Collect$$libshutdown$$00000002) for __rt_lib_shutdown_cpp_1
    libshutdown.o(.ARM.Collect$$libshutdown$$00000000) refers (Special) to libshutdown2.o(.ARM.Collect$$libshutdown$$00000007) for __rt_lib_shutdown_fp_trap_1
    libshutdown.o(.ARM.Collect$$libshutdown$$00000000) refers (Special) to libshutdown2.o(.ARM.Collect$$libshutdown$$0000000F) for __rt_lib_shutdown_heap_1
    libshutdown.o(.ARM.Collect$$libshutdown$$00000000) refers (Special) to libshutdown2.o(.ARM.Collect$$libshutdown$$00000010) for __rt_lib_shutdown_return
    libshutdown.o(.ARM.Collect$$libshutdown$$00000000) refers (Special) to libshutdown2.o(.ARM.Collect$$libshutdown$$0000000A) for __rt_lib_shutdown_signal_1
    libshutdown.o(.ARM.Collect$$libshutdown$$00000000) refers (Special) to libshutdown2.o(.ARM.Collect$$libshutdown$$00000004) for __rt_lib_shutdown_stdio_1
    libshutdown.o(.ARM.Collect$$libshutdown$$00000000) refers (Special) to libshutdown2.o(.ARM.Collect$$libshutdown$$0000000C) for __rt_lib_shutdown_user_alloc_1
    sys_command.o(.text) refers (Special) to use_no_semi.o(.text) for __I$use$semihosting
    sys_command.o(.text) refers (Special) to indicate_semi.o(.text) for __semihosting_library_function
    defsig_abrt_inner.o(.text) refers to defsig_general.o(.text) for __default_signal_display
    defsig_rtred_inner.o(.text) refers to defsig_general.o(.text) for __default_signal_display
    defsig_rtmem_inner.o(.text) refers to defsig_general.o(.text) for __default_signal_display
    defsig_rtmem_outer.o(.text) refers to defsig_rtmem_inner.o(.text) for __rt_SIGRTMEM_inner
    defsig_rtmem_outer.o(.text) refers to defsig_exit.o(.text) for __sig_exit
    defsig_rtmem_formal.o(.text) refers to rt_raise.o(.text) for __rt_raise
    defsig_stak_inner.o(.text) refers to defsig_general.o(.text) for __default_signal_display
    defsig_pvfn_inner.o(.text) refers to defsig_general.o(.text) for __default_signal_display
    defsig_cppl_inner.o(.text) refers to defsig_general.o(.text) for __default_signal_display
    defsig_segv_inner.o(.text) refers to defsig_general.o(.text) for __default_signal_display
    defsig_other.o(.text) refers to defsig_general.o(.text) for __default_signal_display


==============================================================================

Removing Unused input sections from the image.

    Removing retarget.o(.rev16_text), (4 bytes).
    Removing retarget.o(.revsh_text), (4 bytes).
    Removing retarget.o(.rrx_text), (6 bytes).
    Removing serial.o(.rev16_text), (4 bytes).
    Removing serial.o(.revsh_text), (4 bytes).
    Removing serial.o(.rrx_text), (6 bytes).
    Removing main.o(.rev16_text), (4 bytes).
    Removing main.o(.revsh_text), (4 bytes).
    Removing main.o(.rrx_text), (6 bytes).
    Removing priority.o(.rev16_text), (4 bytes).
    Removing priority.o(.revsh_text), (4 bytes).
    Removing priority.o(.rrx_text), (6 bytes).
    Removing os.o(.rev16_text), (4 bytes).
    Removing os.o(.revsh_text), (4 bytes).
    Removing os.o(.rrx_text), (6 bytes).
    Removing sleep.o(.rev16_text), (4 bytes).
    Removing sleep.o(.revsh_text), (4 bytes).
    Removing sleep.o(.rrx_text), (6 bytes).
    Removing mutex.o(.rev16_text), (4 bytes).
    Removing mutex.o(.revsh_text), (4 bytes).
    Removing mutex.o(.rrx_text), (6 bytes).
    Removing semaphore.o(.rev16_text), (4 bytes).
    Removing semaphore.o(.revsh_text), (4 bytes).
    Removing semaphore.o(.rrx_text), (6 bytes).
    Removing mempool.o(.rev16_text), (4 bytes).
    Removing mempool.o(.revsh_text), (4 bytes).
    Removing mempool.o(.rrx_text), (6 bytes).
    Removing system_stm32f4xx.o(.rev16_text), (4 bytes).
    Removing system_stm32f4xx.o(.revsh_text), (4 bytes).
    Removing system_stm32f4xx.o(.rrx_text), (6 bytes).

30 unused section(s) (total 140 bytes) removed from the image.

==============================================================================

Image Symbol Table

    Local Symbols

    Symbol Name                              Value     Ov Type        Size  Object(Section)

    ../clib/angel/boardlib.s                 0x00000000   Number         0  boardinit2.o ABSOLUTE
    ../clib/angel/boardlib.s                 0x00000000   Number         0  boardinit3.o ABSOLUTE
    ../clib/angel/boardlib.s                 0x00000000   Number         0  boardinit1.o ABSOLUTE
    ../clib/angel/boardlib.s                 0x00000000   Number         0  boardshut.o ABSOLUTE
    ../clib/angel/handlers.s                 0x00000000   Number         0  __scatter_zi.o ABSOLUTE
    ../clib/angel/handlers.s                 0x00000000   Number         0  __scatter_copy.o ABSOLUTE
    ../clib/angel/kernel.s                   0x00000000   Number         0  __rtentry.o ABSOLUTE
    ../clib/angel/kernel.s                   0x00000000   Number         0  rtexit2.o ABSOLUTE
    ../clib/angel/kernel.s                   0x00000000   Number         0  rtexit.o ABSOLUTE
    ../clib/angel/kernel.s                   0x00000000   Number         0  __rtentry2.o ABSOLUTE
    ../clib/angel/kernel.s                   0x00000000   Number         0  __rtentry4.o ABSOLUTE
    ../clib/angel/rt.s                       0x00000000   Number         0  rt_raise.o ABSOLUTE
    ../clib/angel/rt.s                       0x00000000   Number         0  aeabi_ldiv0.o ABSOLUTE
    ../clib/angel/rt.s                       0x00000000   Number         0  aeabi_ldiv0_sigfpe.o ABSOLUTE
    ../clib/angel/rt.s                       0x00000000   Number         0  rt_div0.o ABSOLUTE
    ../clib/angel/scatter.s                  0x00000000   Number         0  __scatter.o ABSOLUTE
    ../clib/angel/startup.s                  0x00000000   Number         0  __main.o ABSOLUTE
    ../clib/angel/sys.s                      0x00000000   Number         0  use_no_semi.o ABSOLUTE
    ../clib/angel/sys.s                      0x00000000   Number         0  indicate_semi.o ABSOLUTE
    ../clib/angel/sys.s                      0x00000000   Number         0  libspace.o ABSOLUTE
    ../clib/angel/sys.s                      0x00000000   Number         0  sys_stackheap_outer.o ABSOLUTE
    ../clib/angel/sysapp.c                   0x00000000   Number         0  sys_command.o ABSOLUTE
    ../clib/armsys.c                         0x00000000   Number         0  no_argv.o ABSOLUTE
    ../clib/armsys.c                         0x00000000   Number         0  _get_argv_nomalloc.o ABSOLUTE
    ../clib/armsys.c                         0x00000000   Number         0  argv_veneer.o ABSOLUTE
    ../clib/armsys.c                         0x00000000   Number         0  argv_veneer.o ABSOLUTE
    ../clib/heapalloc.c                      0x00000000   Number         0  hrguard.o ABSOLUTE
    ../clib/heapaux.c                        0x00000000   Number         0  heapauxi.o ABSOLUTE
    ../clib/libinit.s                        0x00000000   Number         0  libshutdown.o ABSOLUTE
    ../clib/libinit.s                        0x00000000   Number         0  libinit.o ABSOLUTE
    ../clib/libinit.s                        0x00000000   Number         0  libinit2.o ABSOLUTE
    ../clib/libinit.s                        0x00000000   Number         0  libshutdown2.o ABSOLUTE
    ../clib/longlong.s                       0x00000000   Number         0  lludivv7m.o ABSOLUTE
    ../clib/memcpset.s                       0x00000000   Number         0  rt_memclr_w.o ABSOLUTE
    ../clib/printf.c                         0x00000000   Number         0  __printf_nopercent.o ABSOLUTE
    ../clib/printf.c                         0x00000000   Number         0  __2printf.o ABSOLUTE
    ../clib/printf.c                         0x00000000   Number         0  noretval__2printf.o ABSOLUTE
    ../clib/printf.c                         0x00000000   Number         0  _printf_char_common.o ABSOLUTE
    ../clib/printf.c                         0x00000000   Number         0  _printf_char_file.o ABSOLUTE
    ../clib/signal.c                         0x00000000   Number         0  defsig_cppl_inner.o ABSOLUTE
    ../clib/signal.c                         0x00000000   Number         0  defsig_rtmem_inner.o ABSOLUTE
    ../clib/signal.c                         0x00000000   Number         0  defsig_fpe_formal.o ABSOLUTE
    ../clib/signal.c                         0x00000000   Number         0  defsig_fpe_inner.o ABSOLUTE
    ../clib/signal.c                         0x00000000   Number         0  defsig_exit.o ABSOLUTE
    ../clib/signal.c                         0x00000000   Number         0  defsig_other.o ABSOLUTE
    ../clib/signal.c                         0x00000000   Number         0  defsig_segv_inner.o ABSOLUTE
    ../clib/signal.c                         0x00000000   Number         0  defsig_general.o ABSOLUTE
    ../clib/signal.c                         0x00000000   Number         0  defsig_pvfn_inner.o ABSOLUTE
    ../clib/signal.c                         0x00000000   Number         0  defsig_stak_inner.o ABSOLUTE
    ../clib/signal.c                         0x00000000   Number         0  __raise.o ABSOLUTE
    ../clib/signal.c                         0x00000000   Number         0  defsig_rtmem_formal.o ABSOLUTE
    ../clib/signal.c                         0x00000000   Number         0  defsig_rtmem_outer.o ABSOLUTE
    ../clib/signal.c                         0x00000000   Number         0  defsig_rtred_inner.o ABSOLUTE
    ../clib/signal.c                         0x00000000   Number         0  defsig_abrt_inner.o ABSOLUTE
    ../clib/signal.c                         0x00000000   Number         0  defsig_fpe_outer.o ABSOLUTE
    ../clib/signal.s                         0x00000000   Number         0  defsig.o ABSOLUTE
    ../clib/stdlib.c                         0x00000000   Number         0  exit.o ABSOLUTE
    ../fplib/fpinit.s                        0x00000000   Number         0  fpinit.o ABSOLUTE
    OS\\os.c                                 0x00000000   Number         0  os.o ABSOLUTE
    OS\os.c                                  0x00000000   Number         0  os.o ABSOLUTE
    OS\os_asm.s                              0x00000000   Number         0  os_asm.o ABSOLUTE
    RTE\Device\STM32F407VG\startup_stm32f407xx.s 0x00000000   Number         0  startup_stm32f407xx.o ABSOLUTE
    RTE\Device\STM32F407VG\system_stm32f4xx.c 0x00000000   Number         0  system_stm32f4xx.o ABSOLUTE
    RTE\\Device\\STM32F407VG\\system_stm32f4xx.c 0x00000000   Number         0  system_stm32f4xx.o ABSOLUTE
    dc.s                                     0x00000000   Number         0  dc.o ABSOLUTE
    heap.c                                   0x00000000   Number         0  heap.o ABSOLUTE
    main.c                                   0x00000000   Number         0  main.o ABSOLUTE
    main.c                                   0x00000000   Number         0  main.o ABSOLUTE
    mempool.c                                0x00000000   Number         0  mempool.o ABSOLUTE
    mempool.c                                0x00000000   Number         0  mempool.o ABSOLUTE
    mutex.c                                  0x00000000   Number         0  mutex.o ABSOLUTE
    mutex.c                                  0x00000000   Number         0  mutex.o ABSOLUTE
    priority.c                               0x00000000   Number         0  priority.o ABSOLUTE
    priority.c                               0x00000000   Number         0  priority.o ABSOLUTE
    semaphore.c                              0x00000000   Number         0  semaphore.o ABSOLUTE
    semaphore.c                              0x00000000   Number         0  semaphore.o ABSOLUTE
    sleep.c                                  0x00000000   Number         0  sleep.o ABSOLUTE
    sleep.c                                  0x00000000   Number         0  sleep.o ABSOLUTE
    utils\\hardfault.c                       0x00000000   Number         0  hardfault.o ABSOLUTE
    utils\\retarget.c                        0x00000000   Number         0  retarget.o ABSOLUTE
    utils\\serial.c                          0x00000000   Number         0  serial.o ABSOLUTE
    utils\hardfault.c                        0x00000000   Number         0  hardfault.o ABSOLUTE
    utils\retarget.c                         0x00000000   Number         0  retarget.o ABSOLUTE
    utils\serial.c                           0x00000000   Number         0  serial.o ABSOLUTE
    RESET                                    0x08000000   Section      392  startup_stm32f407xx.o(RESET)
    !!!main                                  0x08000188   Section        8  __main.o(!!!main)
    !!!scatter                               0x08000190   Section       52  __scatter.o(!!!scatter)
    !!handler_copy                           0x080001c4   Section       26  __scatter_copy.o(!!handler_copy)
    !!handler_zi                             0x080001e0   Section       28  __scatter_zi.o(!!handler_zi)
    .ARM.Collect$$libinit$$00000000          0x080001fc   Section        2  libinit.o(.ARM.Collect$$libinit$$00000000)
    .ARM.Collect$$libinit$$00000001          0x080001fe   Section        4  libinit2.o(.ARM.Collect$$libinit$$00000001)
    .ARM.Collect$$libinit$$00000004          0x08000202   Section        0  libinit2.o(.ARM.Collect$$libinit$$00000004)
    .ARM.Collect$$libinit$$0000000A          0x08000202   Section        0  libinit2.o(.ARM.Collect$$libinit$$0000000A)
    .ARM.Collect$$libinit$$0000000C          0x08000202   Section        0  libinit2.o(.ARM.Collect$$libinit$$0000000C)
    .ARM.Collect$$libinit$$0000000E          0x08000202   Section        0  libinit2.o(.ARM.Collect$$libinit$$0000000E)
    .ARM.Collect$$libinit$$00000011          0x08000202   Section        0  libinit2.o(.ARM.Collect$$libinit$$00000011)
    .ARM.Collect$$libinit$$00000013          0x08000202   Section        0  libinit2.o(.ARM.Collect$$libinit$$00000013)
    .ARM.Collect$$libinit$$00000015          0x08000202   Section        0  libinit2.o(.ARM.Collect$$libinit$$00000015)
    .ARM.Collect$$libinit$$00000017          0x08000202   Section        0  libinit2.o(.ARM.Collect$$libinit$$00000017)
    .ARM.Collect$$libinit$$00000019          0x08000202   Section        0  libinit2.o(.ARM.Collect$$libinit$$00000019)
    .ARM.Collect$$libinit$$0000001B          0x08000202   Section        0  libinit2.o(.ARM.Collect$$libinit$$0000001B)
    .ARM.Collect$$libinit$$0000001D          0x08000202   Section        0  libinit2.o(.ARM.Collect$$libinit$$0000001D)
    .ARM.Collect$$libinit$$0000001F          0x08000202   Section        0  libinit2.o(.ARM.Collect$$libinit$$0000001F)
    .ARM.Collect$$libinit$$00000021          0x08000202   Section        0  libinit2.o(.ARM.Collect$$libinit$$00000021)
    .ARM.Collect$$libinit$$00000023          0x08000202   Section        0  libinit2.o(.ARM.Collect$$libinit$$00000023)
    .ARM.Collect$$libinit$$00000025          0x08000202   Section        0  libinit2.o(.ARM.Collect$$libinit$$00000025)
    .ARM.Collect$$libinit$$0000002C          0x08000202   Section        0  libinit2.o(.ARM.Collect$$libinit$$0000002C)
    .ARM.Collect$$libinit$$0000002E          0x08000202   Section        0  libinit2.o(.ARM.Collect$$libinit$$0000002E)
    .ARM.Collect$$libinit$$00000030          0x08000202   Section        0  libinit2.o(.ARM.Collect$$libinit$$00000030)
    .ARM.Collect$$libinit$$00000032          0x08000202   Section        0  libinit2.o(.ARM.Collect$$libinit$$00000032)
    .ARM.Collect$$libinit$$00000033          0x08000202   Section        2  libinit2.o(.ARM.Collect$$libinit$$00000033)
    .ARM.Collect$$libshutdown$$00000000      0x08000204   Section        2  libshutdown.o(.ARM.Collect$$libshutdown$$00000000)
    .ARM.Collect$$libshutdown$$00000002      0x08000206   Section        0  libshutdown2.o(.ARM.Collect$$libshutdown$$00000002)
    .ARM.Collect$$libshutdown$$00000004      0x08000206   Section        0  libshutdown2.o(.ARM.Collect$$libshutdown$$00000004)
    .ARM.Collect$$libshutdown$$00000007      0x08000206   Section        0  libshutdown2.o(.ARM.Collect$$libshutdown$$00000007)
    .ARM.Collect$$libshutdown$$0000000A      0x08000206   Section        0  libshutdown2.o(.ARM.Collect$$libshutdown$$0000000A)
    .ARM.Collect$$libshutdown$$0000000C      0x08000206   Section        0  libshutdown2.o(.ARM.Collect$$libshutdown$$0000000C)
    .ARM.Collect$$libshutdown$$0000000F      0x08000206   Section        0  libshutdown2.o(.ARM.Collect$$libshutdown$$0000000F)
    .ARM.Collect$$libshutdown$$00000010      0x08000206   Section        2  libshutdown2.o(.ARM.Collect$$libshutdown$$00000010)
    .ARM.Collect$$rtentry$$00000000          0x08000208   Section        0  __rtentry.o(.ARM.Collect$$rtentry$$00000000)
    .ARM.Collect$$rtentry$$00000002          0x08000208   Section        0  __rtentry2.o(.ARM.Collect$$rtentry$$00000002)
    .ARM.Collect$$rtentry$$00000004          0x08000208   Section        6  __rtentry4.o(.ARM.Collect$$rtentry$$00000004)
    .ARM.Collect$$rtentry$$00000009          0x0800020e   Section        0  __rtentry2.o(.ARM.Collect$$rtentry$$00000009)
    .ARM.Collect$$rtentry$$0000000A          0x0800020e   Section        4  __rtentry2.o(.ARM.Collect$$rtentry$$0000000A)
    .ARM.Collect$$rtentry$$0000000C          0x08000212   Section        0  __rtentry2.o(.ARM.Collect$$rtentry$$0000000C)
    .ARM.Collect$$rtentry$$0000000D          0x08000212   Section        8  __rtentry2.o(.ARM.Collect$$rtentry$$0000000D)
    .ARM.Collect$$rtexit$$00000000           0x0800021a   Section        2  rtexit.o(.ARM.Collect$$rtexit$$00000000)
    .ARM.Collect$$rtexit$$00000002           0x0800021c   Section        0  rtexit2.o(.ARM.Collect$$rtexit$$00000002)
    .ARM.Collect$$rtexit$$00000003           0x0800021c   Section        4  rtexit2.o(.ARM.Collect$$rtexit$$00000003)
    .ARM.Collect$$rtexit$$00000004           0x08000220   Section        6  rtexit2.o(.ARM.Collect$$rtexit$$00000004)
    .emb_text                                0x08000228   Section       18  hardfault.o(.emb_text)
    $v0                                      0x08000228   Number         0  hardfault.o(.emb_text)
    .text                                    0x0800023c   Section        0  retarget.o(.text)
    .text                                    0x0800027c   Section        0  serial.o(.text)
    _configUSART2                            0x0800027d   Thumb Code   180  serial.o(.text)
    .text                                    0x08000354   Section        0  main.o(.text)
    .text                                    0x080005d8   Section        0  priority.o(.text)
    priority_scheduler                       0x080005ed   Thumb Code   174  priority.o(.text)
    priority_addTask                         0x0800069b   Thumb Code    26  priority.o(.text)
    priority_taskExit                        0x080006b5   Thumb Code    12  priority.o(.text)
    priority_wait                            0x080006c1   Thumb Code    40  priority.o(.text)
    priority_notify                          0x080006e9   Thumb Code    20  priority.o(.text)
    .text                                    0x08000714   Section        0  os.o(.text)
    __NVIC_SetPriority                       0x08000715   Thumb Code    32  os.o(.text)
    .text                                    0x08000918   Section        0  sleep.o(.text)
    .text                                    0x08000938   Section        0  hardfault.o(.text)
    .text                                    0x08000994   Section        0  mutex.o(.text)
    .text                                    0x08000a06   Section        0  heap.o(.text)
    heap_up                                  0x08000a07   Thumb Code   116  heap.o(.text)
    heap_down                                0x08000a7b   Thumb Code   166  heap.o(.text)
    .text                                    0x08000b70   Section        0  semaphore.o(.text)
    .text                                    0x08000c30   Section        0  mempool.o(.text)
    .text                                    0x08000c70   Section       64  startup_stm32f407xx.o(.text)
    $v0                                      0x08000c70   Number         0  startup_stm32f407xx.o(.text)
    .text                                    0x08000cb0   Section        0  system_stm32f4xx.o(.text)
    SetSysClock                              0x08000d5b   Thumb Code   224  system_stm32f4xx.o(.text)
    .text                                    0x08000ec4   Section        2  use_no_semi.o(.text)
    .text                                    0x08000ec6   Section      238  lludivv7m.o(.text)
    .text                                    0x08000fb4   Section        0  noretval__2printf.o(.text)
    .text                                    0x08000fcc   Section       78  rt_memclr_w.o(.text)
    .text                                    0x0800101a   Section        0  heapauxi.o(.text)
    .text                                    0x08001020   Section        0  _printf_char_file.o(.text)
    .text                                    0x08001044   Section        0  _printf_char_common.o(.text)
    _printf_input_char                       0x08001045   Thumb Code    10  _printf_char_common.o(.text)
    .text                                    0x08001074   Section       74  sys_stackheap_outer.o(.text)
    .text                                    0x080010be   Section        0  __printf_nopercent.o(.text)
    .text                                    0x080010e6   Section        0  exit.o(.text)
    .text                                    0x080010f8   Section        8  libspace.o(.text)
    OS_func                                  0x08001100   Section      148  os_asm.o(OS_func)
    $v0                                      0x08001100   Number         0  os_asm.o(OS_func)
    SVC_tableStart                           0x08001120   Data           0  os_asm.o(OS_func)
    x$fpl$fpinit                             0x08001194   Section       10  fpinit.o(x$fpl$fpinit)
    $v0                                      0x08001194   Number         0  fpinit.o(x$fpl$fpinit)
    .constdata                               0x080011a0   Section       24  priority.o(.constdata)
    .constdata                               0x080011b8   Section        4  os.o(.constdata)
    .constdata                               0x080011bc   Section       16  system_stm32f4xx.o(.constdata)
    .data                                    0x20000000   Section        4  retarget.o(.data)
    .data                                    0x20000004   Section       40  serial.o(.data)
    AHBdiv                                   0x20000004   Data          32  serial.o(.data)
    APBdiv                                   0x20000024   Data           8  serial.o(.data)
    .data                                    0x2000002c   Section       16  main.o(.data)
    semaphore                                0x2000002c   Data           8  main.o(.data)
    pool                                     0x20000034   Data           8  main.o(.data)
    .data                                    0x2000003c   Section       16  priority.o(.data)
    runningHeap                              0x2000003c   Data           8  priority.o(.data)
    sleepHeap                                0x20000044   Data           8  priority.o(.data)
    .data                                    0x2000004c   Section       40  os.o(.data)
    OS_idleTCB                               0x2000004c   Data          24  os.o(.data)
    _ticks                                   0x20000064   Data           4  os.o(.data)
    checkValue                               0x20000068   Data           4  os.o(.data)
    _scheduler                               0x2000006c   Data           4  os.o(.data)
    .data                                    0x20000074   Section        4  system_stm32f4xx.o(.data)
    .bss                                     0x20000078   Section     1864  main.o(.bss)
    runningMutex                             0x20000078   Data          12  main.o(.bss)
    poolMutex                                0x20000084   Data          12  main.o(.bss)
    poolElements                             0x20000090   Data         160  main.o(.bss)
    stack1                                   0x20000130   Data         256  main.o(.bss)
    stack2                                   0x20000230   Data         256  main.o(.bss)
    stack4                                   0x20000330   Data         256  main.o(.bss)
    stack5                                   0x20000430   Data         256  main.o(.bss)
    stack6                                   0x20000530   Data         256  main.o(.bss)
    stack7                                   0x20000630   Data         256  main.o(.bss)
    TCB1                                     0x20000730   Data          24  main.o(.bss)
    TCB2                                     0x20000748   Data          24  main.o(.bss)
    TCB4                                     0x20000760   Data          24  main.o(.bss)
    TCB5                                     0x20000778   Data          24  main.o(.bss)
    TCB6                                     0x20000790   Data          24  main.o(.bss)
    TCB7                                     0x200007a8   Data          24  main.o(.bss)
    .bss                                     0x200007c0   Section       64  priority.o(.bss)
    runningStore                             0x200007c0   Data          32  priority.o(.bss)
    sleepStore                               0x200007e0   Data          32  priority.o(.bss)
    .bss                                     0x20000800   Section       64  os.o(.bss)
    _idleTaskSF                              0x20000800   Data          64  os.o(.bss)
    .bss                                     0x20000840   Section       96  libspace.o(.bss)
    HEAP                                     0x200008a0   Section      512  startup_stm32f407xx.o(HEAP)
    Heap_Mem                                 0x200008a0   Data         512  startup_stm32f407xx.o(HEAP)
    STACK                                    0x20000aa0   Section     1024  startup_stm32f407xx.o(STACK)
    Stack_Mem                                0x20000aa0   Data        1024  startup_stm32f407xx.o(STACK)
    __initial_sp                             0x20000ea0   Data           0  startup_stm32f407xx.o(STACK)

    Global Symbols

    Symbol Name                              Value     Ov Type        Size  Object(Section)

    BuildAttributes$$THM_ISAv4$E$P$D$K$B$S$7EM$VFPi3$EXTD16$VFPS$VFMA$PE$A:L22UL41UL21$X:L11$S22US41US21$IEEE1$IW$USESV6$~STKCKD$USESV7$~SHL$OSPACE$ROPI$EBA8$UX$STANDARDLIB$REQ8$PRES8$EABIv2 0x00000000   Number         0  anon$$obj.o ABSOLUTE
    __ARM_use_no_argv                        0x00000000   Number         0  main.o ABSOLUTE
    __ARM_exceptions_init                     - Undefined Weak Reference
    __alloca_initialize                       - Undefined Weak Reference
    __arm_preinit_                            - Undefined Weak Reference
    __cpp_initialize__aeabi_                  - Undefined Weak Reference
    __cxa_finalize                            - Undefined Weak Reference
    __rt_locale                               - Undefined Weak Reference
    __sigvec_lookup                           - Undefined Weak Reference
    _atexit_init                              - Undefined Weak Reference
    _call_atexit_fns                          - Undefined Weak Reference
    _clock_init                               - Undefined Weak Reference
    _fp_trap_init                             - Undefined Weak Reference
    _fp_trap_shutdown                         - Undefined Weak Reference
    _get_lc_collate                           - Undefined Weak Reference
    _get_lc_ctype                             - Undefined Weak Reference
    _get_lc_monetary                          - Undefined Weak Reference
    _get_lc_numeric                           - Undefined Weak Reference
    _get_lc_time                              - Undefined Weak Reference
    _getenv_init                              - Undefined Weak Reference
    _handle_redirection                       - Undefined Weak Reference
    _init_alloc                               - Undefined Weak Reference
    _init_user_alloc                          - Undefined Weak Reference
    _initio                                   - Undefined Weak Reference
    _rand_init                                - Undefined Weak Reference
    _signal_finish                            - Undefined Weak Reference
    _signal_init                              - Undefined Weak Reference
    _terminate_alloc                          - Undefined Weak Reference
    _terminate_user_alloc                     - Undefined Weak Reference
    _terminateio                              - Undefined Weak Reference
    __Vectors_Size                           0x00000188   Number         0  startup_stm32f407xx.o ABSOLUTE
    __Vectors                                0x08000000   Data           4  startup_stm32f407xx.o(RESET)
    __Vectors_End                            0x08000188   Data           0  startup_stm32f407xx.o(RESET)
    __main                                   0x08000189   Thumb Code     8  __main.o(!!!main)
    __scatterload                            0x08000191   Thumb Code     0  __scatter.o(!!!scatter)
    __scatterload_rt2                        0x08000191   Thumb Code    44  __scatter.o(!!!scatter)
    __scatterload_rt2_thumb_only             0x08000191   Thumb Code     0  __scatter.o(!!!scatter)
    __scatterload_null                       0x0800019f   Thumb Code     0  __scatter.o(!!!scatter)
    __scatterload_copy                       0x080001c5   Thumb Code    26  __scatter_copy.o(!!handler_copy)
    __scatterload_zeroinit                   0x080001e1   Thumb Code    28  __scatter_zi.o(!!handler_zi)
    __rt_lib_init                            0x080001fd   Thumb Code     0  libinit.o(.ARM.Collect$$libinit$$00000000)
    __rt_lib_init_fp_1                       0x080001ff   Thumb Code     0  libinit2.o(.ARM.Collect$$libinit$$00000001)
    __rt_lib_init_alloca_1                   0x08000203   Thumb Code     0  libinit2.o(.ARM.Collect$$libinit$$0000002E)
    __rt_lib_init_argv_1                     0x08000203   Thumb Code     0  libinit2.o(.ARM.Collect$$libinit$$0000002C)
    __rt_lib_init_atexit_1                   0x08000203   Thumb Code     0  libinit2.o(.ARM.Collect$$libinit$$0000001B)
    __rt_lib_init_clock_1                    0x08000203   Thumb Code     0  libinit2.o(.ARM.Collect$$libinit$$00000021)
    __rt_lib_init_cpp_1                      0x08000203   Thumb Code     0  libinit2.o(.ARM.Collect$$libinit$$00000032)
    __rt_lib_init_exceptions_1               0x08000203   Thumb Code     0  libinit2.o(.ARM.Collect$$libinit$$00000030)
    __rt_lib_init_fp_trap_1                  0x08000203   Thumb Code     0  libinit2.o(.ARM.Collect$$libinit$$0000001F)
    __rt_lib_init_getenv_1                   0x08000203   Thumb Code     0  libinit2.o(.ARM.Collect$$libinit$$00000023)
    __rt_lib_init_heap_1                     0x08000203   Thumb Code     0  libinit2.o(.ARM.Collect$$libinit$$0000000A)
    __rt_lib_init_lc_collate_1               0x08000203   Thumb Code     0  libinit2.o(.ARM.Collect$$libinit$$00000011)
    __rt_lib_init_lc_ctype_1                 0x08000203   Thumb Code     0  libinit2.o(.ARM.Collect$$libinit$$00000013)
    __rt_lib_init_lc_monetary_1              0x08000203   Thumb Code     0  libinit2.o(.ARM.Collect$$libinit$$00000015)
    __rt_lib_init_lc_numeric_1               0x08000203   Thumb Code     0  libinit2.o(.ARM.Collect$$libinit$$00000017)
    __rt_lib_init_lc_time_1                  0x08000203   Thumb Code     0  libinit2.o(.ARM.Collect$$libinit$$00000019)
    __rt_lib_init_preinit_1                  0x08000203   Thumb Code     0  libinit2.o(.ARM.Collect$$libinit$$00000004)
    __rt_lib_init_rand_1                     0x08000203   Thumb Code     0  libinit2.o(.ARM.Collect$$libinit$$0000000E)
    __rt_lib_init_return                     0x08000203   Thumb Code     0  libinit2.o(.ARM.Collect$$libinit$$00000033)
    __rt_lib_init_signal_1                   0x08000203   Thumb Code     0  libinit2.o(.ARM.Collect$$libinit$$0000001D)
    __rt_lib_init_stdio_1                    0x08000203   Thumb Code     0  libinit2.o(.ARM.Collect$$libinit$$00000025)
    __rt_lib_init_user_alloc_1               0x08000203   Thumb Code     0  libinit2.o(.ARM.Collect$$libinit$$0000000C)
    __rt_lib_shutdown                        0x08000205   Thumb Code     0  libshutdown.o(.ARM.Collect$$libshutdown$$00000000)
    __rt_lib_shutdown_cpp_1                  0x08000207   Thumb Code     0  libshutdown2.o(.ARM.Collect$$libshutdown$$00000002)
    __rt_lib_shutdown_fp_trap_1              0x08000207   Thumb Code     0  libshutdown2.o(.ARM.Collect$$libshutdown$$00000007)
    __rt_lib_shutdown_heap_1                 0x08000207   Thumb Code     0  libshutdown2.o(.ARM.Collect$$libshutdown$$0000000F)
    __rt_lib_shutdown_return                 0x08000207   Thumb Code     0  libshutdown2.o(.ARM.Collect$$libshutdown$$00000010)
    __rt_lib_shutdown_signal_1               0x08000207   Thumb Code     0  libshutdown2.o(.ARM.Collect$$libshutdown$$0000000A)
    __rt_lib_shutdown_stdio_1                0x08000207   Thumb Code     0  libshutdown2.o(.ARM.Collect$$libshutdown$$00000004)
    __rt_lib_shutdown_user_alloc_1           0x08000207   Thumb Code     0  libshutdown2.o(.ARM.Collect$$libshutdown$$0000000C)
    __rt_entry                               0x08000209   Thumb Code     0  __rtentry.o(.ARM.Collect$$rtentry$$00000000)
    __rt_entry_presh_1                       0x08000209   Thumb Code     0  __rtentry2.o(.ARM.Collect$$rtentry$$00000002)
    __rt_entry_sh                            0x08000209   Thumb Code     0  __rtentry4.o(.ARM.Collect$$rtentry$$00000004)
    __rt_entry_li                            0x0800020f   Thumb Code     0  __rtentry2.o(.ARM.Collect$$rtentry$$0000000A)
    __rt_entry_postsh_1                      0x0800020f   Thumb Code     0  __rtentry2.o(.ARM.Collect$$rtentry$$00000009)
    __rt_entry_main                          0x08000213   Thumb Code     0  __rtentry2.o(.ARM.Collect$$rtentry$$0000000D)
    __rt_entry_postli_1                      0x08000213   Thumb Code     0  __rtentry2.o(.ARM.Collect$$rtentry$$0000000C)
    __rt_exit                                0x0800021b   Thumb Code     0  rtexit.o(.ARM.Collect$$rtexit$$00000000)
    __rt_exit_ls                             0x0800021d   Thumb Code     0  rtexit2.o(.ARM.Collect$$rtexit$$00000003)
    __rt_exit_prels_1                        0x0800021d   Thumb Code     0  rtexit2.o(.ARM.Collect$$rtexit$$00000002)
    __rt_exit_exit                           0x08000221   Thumb Code     0  rtexit2.o(.ARM.Collect$$rtexit$$00000004)
    HardFault_Handler                        0x08000229   Thumb Code    18  hardfault.o(.emb_text)
    sendchar                                 0x0800023d   Thumb Code    22  retarget.o(.text)
    fputc                                    0x08000253   Thumb Code    14  retarget.o(.text)
    ferror                                   0x08000261   Thumb Code     8  retarget.o(.text)
    _ttywrch                                 0x08000269   Thumb Code    12  retarget.o(.text)
    _sys_exit                                0x08000275   Thumb Code     4  retarget.o(.text)
    serial_init                              0x08000331   Thumb Code    12  serial.o(.text)
    task3                                    0x08000355   Thumb Code    22  main.o(.text)
    task1                                    0x0800036b   Thumb Code    32  main.o(.text)
    task2                                    0x0800038b   Thumb Code    28  main.o(.text)
    task4                                    0x080003a7   Thumb Code    24  main.o(.text)
    task5                                    0x080003bf   Thumb Code    24  main.o(.text)
    task6                                    0x080003d7   Thumb Code    24  main.o(.text)
    task7                                    0x080003ef   Thumb Code    24  main.o(.text)
    main                                     0x08000407   Thumb Code   208  main.o(.text)
    OS_scheduler_init                        0x080005d9   Thumb Code    20  priority.o(.text)
    OS_currentTCB                            0x08000735   Thumb Code     6  os.o(.text)
    OS_elapsedTicks                          0x0800073b   Thumb Code     6  os.o(.text)
    SysTick_Handler                          0x08000741   Thumb Code    22  os.o(.text)
    _svc_OS_yield                            0x08000757   Thumb Code    26  os.o(.text)
    _svc_OS_schedule                         0x08000771   Thumb Code    12  os.o(.text)
    OS_init                                  0x0800077d   Thumb Code   100  os.o(.text)
    OS_start                                 0x080007e1   Thumb Code    24  os.o(.text)
    _OS_task_end                             0x080007f9   Thumb Code     4  os.o(.text)
    OS_initialiseTCB                         0x080007fd   Thumb Code    68  os.o(.text)
    _svc_OS_enable_systick                   0x08000841   Thumb Code    80  os.o(.text)
    _svc_OS_addTask                          0x08000891   Thumb Code    16  os.o(.text)
    _OS_scheduler                            0x080008a1   Thumb Code    12  os.o(.text)
    _svc_OS_task_exit                        0x080008ad   Thumb Code    26  os.o(.text)
    _svc_OS_wait                             0x080008c7   Thumb Code    18  os.o(.text)
    _svc_OS_notify                           0x080008d9   Thumb Code    26  os.o(.text)
    getCheckSum                              0x080008f3   Thumb Code     6  os.o(.text)
    OS_sleep                                 0x08000919   Thumb Code    30  sleep.o(.text)
    HardFault_HandlerC                       0x08000939   Thumb Code    86  hardfault.o(.text)
    init_mutex                               0x08000995   Thumb Code    10  mutex.o(.text)
    OS_mutex_acquire                         0x0800099f   Thumb Code    70  mutex.o(.text)
    OS_mutex_release                         0x080009e5   Thumb Code    34  mutex.o(.text)
    heap_init                                0x08000b21   Thumb Code     8  heap.o(.text)
    heap_insert                              0x08000b29   Thumb Code    26  heap.o(.text)
    heap_extract                             0x08000b43   Thumb Code    32  heap.o(.text)
    heap_isEmpty                             0x08000b63   Thumb Code    14  heap.o(.text)
    init_semaphore                           0x08000b71   Thumb Code    10  semaphore.o(.text)
    OS_semaphore_acquire                     0x08000b7b   Thumb Code   132  semaphore.o(.text)
    OS_semaphore_release                     0x08000bff   Thumb Code    46  semaphore.o(.text)
    pool_init                                0x08000c31   Thumb Code     8  mempool.o(.text)
    pool_allocate                            0x08000c39   Thumb Code    28  mempool.o(.text)
    pool_deallocate                          0x08000c55   Thumb Code    28  mempool.o(.text)
    Reset_Handler                            0x08000c71   Thumb Code     8  startup_stm32f407xx.o(.text)
    NMI_Handler                              0x08000c79   Thumb Code     2  startup_stm32f407xx.o(.text)
    MemManage_Handler                        0x08000c7d   Thumb Code     2  startup_stm32f407xx.o(.text)
    BusFault_Handler                         0x08000c7f   Thumb Code     2  startup_stm32f407xx.o(.text)
    UsageFault_Handler                       0x08000c81   Thumb Code     2  startup_stm32f407xx.o(.text)
    DebugMon_Handler                         0x08000c85   Thumb Code     2  startup_stm32f407xx.o(.text)
    ADC_IRQHandler                           0x08000c8b   Thumb Code     0  startup_stm32f407xx.o(.text)
    CAN1_RX0_IRQHandler                      0x08000c8b   Thumb Code     0  startup_stm32f407xx.o(.text)
    CAN1_RX1_IRQHandler                      0x08000c8b   Thumb Code     0  startup_stm32f407xx.o(.text)
    CAN1_SCE_IRQHandler                      0x08000c8b   Thumb Code     0  startup_stm32f407xx.o(.text)
    CAN1_TX_IRQHandler                       0x08000c8b   Thumb Code     0  startup_stm32f407xx.o(.text)
    CAN2_RX0_IRQHandler                      0x08000c8b   Thumb Code     0  startup_stm32f407xx.o(.text)
    CAN2_RX1_IRQHandler                      0x08000c8b   Thumb Code     0  startup_stm32f407xx.o(.text)
    CAN2_SCE_IRQHandler                      0x08000c8b   Thumb Code     0  startup_stm32f407xx.o(.text)
    CAN2_TX_IRQHandler                       0x08000c8b   Thumb Code     0  startup_stm32f407xx.o(.text)
    DCMI_IRQHandler                          0x08000c8b   Thumb Code     0  startup_stm32f407xx.o(.text)
    DMA1_Stream0_IRQHandler                  0x08000c8b   Thumb Code     0  startup_stm32f407xx.o(.text)
    DMA1_Stream1_IRQHandler                  0x08000c8b   Thumb Code     0  startup_stm32f407xx.o(.text)
    DMA1_Stream2_IRQHandler                  0x08000c8b   Thumb Code     0  startup_stm32f407xx.o(.text)
    DMA1_Stream3_IRQHandler                  0x08000c8b   Thumb Code     0  startup_stm32f407xx.o(.text)
    DMA1_Stream4_IRQHandler                  0x08000c8b   Thumb Code     0  startup_stm32f407xx.o(.text)
    DMA1_Stream5_IRQHandler                  0x08000c8b   Thumb Code     0  startup_stm32f407xx.o(.text)
    DMA1_Stream6_IRQHandler                  0x08000c8b   Thumb Code     0  startup_stm32f407xx.o(.text)
    DMA1_Stream7_IRQHandler                  0x08000c8b   Thumb Code     0  startup_stm32f407xx.o(.text)
    DMA2_Stream0_IRQHandler                  0x08000c8b   Thumb Code     0  startup_stm32f407xx.o(.text)
    DMA2_Stream1_IRQHandler                  0x08000c8b   Thumb Code     0  startup_stm32f407xx.o(.text)
    DMA2_Stream2_IRQHandler                  0x08000c8b   Thumb Code     0  startup_stm32f407xx.o(.text)
    DMA2_Stream3_IRQHandler                  0x08000c8b   Thumb Code     0  startup_stm32f407xx.o(.text)
    DMA2_Stream4_IRQHandler                  0x08000c8b   Thumb Code     0  startup_stm32f407xx.o(.text)
    DMA2_Stream5_IRQHandler                  0x08000c8b   Thumb Code     0  startup_stm32f407xx.o(.text)
    DMA2_Stream6_IRQHandler                  0x08000c8b   Thumb Code     0  startup_stm32f407xx.o(.text)
    DMA2_Stream7_IRQHandler                  0x08000c8b   Thumb Code     0  startup_stm32f407xx.o(.text)
    ETH_IRQHandler                           0x08000c8b   Thumb Code     0  startup_stm32f407xx.o(.text)
    ETH_WKUP_IRQHandler                      0x08000c8b   Thumb Code     0  startup_stm32f407xx.o(.text)
    EXTI0_IRQHandler                         0x08000c8b   Thumb Code     0  startup_stm32f407xx.o(.text)
    EXTI15_10_IRQHandler                     0x08000c8b   Thumb Code     0  startup_stm32f407xx.o(.text)
    EXTI1_IRQHandler                         0x08000c8b   Thumb Code     0  startup_stm32f407xx.o(.text)
    EXTI2_IRQHandler                         0x08000c8b   Thumb Code     0  startup_stm32f407xx.o(.text)
    EXTI3_IRQHandler                         0x08000c8b   Thumb Code     0  startup_stm32f407xx.o(.text)
    EXTI4_IRQHandler                         0x08000c8b   Thumb Code     0  startup_stm32f407xx.o(.text)
    EXTI9_5_IRQHandler                       0x08000c8b   Thumb Code     0  startup_stm32f407xx.o(.text)
    FLASH_IRQHandler                         0x08000c8b   Thumb Code     0  startup_stm32f407xx.o(.text)
    FMC_IRQHandler                           0x08000c8b   Thumb Code     0  startup_stm32f407xx.o(.text)
    FPU_IRQHandler                           0x08000c8b   Thumb Code     0  startup_stm32f407xx.o(.text)
    HASH_RNG_IRQHandler                      0x08000c8b   Thumb Code     0  startup_stm32f407xx.o(.text)
    I2C1_ER_IRQHandler                       0x08000c8b   Thumb Code     0  startup_stm32f407xx.o(.text)
    I2C1_EV_IRQHandler                       0x08000c8b   Thumb Code     0  startup_stm32f407xx.o(.text)
    I2C2_ER_IRQHandler                       0x08000c8b   Thumb Code     0  startup_stm32f407xx.o(.text)
    I2C2_EV_IRQHandler                       0x08000c8b   Thumb Code     0  startup_stm32f407xx.o(.text)
    I2C3_ER_IRQHandler                       0x08000c8b   Thumb Code     0  startup_stm32f407xx.o(.text)
    I2C3_EV_IRQHandler                       0x08000c8b   Thumb Code     0  startup_stm32f407xx.o(.text)
    OTG_FS_IRQHandler                        0x08000c8b   Thumb Code     0  startup_stm32f407xx.o(.text)
    OTG_FS_WKUP_IRQHandler                   0x08000c8b   Thumb Code     0  startup_stm32f407xx.o(.text)
    OTG_HS_EP1_IN_IRQHandler                 0x08000c8b   Thumb Code     0  startup_stm32f407xx.o(.text)
    OTG_HS_EP1_OUT_IRQHandler                0x08000c8b   Thumb Code     0  startup_stm32f407xx.o(.text)
    OTG_HS_IRQHandler                        0x08000c8b   Thumb Code     0  startup_stm32f407xx.o(.text)
    OTG_HS_WKUP_IRQHandler                   0x08000c8b   Thumb Code     0  startup_stm32f407xx.o(.text)
    PVD_IRQHandler                           0x08000c8b   Thumb Code     0  startup_stm32f407xx.o(.text)
    RCC_IRQHandler                           0x08000c8b   Thumb Code     0  startup_stm32f407xx.o(.text)
    RTC_Alarm_IRQHandler                     0x08000c8b   Thumb Code     0  startup_stm32f407xx.o(.text)
    RTC_WKUP_IRQHandler                      0x08000c8b   Thumb Code     0  startup_stm32f407xx.o(.text)
    SDIO_IRQHandler                          0x08000c8b   Thumb Code     0  startup_stm32f407xx.o(.text)
    SPI1_IRQHandler                          0x08000c8b   Thumb Code     0  startup_stm32f407xx.o(.text)
    SPI2_IRQHandler                          0x08000c8b   Thumb Code     0  startup_stm32f407xx.o(.text)
    SPI3_IRQHandler                          0x08000c8b   Thumb Code     0  startup_stm32f407xx.o(.text)
    TAMP_STAMP_IRQHandler                    0x08000c8b   Thumb Code     0  startup_stm32f407xx.o(.text)
    TIM1_BRK_TIM9_IRQHandler                 0x08000c8b   Thumb Code     0  startup_stm32f407xx.o(.text)
    TIM1_CC_IRQHandler                       0x08000c8b   Thumb Code     0  startup_stm32f407xx.o(.text)
    TIM1_TRG_COM_TIM11_IRQHandler            0x08000c8b   Thumb Code     0  startup_stm32f407xx.o(.text)
    TIM1_UP_TIM10_IRQHandler                 0x08000c8b   Thumb Code     0  startup_stm32f407xx.o(.text)
    TIM2_IRQHandler                          0x08000c8b   Thumb Code     0  startup_stm32f407xx.o(.text)
    TIM3_IRQHandler                          0x08000c8b   Thumb Code     0  startup_stm32f407xx.o(.text)
    TIM4_IRQHandler                          0x08000c8b   Thumb Code     0  startup_stm32f407xx.o(.text)
    TIM5_IRQHandler                          0x08000c8b   Thumb Code     0  startup_stm32f407xx.o(.text)
    TIM6_DAC_IRQHandler                      0x08000c8b   Thumb Code     0  startup_stm32f407xx.o(.text)
    TIM7_IRQHandler                          0x08000c8b   Thumb Code     0  startup_stm32f407xx.o(.text)
    TIM8_BRK_TIM12_IRQHandler                0x08000c8b   Thumb Code     0  startup_stm32f407xx.o(.text)
    TIM8_CC_IRQHandler                       0x08000c8b   Thumb Code     0  startup_stm32f407xx.o(.text)
    TIM8_TRG_COM_TIM14_IRQHandler            0x08000c8b   Thumb Code     0  startup_stm32f407xx.o(.text)
    TIM8_UP_TIM13_IRQHandler                 0x08000c8b   Thumb Code     0  startup_stm32f407xx.o(.text)
    UART4_IRQHandler                         0x08000c8b   Thumb Code     0  startup_stm32f407xx.o(.text)
    UART5_IRQHandler                         0x08000c8b   Thumb Code     0  startup_stm32f407xx.o(.text)
    USART1_IRQHandler                        0x08000c8b   Thumb Code     0  startup_stm32f407xx.o(.text)
    USART2_IRQHandler                        0x08000c8b   Thumb Code     0  startup_stm32f407xx.o(.text)
    USART3_IRQHandler                        0x08000c8b   Thumb Code     0  startup_stm32f407xx.o(.text)
    USART6_IRQHandler                        0x08000c8b   Thumb Code     0  startup_stm32f407xx.o(.text)
    WWDG_IRQHandler                          0x08000c8b   Thumb Code     0  startup_stm32f407xx.o(.text)
    __user_initial_stackheap                 0x08000c8d   Thumb Code     0  startup_stm32f407xx.o(.text)
    SystemCoreClockUpdate                    0x08000cb1   Thumb Code   170  system_stm32f4xx.o(.text)
    SystemInit                               0x08000e3b   Thumb Code    94  system_stm32f4xx.o(.text)
    __I$use$semihosting                      0x08000ec5   Thumb Code     0  use_no_semi.o(.text)
    __use_no_semihosting_swi                 0x08000ec5   Thumb Code     2  use_no_semi.o(.text)
    __aeabi_uldivmod                         0x08000ec7   Thumb Code     0  lludivv7m.o(.text)
    _ll_udiv                                 0x08000ec7   Thumb Code   238  lludivv7m.o(.text)
    __2printf                                0x08000fb5   Thumb Code    20  noretval__2printf.o(.text)
    __aeabi_memclr4                          0x08000fcd   Thumb Code     0  rt_memclr_w.o(.text)
    __aeabi_memclr8                          0x08000fcd   Thumb Code     0  rt_memclr_w.o(.text)
    __rt_memclr_w                            0x08000fcd   Thumb Code    78  rt_memclr_w.o(.text)
    _memset_w                                0x08000fd1   Thumb Code     0  rt_memclr_w.o(.text)
    __use_two_region_memory                  0x0800101b   Thumb Code     2  heapauxi.o(.text)
    __rt_heap_escrow$2region                 0x0800101d   Thumb Code     2  heapauxi.o(.text)
    __rt_heap_expand$2region                 0x0800101f   Thumb Code     2  heapauxi.o(.text)
    _printf_char_file                        0x08001021   Thumb Code    32  _printf_char_file.o(.text)
    _printf_char_common                      0x0800104f   Thumb Code    32  _printf_char_common.o(.text)
    __user_setup_stackheap                   0x08001075   Thumb Code    74  sys_stackheap_outer.o(.text)
    __printf                                 0x080010bf   Thumb Code    40  __printf_nopercent.o(.text)
    exit                                     0x080010e7   Thumb Code    18  exit.o(.text)
    __user_libspace                          0x080010f9   Thumb Code     8  libspace.o(.text)
    __user_perproc_libspace                  0x080010f9   Thumb Code     0  libspace.o(.text)
    __user_perthread_libspace                0x080010f9   Thumb Code     0  libspace.o(.text)
    SVC_Handler                              0x08001101   Thumb Code     0  os_asm.o(OS_func)
    PendSV_Handler                           0x0800113d   Thumb Code     0  os_asm.o(OS_func)
    _task_switch                             0x08001147   Thumb Code     0  os_asm.o(OS_func)
    _task_init_switch                        0x0800116d   Thumb Code     0  os_asm.o(OS_func)
    _fp_init                                 0x08001195   Thumb Code    10  fpinit.o(x$fpl$fpinit)
    __fplib_config_fpu_vfp                   0x0800119d   Thumb Code     0  fpinit.o(x$fpl$fpinit)
    __fplib_config_pureend_doubles           0x0800119d   Thumb Code     0  fpinit.o(x$fpl$fpinit)
    priorityScheduler                        0x080011a0   Data          24  priority.o(.constdata)
    OS_idleTCB_p                             0x080011b8   Data           4  os.o(.constdata)
    AHBPrescTable                            0x080011bc   Data          16  system_stm32f4xx.o(.constdata)
    Region$$Table$$Base                      0x080011cc   Number         0  anon$$obj.o(Region$$Table)
    Region$$Table$$Limit                     0x080011ec   Number         0  anon$$obj.o(Region$$Table)
    __stdout                                 0x20000000   Data           4  retarget.o(.data)
    _currentTCB                              0x20000070   Data           4  os.o(.data)
    SystemCoreClock                          0x20000074   Data           4  system_stm32f4xx.o(.data)
    __libspace_start                         0x20000840   Data          96  libspace.o(.bss)
    __temporary_stack_top$libspace           0x200008a0   Data           0  libspace.o(.bss)



==============================================================================

Memory Map of the image

  Image Entry point : 0x08000189

  Load Region LR_IROM1 (Base: 0x08000000, Size: 0x00001264, Max: 0x00100000, ABSOLUTE)

    Execution Region ER_IROM1 (Exec base: 0x08000000, Load base: 0x08000000, Size: 0x000011ec, Max: 0x00100000, ABSOLUTE)

    Exec Addr    Load Addr    Size         Type   Attr      Idx    E Section Name        Object

    0x08000000   0x08000000   0x00000188   Data   RO          372    RESET               startup_stm32f407xx.o
    0x08000188   0x08000188   0x00000008   Code   RO          423  * !!!main             c_w.l(__main.o)
    0x08000190   0x08000190   0x00000034   Code   RO          590    !!!scatter          c_w.l(__scatter.o)
    0x080001c4   0x080001c4   0x0000001a   Code   RO          592    !!handler_copy      c_w.l(__scatter_copy.o)
    0x080001de   0x080001de   0x00000002   PAD
    0x080001e0   0x080001e0   0x0000001c   Code   RO          594    !!handler_zi        c_w.l(__scatter_zi.o)
    0x080001fc   0x080001fc   0x00000002   Code   RO          466    .ARM.Collect$$libinit$$00000000  c_w.l(libinit.o)
    0x080001fe   0x080001fe   0x00000004   Code   RO          478    .ARM.Collect$$libinit$$00000001  c_w.l(libinit2.o)
    0x08000202   0x08000202   0x00000000   Code   RO          481    .ARM.Collect$$libinit$$00000004  c_w.l(libinit2.o)
    0x08000202   0x08000202   0x00000000   Code   RO          484    .ARM.Collect$$libinit$$0000000A  c_w.l(libinit2.o)
    0x08000202   0x08000202   0x00000000   Code   RO          486    .ARM.Collect$$libinit$$0000000C  c_w.l(libinit2.o)
    0x08000202   0x08000202   0x00000000   Code   RO          488    .ARM.Collect$$libinit$$0000000E  c_w.l(libinit2.o)
    0x08000202   0x08000202   0x00000000   Code   RO          491    .ARM.Collect$$libinit$$00000011  c_w.l(libinit2.o)
    0x08000202   0x08000202   0x00000000   Code   RO          493    .ARM.Collect$$libinit$$00000013  c_w.l(libinit2.o)
    0x08000202   0x08000202   0x00000000   Code   RO          495    .ARM.Collect$$libinit$$00000015  c_w.l(libinit2.o)
    0x08000202   0x08000202   0x00000000   Code   RO          497    .ARM.Collect$$libinit$$00000017  c_w.l(libinit2.o)
    0x08000202   0x08000202   0x00000000   Code   RO          499    .ARM.Collect$$libinit$$00000019  c_w.l(libinit2.o)
    0x08000202   0x08000202   0x00000000   Code   RO          501    .ARM.Collect$$libinit$$0000001B  c_w.l(libinit2.o)
    0x08000202   0x08000202   0x00000000   Code   RO          503    .ARM.Collect$$libinit$$0000001D  c_w.l(libinit2.o)
    0x08000202   0x08000202   0x00000000   Code   RO          505    .ARM.Collect$$libinit$$0000001F  c_w.l(libinit2.o)
    0x08000202   0x08000202   0x00000000   Code   RO          507    .ARM.Collect$$libinit$$00000021  c_w.l(libinit2.o)
    0x08000202   0x08000202   0x00000000   Code   RO          509    .ARM.Collect$$libinit$$00000023  c_w.l(libinit2.o)
    0x08000202   0x08000202   0x00000000   Code   RO          511    .ARM.Collect$$libinit$$00000025  c_w.l(libinit2.o)
    0x08000202   0x08000202   0x00000000   Code   RO          515    .ARM.Collect$$libinit$$0000002C  c_w.l(libinit2.o)
    0x08000202   0x08000202   0x00000000   Code   RO          517    .ARM.Collect$$libinit$$0000002E  c_w.l(libinit2.o)
    0x08000202   0x08000202   0x00000000   Code   RO          519    .ARM.Collect$$libinit$$00000030  c_w.l(libinit2.o)
    0x08000202   0x08000202   0x00000000   Code   RO          521    .ARM.Collect$$libinit$$00000032  c_w.l(libinit2.o)
    0x08000202   0x08000202   0x00000002   Code   RO          522    .ARM.Collect$$libinit$$00000033  c_w.l(libinit2.o)
    0x08000204   0x08000204   0x00000002   Code   RO          546    .ARM.Collect$$libshutdown$$00000000  c_w.l(libshutdown.o)
    0x08000206   0x08000206   0x00000000   Code   RO          572    .ARM.Collect$$libshutdown$$00000002  c_w.l(libshutdown2.o)
    0x08000206   0x08000206   0x00000000   Code   RO          574    .ARM.Collect$$libshutdown$$00000004  c_w.l(libshutdown2.o)
    0x08000206   0x08000206   0x00000000   Code   RO          577    .ARM.Collect$$libshutdown$$00000007  c_w.l(libshutdown2.o)
    0x08000206   0x08000206   0x00000000   Code   RO          580    .ARM.Collect$$libshutdown$$0000000A  c_w.l(libshutdown2.o)
    0x08000206   0x08000206   0x00000000   Code   RO          582    .ARM.Collect$$libshutdown$$0000000C  c_w.l(libshutdown2.o)
    0x08000206   0x08000206   0x00000000   Code   RO          585    .ARM.Collect$$libshutdown$$0000000F  c_w.l(libshutdown2.o)
    0x08000206   0x08000206   0x00000002   Code   RO          586    .ARM.Collect$$libshutdown$$00000010  c_w.l(libshutdown2.o)
    0x08000208   0x08000208   0x00000000   Code   RO          425    .ARM.Collect$$rtentry$$00000000  c_w.l(__rtentry.o)
    0x08000208   0x08000208   0x00000000   Code   RO          433    .ARM.Collect$$rtentry$$00000002  c_w.l(__rtentry2.o)
    0x08000208   0x08000208   0x00000006   Code   RO          445    .ARM.Collect$$rtentry$$00000004  c_w.l(__rtentry4.o)
    0x0800020e   0x0800020e   0x00000000   Code   RO          435    .ARM.Collect$$rtentry$$00000009  c_w.l(__rtentry2.o)
    0x0800020e   0x0800020e   0x00000004   Code   RO          436    .ARM.Collect$$rtentry$$0000000A  c_w.l(__rtentry2.o)
    0x08000212   0x08000212   0x00000000   Code   RO          438    .ARM.Collect$$rtentry$$0000000C  c_w.l(__rtentry2.o)
    0x08000212   0x08000212   0x00000008   Code   RO          439    .ARM.Collect$$rtentry$$0000000D  c_w.l(__rtentry2.o)
    0x0800021a   0x0800021a   0x00000002   Code   RO          470    .ARM.Collect$$rtexit$$00000000  c_w.l(rtexit.o)
    0x0800021c   0x0800021c   0x00000000   Code   RO          524    .ARM.Collect$$rtexit$$00000002  c_w.l(rtexit2.o)
    0x0800021c   0x0800021c   0x00000004   Code   RO          525    .ARM.Collect$$rtexit$$00000003  c_w.l(rtexit2.o)
    0x08000220   0x08000220   0x00000006   Code   RO          526    .ARM.Collect$$rtexit$$00000004  c_w.l(rtexit2.o)
    0x08000226   0x08000226   0x00000002   PAD
    0x08000228   0x08000228   0x00000012   Code   RO          270    .emb_text           hardfault.o
    0x0800023a   0x0800023a   0x00000002   PAD
    0x0800023c   0x0800023c   0x00000040   Code   RO            4    .text               retarget.o
    0x0800027c   0x0800027c   0x000000d8   Code   RO           67    .text               serial.o
    0x08000354   0x08000354   0x00000284   Code   RO           95    .text               main.o
    0x080005d8   0x080005d8   0x0000013c   Code   RO          159    .text               priority.o
    0x08000714   0x08000714   0x00000204   Code   RO          197    .text               os.o
    0x08000918   0x08000918   0x0000001e   Code   RO          245    .text               sleep.o
    0x08000936   0x08000936   0x00000002   PAD
    0x08000938   0x08000938   0x0000005c   Code   RO          271    .text               hardfault.o
    0x08000994   0x08000994   0x00000072   Code   RO          289    .text               mutex.o
    0x08000a06   0x08000a06   0x0000016a   Code   RO          310    .text               heap.o
    0x08000b70   0x08000b70   0x000000c0   Code   RO          325    .text               semaphore.o
    0x08000c30   0x08000c30   0x00000040   Code   RO          349    .text               mempool.o
    0x08000c70   0x08000c70   0x00000040   Code   RO          373    .text               startup_stm32f407xx.o
    0x08000cb0   0x08000cb0   0x00000214   Code   RO          380    .text               system_stm32f4xx.o
    0x08000ec4   0x08000ec4   0x00000002   Code   RO          411    .text               c_w.l(use_no_semi.o)
    0x08000ec6   0x08000ec6   0x000000ee   Code   RO          413    .text               c_w.l(lludivv7m.o)
    0x08000fb4   0x08000fb4   0x00000018   Code   RO          417    .text               c_w.l(noretval__2printf.o)
    0x08000fcc   0x08000fcc   0x0000004e   Code   RO          419    .text               c_w.l(rt_memclr_w.o)
    0x0800101a   0x0800101a   0x00000006   Code   RO          421    .text               c_w.l(heapauxi.o)
    0x08001020   0x08001020   0x00000024   Code   RO          430    .text               c_w.l(_printf_char_file.o)
    0x08001044   0x08001044   0x00000030   Code   RO          449    .text               c_w.l(_printf_char_common.o)
    0x08001074   0x08001074   0x0000004a   Code   RO          451    .text               c_w.l(sys_stackheap_outer.o)
    0x080010be   0x080010be   0x00000028   Code   RO          453    .text               c_w.l(__printf_nopercent.o)
    0x080010e6   0x080010e6   0x00000012   Code   RO          455    .text               c_w.l(exit.o)
    0x080010f8   0x080010f8   0x00000008   Code   RO          467    .text               c_w.l(libspace.o)
    0x08001100   0x08001100   0x00000094   Code   RO          191    OS_func             os_asm.o
    0x08001194   0x08001194   0x0000000a   Code   RO          536    x$fpl$fpinit        fz_wm.l(fpinit.o)
    0x0800119e   0x0800119e   0x00000002   PAD
    0x080011a0   0x080011a0   0x00000018   Data   RO          161    .constdata          priority.o
    0x080011b8   0x080011b8   0x00000004   Data   RO          199    .constdata          os.o
    0x080011bc   0x080011bc   0x00000010   Data   RO          381    .constdata          system_stm32f4xx.o
    0x080011cc   0x080011cc   0x00000020   Data   RO          588    Region$$Table       anon$$obj.o


    Execution Region RW_IRAM1 (Exec base: 0x20000000, Load base: 0x080011ec, Size: 0x00000ea0, Max: 0x00020000, ABSOLUTE)

    Exec Addr    Load Addr    Size         Type   Attr      Idx    E Section Name        Object

    0x20000000   0x080011ec   0x00000004   Data   RW            5    .data               retarget.o
    0x20000004   0x080011f0   0x00000028   Data   RW           68    .data               serial.o
    0x2000002c   0x08001218   0x00000010   Data   RW           97    .data               main.o
    0x2000003c   0x08001228   0x00000010   Data   RW          162    .data               priority.o
    0x2000004c   0x08001238   0x00000028   Data   RW          200    .data               os.o
    0x20000074   0x08001260   0x00000004   Data   RW          382    .data               system_stm32f4xx.o
    0x20000078        -       0x00000748   Zero   RW           96    .bss                main.o
    0x200007c0        -       0x00000040   Zero   RW          160    .bss                priority.o
    0x20000800        -       0x00000040   Zero   RW          198    .bss                os.o
    0x20000840        -       0x00000060   Zero   RW          468    .bss                c_w.l(libspace.o)
    0x200008a0        -       0x00000200   Zero   RW          371    HEAP                startup_stm32f407xx.o
    0x20000aa0        -       0x00000400   Zero   RW          370    STACK               startup_stm32f407xx.o


==============================================================================

Image component sizes


      Code (inc. data)   RO Data    RW Data    ZI Data      Debug   Object Name

       110          6          0          0          0       1641   hardfault.o
       362          0          0          0          0       2446   heap.o
       644        258          0         16       1864       5508   main.o
        64          0          0          0          0       1486   mempool.o
       114          0          0          0          0       1471   mutex.o
       516         32          4         40         64      36359   os.o
       148         40          0          0          0        304   os_asm.o
       316         24         24         16         64       2936   priority.o
        64          4          0          4          0     567125   retarget.o
       192          4          0          0          0       1891   semaphore.o
       216         24          0         40          0        798   serial.o
        30          0          0          0          0        831   sleep.o
        64         26        392          0       1536        892   startup_stm32f407xx.o
       532         44         16          4          0       2111   system_stm32f4xx.o

    ----------------------------------------------------------------------
      3376        462        468        120       3528     625799   Object Totals
         0          0         32          0          0          0   (incl. Generated)
         4          0          0          0          0          0   (incl. Padding)

    ----------------------------------------------------------------------

      Code (inc. data)   RO Data    RW Data    ZI Data      Debug   Library Member Name

         8          0          0          0          0         68   __main.o
        40          0          0          0          0         84   __printf_nopercent.o
         0          0          0          0          0          0   __rtentry.o
        12          0          0          0          0          0   __rtentry2.o
         6          0          0          0          0          0   __rtentry4.o
        52          8          0          0          0          0   __scatter.o
        26          0          0          0          0          0   __scatter_copy.o
        28          0          0          0          0          0   __scatter_zi.o
        48          6          0          0          0         96   _printf_char_common.o
        36          4          0          0          0         80   _printf_char_file.o
        18          0          0          0          0         80   exit.o
         6          0          0          0          0        152   heapauxi.o
         2          0          0          0          0          0   libinit.o
         6          0          0          0          0          0   libinit2.o
         2          0          0          0          0          0   libshutdown.o
         2          0          0          0          0          0   libshutdown2.o
         8          4          0          0         96         68   libspace.o
       238          0          0          0          0        100   lludivv7m.o
        24          4          0          0          0         84   noretval__2printf.o
        78          0          0          0          0         80   rt_memclr_w.o
         2          0          0          0          0          0   rtexit.o
        10          0          0          0          0          0   rtexit2.o
        74          0          0          0          0         80   sys_stackheap_outer.o
         2          0          0          0          0         68   use_no_semi.o
        10          0          0          0          0        116   fpinit.o

    ----------------------------------------------------------------------
       744         26          0          0         96       1156   Library Totals
         6          0          0          0          0          0   (incl. Padding)

    ----------------------------------------------------------------------

      Code (inc. data)   RO Data    RW Data    ZI Data      Debug   Library Name

       728         26          0          0         96       1040   c_w.l
        10          0          0          0          0        116   fz_wm.l

    ----------------------------------------------------------------------
       744         26          0          0         96       1156   Library Totals

    ----------------------------------------------------------------------

==============================================================================


      Code (inc. data)   RO Data    RW Data    ZI Data      Debug   

      4120        488        468        120       3624     624639   Grand Totals
      4120        488        468        120       3624     624639   ELF Image Totals
      4120        488        468        120          0          0   ROM Totals

==============================================================================

    Total RO  Size (Code + RO Data)                 4588 (   4.48kB)
    Total RW  Size (RW Data + ZI Data)              3744 (   3.66kB)
    Total ROM Size (Code + RO Data + RW Data)       4708 (   4.60kB)

==============================================================================

