


ARM Macro Assembler    Page 1 


    1 00000000                 AREA             utils, CODE, READONLY
    2 00000000         
    3 00000000         ; Export function locations
    4 00000000                 EXPORT           getPSR
    5 00000000                 EXPORT           getCONTROL
    6 00000000         
    7 00000000         getPSR
    8 00000000 F3EF 8003       MRS              r0, psr
    9 00000004         
   10 00000004         getCONTROL
   11 00000004 F3EF 8014       MRS              r0, control
   12 00000008         
   13 00000008         END
   14 00000008         
                       
Command Line: --debug --xref --diag_suppress=9931 --cpu=Cortex-M4.fp --apcs=int
erwork --depend=.\flash\utils_asm.d -o.\flash\utils_asm.o -I.\RTE\_STM32F407_Fl
ash -IC:\KEIL_V5\ARM\PACK\ARM\CMSIS\5.0.1\CMSIS\Include -IC:\KEIL_V5\ARM\PACK\K
eil\STM32F4xx_DFP\2.11.0\Drivers\CMSIS\Device\ST\STM32F4xx\Include --predefine=
"__UVISION_VERSION SETA 523" --predefine="_RTE_ SETA 1" --predefine="STM32F407x
x SETA 1" --list=.\flash\utils_asm.lst utils_asm.s



ARM Macro Assembler    Page 1 Alphabetic symbol ordering
Relocatable symbols

END 00000008

Symbol: END
   Definitions
      At line 13 in file utils_asm.s
   Uses
      None
Comment: END unused
getCONTROL 00000004

Symbol: getCONTROL
   Definitions
      At line 10 in file utils_asm.s
   Uses
      At line 5 in file utils_asm.s
Comment: getCONTROL used once
getPSR 00000000

Symbol: getPSR
   Definitions
      At line 7 in file utils_asm.s
   Uses
      At line 4 in file utils_asm.s
Comment: getPSR used once
utils 00000000

Symbol: utils
   Definitions
      At line 1 in file utils_asm.s
   Uses
      None
Comment: utils unused
4 symbols
338 symbols in table
