


ARM Macro Assembler    Page 1 


    1 00000000                 AREA             mainarea,CODE
    2 00000000                 EXPORT           __main
    3 00000000         __main
    4 00000000         
    5 00000000         ; Your instructions go here...
    6 00000000 F04F 0005       MOV              r0, #5      ;Moves 0 into r0
    7 00000004 F04F 0100       MOV              r1, #0      ;Moves 0 into r1
    8 00000008         
    9 00000008 EB00 01C0       ADD              r1, r0, r0, LSL #3 ; r1 = r0 + 
                                                            8r0 = 9r0
   10 0000000C EB01 0180       ADD              r1, r1, r0, LSL #2 ; r1 = r1 + 
                                                            4r0 = 9r0 + 4r0 = 1
                                                            3 r0
   11 00000010         
   12 00000010 E7FE            B                .           ; Loop forever
   13 00000012         
   14 00000012                 END
Command Line: --debug --xref --diag_suppress=9931 --cpu=Cortex-M4.fp.sp --apcs=
interwork --depend=.\flash\main.d -o.\flash\main.o -I.\RTE\_STM32F407_Flash -IC
:\Users\aiden\AppData\Local\Arm\Packs\ARM\CMSIS\5.7.0\CMSIS\Core\Include -IC:\U
sers\aiden\AppData\Local\Arm\Packs\Keil\STM32F4xx_DFP\2.14.0\Drivers\CMSIS\Devi
ce\ST\STM32F4xx\Include --predefine="__EVAL SETA 1" --predefine="__UVISION_VERS
ION SETA 530" --predefine="_RTE_ SETA 1" --predefine="STM32F407xx SETA 1" --pre
define="_RTE_ SETA 1" --list=.\flash\main.lst main.s



ARM Macro Assembler    Page 1 Alphabetic symbol ordering
Relocatable symbols

__main 00000000

Symbol: __main
   Definitions
      At line 3 in file main.s
   Uses
      At line 2 in file main.s
Comment: __main used once
mainarea 00000000

Symbol: mainarea
   Definitions
      At line 1 in file main.s
   Uses
      None
Comment: mainarea unused
2 symbols
337 symbols in table
