


ARM Macro Assembler    Page 1 


    1 00000000                 AREA             asm,CODE
    2 00000000         
    3 00000000         ; Your code goes here...
    4 00000000                 IMPORT           report
    5 00000000                 EXPORT           process
    6 00000000         
    7 00000000         process
    8 00000000 E92D 4FF1       STMFD            sp!, {r0, r4- r11, lr}
    9 00000004         
   10 00000004 E890 00F0       LDMIA            r0, {r4-r7}
   11 00000008 4425            ADD              r5, r5, r4
   12 0000000A         
   13 0000000A E880 00F0       STMIA            r0, {r4-r7}
   14 0000000E 4630            MOV              r0, r6
   15 00000010         
   16 00000010 47B8            BLX              r7
   17 00000012         
   18 00000012 E8BD 4FF1       LDMFD            sp!, {r0, r4- r11, lr}
   19 00000016         
   20 00000016         
   21 00000016                 END
Command Line: --debug --xref --diag_suppress=9931 --cpu=Cortex-M4.fp --apcs=int
erwork --depend=.\flash\asm.d -o.\flash\asm.o -I.\RTE\_STM32F407_Flash -IC:\KEI
L_V5\ARM\PACK\ARM\CMSIS\5.0.1\CMSIS\Include -IC:\KEIL_V5\ARM\PACK\Keil\STM32F4x
x_DFP\2.11.0\Drivers\CMSIS\Device\ST\STM32F4xx\Include --predefine="__EVAL SETA
 1" --predefine="__UVISION_VERSION SETA 523" --predefine="_RTE_ SETA 1" --prede
fine="STM32F407xx SETA 1" --list=.\flash\asm.lst asm.s



ARM Macro Assembler    Page 1 Alphabetic symbol ordering
Relocatable symbols

asm 00000000

Symbol: asm
   Definitions
      At line 1 in file asm.s
   Uses
      None
Comment: asm unused
process 00000000

Symbol: process
   Definitions
      At line 7 in file asm.s
   Uses
      At line 5 in file asm.s
Comment: process used once
2 symbols



ARM Macro Assembler    Page 1 Alphabetic symbol ordering
External symbols

report 00000000

Symbol: report
   Definitions
      At line 4 in file asm.s
   Uses
      None
Comment: report unused
1 symbol
338 symbols in table
