


ARM Macro Assembler    Page 1 


    1 00000000                 AREA             asm,CODE
    2 00000000         
    3 00000000                 EXPORT           calculate
    4 00000000         
    5 00000000         calculate
    6 00000000 B507            STMFD            sp!, {r0, r1, r2, lr} ; //Pushi
                                                            ng registers
    7 00000002         
    8 00000002 EB00 0080       ADD              r0, r0, r0, LSL #2 ; r0 = r0 + 
                                                            4r0 = 5r0 => 5x
    9 00000006 4408            ADD              r0, r0, r1  ; r0 = 5r0 + r1 => 
                                                            5x + y
   10 00000008 4770            BX               lr
   11 0000000A         
   12 0000000A BD04            LDMFD            sp!, {r2, pc} ; //Poping regist
                                                            ers
   13 0000000C         
   14 0000000C                 END
Command Line: --debug --xref --diag_suppress=9931 --cpu=Cortex-M4.fp.sp --apcs=
interwork --depend=.\flash\asm.d -o.\flash\asm.o -I.\RTE\_STM32F407_Flash -IC:\
Users\aiden\AppData\Local\Arm\Packs\ARM\CMSIS\5.7.0\CMSIS\Core\Include -IC:\Use
rs\aiden\AppData\Local\Arm\Packs\Keil\STM32F4xx_DFP\2.14.0\Drivers\CMSIS\Device
\ST\STM32F4xx\Include --predefine="__EVAL SETA 1" --predefine="__UVISION_VERSIO
N SETA 530" --predefine="_RTE_ SETA 1" --predefine="STM32F407xx SETA 1" --prede
fine="_RTE_ SETA 1" --list=.\flash\asm.lst asm.s



ARM Macro Assembler    Page 1 Alphabetic symbol ordering
Relocatable symbols

asm 00000000

Symbol: asm
   Definitions
      At line 1 in file asm.s
   Uses
      None
Comment: asm unused
calculate 00000000

Symbol: calculate
   Definitions
      At line 5 in file asm.s
   Uses
      At line 3 in file asm.s
Comment: calculate used once
2 symbols
337 symbols in table
