


ARM Macro Assembler    Page 1 


    1 00000000                 AREA             utils, CODE, READONLY
    2 00000000         
    3 00000000                 EXPORT           getPSR
    4 00000000                 EXPORT           getCONTROL
    5 00000000         
    6 00000000         getPSR
    7 00000000 B510            STMFD            sp!, {r4, lr}
    8 00000002         
    9 00000002 F3EF 8003       MRS              r0, psr
   10 00000006         
   11 00000006 BD10            LDMFD            sp!, {r4, pc}
   12 00000008         
   13 00000008         getCONTROL
   14 00000008 B510            STMFD            sp!, {r4, lr}
   15 0000000A         
   16 0000000A F3EF 8014       MRS              r0, control
   17 0000000E         
   18 0000000E BD10            LDMFD            sp!, {r4, pc}
   19 00000010         
   20 00000010                 END
Command Line: --debug --xref --diag_suppress=9931 --cpu=Cortex-M4.fp.sp --apcs=
interwork --depend=.\flash\utils_asm.d -o.\flash\utils_asm.o -I.\RTE\_STM32F407
_Flash -IC:\Users\aiden\AppData\Local\Arm\Packs\ARM\CMSIS\5.7.0\CMSIS\Core\Incl
ude -IC:\Users\aiden\AppData\Local\Arm\Packs\Keil\STM32F4xx_DFP\2.14.0\Drivers\
CMSIS\Device\ST\STM32F4xx\Include --predefine="__EVAL SETA 1" --predefine="__UV
ISION_VERSION SETA 530" --predefine="_RTE_ SETA 1" --predefine="STM32F407xx SET
A 1" --predefine="_RTE_ SETA 1" --list=.\flash\utils_asm.lst utils_asm.s



ARM Macro Assembler    Page 1 Alphabetic symbol ordering
Relocatable symbols

getCONTROL 00000008

Symbol: getCONTROL
   Definitions
      At line 13 in file utils_asm.s
   Uses
      At line 4 in file utils_asm.s
Comment: getCONTROL used once
getPSR 00000000

Symbol: getPSR
   Definitions
      At line 6 in file utils_asm.s
   Uses
      At line 3 in file utils_asm.s
Comment: getPSR used once
utils 00000000

Symbol: utils
   Definitions
      At line 1 in file utils_asm.s
   Uses
      None
Comment: utils unused
3 symbols
338 symbols in table
